<?xml version="1.0"?>
<link_info>
   <banner>TI ARM Linker PC v5.2.2</banner>
   <copyright>Copyright (c) 1996-2015 Texas Instruments Incorporated</copyright>
   <link_time>0x552cdefa</link_time>
   <link_errors>0x0</link_errors>
   <output_file>freertos_demo.out</output_file>
   <entry_point>
      <name>_c_int00</name>
      <address>0x40ed</address>
   </entry_point>
   <input_file_list>
      <input_file id="fl-2">
         <path>.\</path>
         <kind>object</kind>
         <file>freertos_demo.obj</file>
         <name>freertos_demo.obj</name>
      </input_file>
      <input_file id="fl-3">
         <path>.\</path>
         <kind>object</kind>
         <file>graphics.obj</file>
         <name>graphics.obj</name>
      </input_file>
      <input_file id="fl-4">
         <path>.\</path>
         <kind>object</kind>
         <file>lcd.obj</file>
         <name>lcd.obj</name>
      </input_file>
      <input_file id="fl-5">
         <path>.\</path>
         <kind>object</kind>
         <file>led_task.obj</file>
         <name>led_task.obj</name>
      </input_file>
      <input_file id="fl-6">
         <path>.\</path>
         <kind>object</kind>
         <file>screen_task.obj</file>
         <name>screen_task.obj</name>
      </input_file>
      <input_file id="fl-7">
         <path>.\</path>
         <kind>object</kind>
         <file>startup_ccs.obj</file>
         <name>startup_ccs.obj</name>
      </input_file>
      <input_file id="fl-8">
         <path>.\</path>
         <kind>object</kind>
         <file>switch_task.obj</file>
         <name>switch_task.obj</name>
      </input_file>
      <input_file id="fl-9">
         <path>.\</path>
         <kind>object</kind>
         <file>tiva.obj</file>
         <name>tiva.obj</name>
      </input_file>
      <input_file id="fl-a">
         <path>.\utils\</path>
         <kind>object</kind>
         <file>uartstdio.obj</file>
         <name>uartstdio.obj</name>
      </input_file>
      <input_file id="fl-b">
         <path>.\utils\</path>
         <kind>object</kind>
         <file>ustdlib.obj</file>
         <name>ustdlib.obj</name>
      </input_file>
      <input_file id="fl-c">
         <path>.\third_party\FreeRTOS\Source\</path>
         <kind>object</kind>
         <file>list.obj</file>
         <name>list.obj</name>
      </input_file>
      <input_file id="fl-d">
         <path>.\third_party\FreeRTOS\Source\</path>
         <kind>object</kind>
         <file>queue.obj</file>
         <name>queue.obj</name>
      </input_file>
      <input_file id="fl-e">
         <path>.\third_party\FreeRTOS\Source\</path>
         <kind>object</kind>
         <file>tasks.obj</file>
         <name>tasks.obj</name>
      </input_file>
      <input_file id="fl-f">
         <path>.\third_party\FreeRTOS\Source\portable\MemMang\</path>
         <kind>object</kind>
         <file>heap_2.obj</file>
         <name>heap_2.obj</name>
      </input_file>
      <input_file id="fl-10">
         <path>.\third_party\FreeRTOS\Source\portable\CCS\ARM_CM4F\</path>
         <kind>object</kind>
         <file>port.obj</file>
         <name>port.obj</name>
      </input_file>
      <input_file id="fl-11">
         <path>.\third_party\FreeRTOS\Source\portable\CCS\ARM_CM4F\</path>
         <kind>object</kind>
         <file>portasm.obj</file>
         <name>portasm.obj</name>
      </input_file>
      <input_file id="fl-12">
         <path>.\drivers\</path>
         <kind>object</kind>
         <file>buttons.obj</file>
         <name>buttons.obj</name>
      </input_file>
      <input_file id="fl-13">
         <path>.\drivers\</path>
         <kind>object</kind>
         <file>rgb.obj</file>
         <name>rgb.obj</name>
      </input_file>
      <input_file id="fl-13a">
         <path>C:\ti\ccsv6\tools\compiler\ti-cgt-arm_5.2.2\lib\</path>
         <kind>archive</kind>
         <file>rtsv7M4_T_le_v4SPD16_eabi.lib</file>
         <name>boot.obj</name>
      </input_file>
      <input_file id="fl-13b">
         <path>C:\ti\ccsv6\tools\compiler\ti-cgt-arm_5.2.2\lib\</path>
         <kind>archive</kind>
         <file>rtsv7M4_T_le_v4SPD16_eabi.lib</file>
         <name>copy_decompress_none.obj</name>
      </input_file>
      <input_file id="fl-13c">
         <path>C:\ti\ccsv6\tools\compiler\ti-cgt-arm_5.2.2\lib\</path>
         <kind>archive</kind>
         <file>rtsv7M4_T_le_v4SPD16_eabi.lib</file>
         <name>copy_decompress_rle.obj</name>
      </input_file>
      <input_file id="fl-13d">
         <path>C:\ti\ccsv6\tools\compiler\ti-cgt-arm_5.2.2\lib\</path>
         <kind>archive</kind>
         <file>rtsv7M4_T_le_v4SPD16_eabi.lib</file>
         <name>copy_zero_init.obj</name>
      </input_file>
      <input_file id="fl-13e">
         <path>C:\ti\ccsv6\tools\compiler\ti-cgt-arm_5.2.2\lib\</path>
         <kind>archive</kind>
         <file>rtsv7M4_T_le_v4SPD16_eabi.lib</file>
         <name>cos.obj</name>
      </input_file>
      <input_file id="fl-13f">
         <path>C:\ti\ccsv6\tools\compiler\ti-cgt-arm_5.2.2\lib\</path>
         <kind>archive</kind>
         <file>rtsv7M4_T_le_v4SPD16_eabi.lib</file>
         <name>exit.obj</name>
      </input_file>
      <input_file id="fl-140">
         <path>C:\ti\ccsv6\tools\compiler\ti-cgt-arm_5.2.2\lib\</path>
         <kind>archive</kind>
         <file>rtsv7M4_T_le_v4SPD16_eabi.lib</file>
         <name>fd_add_t2.obj</name>
      </input_file>
      <input_file id="fl-141">
         <path>C:\ti\ccsv6\tools\compiler\ti-cgt-arm_5.2.2\lib\</path>
         <kind>archive</kind>
         <file>rtsv7M4_T_le_v4SPD16_eabi.lib</file>
         <name>fd_div_t2.obj</name>
      </input_file>
      <input_file id="fl-142">
         <path>C:\ti\ccsv6\tools\compiler\ti-cgt-arm_5.2.2\lib\</path>
         <kind>archive</kind>
         <file>rtsv7M4_T_le_v4SPD16_eabi.lib</file>
         <name>fd_mul_t2.obj</name>
      </input_file>
      <input_file id="fl-143">
         <path>C:\ti\ccsv6\tools\compiler\ti-cgt-arm_5.2.2\lib\</path>
         <kind>archive</kind>
         <file>rtsv7M4_T_le_v4SPD16_eabi.lib</file>
         <name>fd_toi_t2.obj</name>
      </input_file>
      <input_file id="fl-144">
         <path>C:\ti\ccsv6\tools\compiler\ti-cgt-arm_5.2.2\lib\</path>
         <kind>archive</kind>
         <file>rtsv7M4_T_le_v4SPD16_eabi.lib</file>
         <name>fs_toull_t2.obj</name>
      </input_file>
      <input_file id="fl-145">
         <path>C:\ti\ccsv6\tools\compiler\ti-cgt-arm_5.2.2\lib\</path>
         <kind>archive</kind>
         <file>rtsv7M4_T_le_v4SPD16_eabi.lib</file>
         <name>i_tofd_t2.obj</name>
      </input_file>
      <input_file id="fl-146">
         <path>C:\ti\ccsv6\tools\compiler\ti-cgt-arm_5.2.2\lib\</path>
         <kind>archive</kind>
         <file>rtsv7M4_T_le_v4SPD16_eabi.lib</file>
         <name>memcmp.obj</name>
      </input_file>
      <input_file id="fl-147">
         <path>C:\ti\ccsv6\tools\compiler\ti-cgt-arm_5.2.2\lib\</path>
         <kind>archive</kind>
         <file>rtsv7M4_T_le_v4SPD16_eabi.lib</file>
         <name>memcpy_t2.obj</name>
      </input_file>
      <input_file id="fl-148">
         <path>C:\ti\ccsv6\tools\compiler\ti-cgt-arm_5.2.2\lib\</path>
         <kind>archive</kind>
         <file>rtsv7M4_T_le_v4SPD16_eabi.lib</file>
         <name>memset_t2.obj</name>
      </input_file>
      <input_file id="fl-149">
         <path>C:\ti\ccsv6\tools\compiler\ti-cgt-arm_5.2.2\lib\</path>
         <kind>archive</kind>
         <file>rtsv7M4_T_le_v4SPD16_eabi.lib</file>
         <name>pre_init.obj</name>
      </input_file>
      <input_file id="fl-14a">
         <path>C:\ti\ccsv6\tools\compiler\ti-cgt-arm_5.2.2\lib\</path>
         <kind>archive</kind>
         <file>rtsv7M4_T_le_v4SPD16_eabi.lib</file>
         <name>sin.obj</name>
      </input_file>
      <input_file id="fl-14b">
         <path>C:\ti\ccsv6\tools\compiler\ti-cgt-arm_5.2.2\lib\</path>
         <kind>archive</kind>
         <file>rtsv7M4_T_le_v4SPD16_eabi.lib</file>
         <name>stkdepth_vars.obj</name>
      </input_file>
      <input_file id="fl-14c">
         <path>C:\ti\ccsv6\tools\compiler\ti-cgt-arm_5.2.2\lib\</path>
         <kind>archive</kind>
         <file>rtsv7M4_T_le_v4SPD16_eabi.lib</file>
         <name>u_divt2.obj</name>
      </input_file>
      <input_file id="fl-14d">
         <path>C:\ti\ccsv6\tools\compiler\ti-cgt-arm_5.2.2\lib\</path>
         <kind>archive</kind>
         <file>rtsv7M4_T_le_v4SPD16_eabi.lib</file>
         <name>xsin.obj</name>
      </input_file>
      <input_file id="fl-14e">
         <path>C:\ti\ccsv6\tools\compiler\ti-cgt-arm_5.2.2\lib\</path>
         <kind>archive</kind>
         <file>rtsv7M4_T_le_v4SPD16_eabi.lib</file>
         <name>xvalues.obj</name>
      </input_file>
      <input_file id="fl-14f">
         <path>C:\ti\ccsv6\tools\compiler\ti-cgt-arm_5.2.2\lib\</path>
         <kind>archive</kind>
         <file>rtsv7M4_T_le_v4SPD16_eabi.lib</file>
         <name>_lock.obj</name>
      </input_file>
      <input_file id="fl-150">
         <path>C:\ti\ccsv6\tools\compiler\ti-cgt-arm_5.2.2\lib\</path>
         <kind>archive</kind>
         <file>rtsv7M4_T_le_v4SPD16_eabi.lib</file>
         <name>args_main.obj</name>
      </input_file>
      <input_file id="fl-151">
         <path>C:\ti\ccsv6\tools\compiler\ti-cgt-arm_5.2.2\lib\</path>
         <kind>archive</kind>
         <file>rtsv7M4_T_le_v4SPD16_eabi.lib</file>
         <name>autoinit.obj</name>
      </input_file>
      <input_file id="fl-152">
         <path>C:\ti\ccsv6\tools\compiler\ti-cgt-arm_5.2.2\lib\</path>
         <kind>archive</kind>
         <file>rtsv7M4_T_le_v4SPD16_eabi.lib</file>
         <name>cpy_tbl.obj</name>
      </input_file>
      <input_file id="fl-153">
         <path>C:\ti\ccsv6\tools\compiler\ti-cgt-arm_5.2.2\lib\</path>
         <kind>archive</kind>
         <file>rtsv7M4_T_le_v4SPD16_eabi.lib</file>
         <name>fd_cmp_t2.obj</name>
      </input_file>
      <input_file id="fl-154">
         <path>C:\ti\ccsv6\tools\compiler\ti-cgt-arm_5.2.2\lib\</path>
         <kind>archive</kind>
         <file>rtsv7M4_T_le_v4SPD16_eabi.lib</file>
         <name>fmod.obj</name>
      </input_file>
      <input_file id="fl-155">
         <path>C:\ti\ccsv6\tools\compiler\ti-cgt-arm_5.2.2\lib\</path>
         <kind>archive</kind>
         <file>rtsv7M4_T_le_v4SPD16_eabi.lib</file>
         <name>xdnorm.obj</name>
      </input_file>
      <input_file id="fl-156">
         <path>C:\ti\ccsv6\tools\compiler\ti-cgt-arm_5.2.2\lib\</path>
         <kind>archive</kind>
         <file>rtsv7M4_T_le_v4SPD16_eabi.lib</file>
         <name>xdscale.obj</name>
      </input_file>
      <input_file id="fl-157">
         <path>C:\ti\ccsv6\tools\compiler\ti-cgt-arm_5.2.2\lib\</path>
         <kind>archive</kind>
         <file>rtsv7M4_T_le_v4SPD16_eabi.lib</file>
         <name>xferaise.obj</name>
      </input_file>
      <input_file id="fl-158">
         <path>C:\ti\ccsv6\tools\compiler\ti-cgt-arm_5.2.2\lib\</path>
         <kind>archive</kind>
         <file>rtsv7M4_T_le_v4SPD16_eabi.lib</file>
         <name>errno.obj</name>
      </input_file>
      <input_file id="fl-159">
         <path>C:\ti\ccsv6\tools\compiler\ti-cgt-arm_5.2.2\lib\</path>
         <kind>archive</kind>
         <file>rtsv7M4_T_le_v4SPD16_eabi.lib</file>
         <name>feraiseexcept.obj</name>
      </input_file>
      <input_file id="fl-15a">
         <path>C:\ti\ccsv6\tools\compiler\ti-cgt-arm_5.2.2\lib\</path>
         <kind>archive</kind>
         <file>rtsv7M4_T_le_v4SPD16_eabi.lib</file>
         <name>raise.obj</name>
      </input_file>
      <input_file id="fl-15b">
         <path>C:\ti\ccsv6\tools\compiler\ti-cgt-arm_5.2.2\lib\</path>
         <kind>archive</kind>
         <file>rtsv7M4_T_le_v4SPD16_eabi.lib</file>
         <name>signal.obj</name>
      </input_file>
      <input_file id="fl-15c">
         <path>c:\ti\TivaWare_C_Series-2.1.0.12573\examples\boards\ek-tm4c123gxl\freertos_demo\ccs\..\..\..\..\..\driverlib\ccs\Debug\</path>
         <kind>archive</kind>
         <file>driverlib.lib</file>
         <name>uart.obj</name>
      </input_file>
      <input_file id="fl-15d">
         <path>c:\ti\TivaWare_C_Series-2.1.0.12573\examples\boards\ek-tm4c123gxl\freertos_demo\ccs\..\..\..\..\..\driverlib\ccs\Debug\</path>
         <kind>archive</kind>
         <file>driverlib.lib</file>
         <name>sysctl.obj</name>
      </input_file>
      <input_file id="fl-15e">
         <path>c:\ti\TivaWare_C_Series-2.1.0.12573\examples\boards\ek-tm4c123gxl\freertos_demo\ccs\..\..\..\..\..\driverlib\ccs\Debug\</path>
         <kind>archive</kind>
         <file>driverlib.lib</file>
         <name>interrupt.obj</name>
      </input_file>
      <input_file id="fl-15f">
         <path>c:\ti\TivaWare_C_Series-2.1.0.12573\examples\boards\ek-tm4c123gxl\freertos_demo\ccs\..\..\..\..\..\driverlib\ccs\Debug\</path>
         <kind>archive</kind>
         <file>driverlib.lib</file>
         <name>cpu.obj</name>
      </input_file>
   </input_file_list>
   <object_component_list>
      <object_component id="oc-f">
         <name>.intvecs</name>
         <load_address>0x0</load_address>
         <run_address>0x0</run_address>
         <size>0x26c</size>
         <input_file_ref idref="fl-7"/>
      </object_component>
      <object_component id="oc-21c">
         <name>.text:ScreenTask</name>
         <load_address>0x26c</load_address>
         <run_address>0x26c</run_address>
         <size>0x384</size>
         <input_file_ref idref="fl-6"/>
      </object_component>
      <object_component id="oc-3d1">
         <name>.text:showAnalogAccel</name>
         <load_address>0x5f0</load_address>
         <run_address>0x5f0</run_address>
         <size>0x330</size>
         <input_file_ref idref="fl-6"/>
      </object_component>
      <object_component id="oc-3d7">
         <name>.text:showAnalogSpeed</name>
         <load_address>0x920</load_address>
         <run_address>0x920</run_address>
         <size>0x328</size>
         <input_file_ref idref="fl-6"/>
      </object_component>
      <object_component id="oc-3cb">
         <name>.text:showAnalogGForce</name>
         <load_address>0xc48</load_address>
         <run_address>0xc48</run_address>
         <size>0x324</size>
         <input_file_ref idref="fl-6"/>
      </object_component>
      <object_component id="oc-508">
         <name>.text</name>
         <load_address>0xf6c</load_address>
         <run_address>0xf6c</run_address>
         <size>0x294</size>
         <input_file_ref idref="fl-14d"/>
      </object_component>
      <object_component id="oc-4f5">
         <name>.text:uvsnprintf</name>
         <load_address>0x1200</load_address>
         <run_address>0x1200</run_address>
         <size>0x24d</size>
         <input_file_ref idref="fl-b"/>
      </object_component>
      <object_component id="oc-36">
         <name>.text:FaultISR</name>
         <load_address>0x144e</load_address>
         <run_address>0x144e</run_address>
         <size>0x2</size>
         <input_file_ref idref="fl-7"/>
      </object_component>
      <object_component id="oc-3a4">
         <name>.text:menuScreen</name>
         <load_address>0x1450</load_address>
         <run_address>0x1450</run_address>
         <size>0x200</size>
         <input_file_ref idref="fl-6"/>
      </object_component>
      <object_component id="oc-197">
         <name>.text:UARTvprintf</name>
         <load_address>0x1650</load_address>
         <run_address>0x1650</run_address>
         <size>0x1ea</size>
         <input_file_ref idref="fl-a"/>
      </object_component>
      <object_component id="oc-4b7">
         <name>.text</name>
         <load_address>0x183a</load_address>
         <run_address>0x183a</run_address>
         <size>0x1b6</size>
         <input_file_ref idref="fl-140"/>
      </object_component>
      <object_component id="oc-130">
         <name>.text:ScreenTaskInit</name>
         <load_address>0x19f0</load_address>
         <run_address>0x19f0</run_address>
         <size>0x1a8</size>
         <input_file_ref idref="fl-6"/>
      </object_component>
      <object_component id="oc-526">
         <name>.text</name>
         <load_address>0x1b98</load_address>
         <run_address>0x1b98</run_address>
         <size>0x174</size>
         <input_file_ref idref="fl-154"/>
      </object_component>
      <object_component id="oc-3aa">
         <name>.text:diaMassScreen</name>
         <load_address>0x1d0c</load_address>
         <run_address>0x1d0c</run_address>
         <size>0x168</size>
         <input_file_ref idref="fl-6"/>
      </object_component>
      <object_component id="oc-229">
         <name>.text:SwitchTask</name>
         <load_address>0x1e74</load_address>
         <run_address>0x1e74</run_address>
         <size>0x160</size>
         <input_file_ref idref="fl-8"/>
      </object_component>
      <object_component id="oc-3b6">
         <name>.text:algDgtScreen</name>
         <load_address>0x1fd4</load_address>
         <run_address>0x1fd4</run_address>
         <size>0x160</size>
         <input_file_ref idref="fl-6"/>
      </object_component>
      <object_component id="oc-3b0">
         <name>.text:timDatScreen</name>
         <load_address>0x2134</load_address>
         <run_address>0x2134</run_address>
         <size>0x160</size>
         <input_file_ref idref="fl-6"/>
      </object_component>
      <object_component id="oc-4ac">
         <name>.text</name>
         <load_address>0x2294</load_address>
         <run_address>0x2294</run_address>
         <size>0x136</size>
         <input_file_ref idref="fl-141"/>
      </object_component>
      <object_component id="oc-3c">
         <name>.text:IntDefaultHandler</name>
         <load_address>0x23ca</load_address>
         <run_address>0x23ca</run_address>
         <size>0x2</size>
         <input_file_ref idref="fl-7"/>
      </object_component>
      <object_component id="oc-3dd">
         <name>.text:showDigital</name>
         <load_address>0x23cc</load_address>
         <run_address>0x23cc</run_address>
         <size>0x11c</size>
         <input_file_ref idref="fl-6"/>
      </object_component>
      <object_component id="oc-9f">
         <name>.text:xTaskIncrementTick</name>
         <load_address>0x24e8</load_address>
         <run_address>0x24e8</run_address>
         <size>0x11c</size>
         <input_file_ref idref="fl-e"/>
      </object_component>
      <object_component id="oc-545">
         <name>.text</name>
         <load_address>0x2604</load_address>
         <run_address>0x2604</run_address>
         <size>0x110</size>
         <input_file_ref idref="fl-156"/>
      </object_component>
      <object_component id="oc-1bd">
         <name>.text:RGBInit</name>
         <load_address>0x2714</load_address>
         <run_address>0x2714</run_address>
         <size>0x100</size>
         <input_file_ref idref="fl-13"/>
      </object_component>
      <object_component id="oc-1e9">
         <name>.text:xQueueGenericReceive</name>
         <load_address>0x2814</load_address>
         <run_address>0x2814</run_address>
         <size>0x100</size>
         <input_file_ref idref="fl-d"/>
      </object_component>
      <object_component id="oc-4a7">
         <name>.text</name>
         <load_address>0x2914</load_address>
         <run_address>0x2914</run_address>
         <size>0xfc</size>
         <input_file_ref idref="fl-142"/>
      </object_component>
      <object_component id="oc-4c7">
         <name>.text:drawLine</name>
         <load_address>0x2a10</load_address>
         <run_address>0x2a10</run_address>
         <size>0xf4</size>
         <input_file_ref idref="fl-3"/>
      </object_component>
      <object_component id="oc-1d5">
         <name>.text:xTaskGenericCreate</name>
         <load_address>0x2b04</load_address>
         <run_address>0x2b04</run_address>
         <size>0xdc</size>
         <input_file_ref idref="fl-e"/>
      </object_component>
      <object_component id="oc-1ef">
         <name>.text:initTiva</name>
         <load_address>0x2be0</load_address>
         <run_address>0x2be0</run_address>
         <size>0xd8</size>
         <input_file_ref idref="fl-9"/>
      </object_component>
      <object_component id="oc-276">
         <name>.text:xTaskResumeAll</name>
         <load_address>0x2cb8</load_address>
         <run_address>0x2cb8</run_address>
         <size>0xd4</size>
         <input_file_ref idref="fl-e"/>
      </object_component>
      <object_component id="oc-12a">
         <name>.text:LEDTaskInit</name>
         <load_address>0x2d8c</load_address>
         <run_address>0x2d8c</run_address>
         <size>0xc8</size>
         <input_file_ref idref="fl-5"/>
      </object_component>
      <object_component id="oc-1b0">
         <name>.text:xQueueGenericSend</name>
         <load_address>0x2e54</load_address>
         <run_address>0x2e54</run_address>
         <size>0xc6</size>
         <input_file_ref idref="fl-d"/>
      </object_component>
      <object_component id="oc-30">
         <name>.text:NmiSR</name>
         <load_address>0x2f1a</load_address>
         <run_address>0x2f1a</run_address>
         <size>0x2</size>
         <input_file_ref idref="fl-7"/>
      </object_component>
      <object_component id="oc-2c9">
         <name>.text:RGBEnable</name>
         <load_address>0x2f1c</load_address>
         <run_address>0x2f1c</run_address>
         <size>0xc0</size>
         <input_file_ref idref="fl-13"/>
      </object_component>
      <object_component id="oc-53f">
         <name>.text</name>
         <load_address>0x2fdc</load_address>
         <run_address>0x2fdc</run_address>
         <size>0xbe</size>
         <input_file_ref idref="fl-155"/>
      </object_component>
      <object_component id="oc-49c">
         <name>.text:drawCircle</name>
         <load_address>0x309a</load_address>
         <run_address>0x309a</run_address>
         <size>0xbc</size>
         <input_file_ref idref="fl-3"/>
      </object_component>
      <object_component id="oc-e5">
         <name>.text:vApplicationStackOverflowHook</name>
         <load_address>0x3156</load_address>
         <run_address>0x3156</run_address>
         <size>0x2</size>
         <input_file_ref idref="fl-2"/>
      </object_component>
      <object_component id="oc-1a4">
         <name>.text:pvPortMalloc</name>
         <load_address>0x3158</load_address>
         <run_address>0x3158</run_address>
         <size>0xac</size>
         <input_file_ref idref="fl-f"/>
      </object_component>
      <object_component id="oc-42">
         <name>.text</name>
         <load_address>0x3204</load_address>
         <run_address>0x3204</run_address>
         <size>0xa6</size>
         <input_file_ref idref="fl-11"/>
      </object_component>
      <object_component id="oc-98">
         <name>.text:vTaskSwitchContext</name>
         <load_address>0x32ac</load_address>
         <run_address>0x32ac</run_address>
         <size>0xa0</size>
         <input_file_ref idref="fl-e"/>
      </object_component>
      <object_component id="oc-50">
         <name>.text</name>
         <load_address>0x334c</load_address>
         <run_address>0x334c</run_address>
         <size>0x9c</size>
         <input_file_ref idref="fl-147"/>
      </object_component>
      <object_component id="oc-38c">
         <name>.text:changeDate</name>
         <load_address>0x33e8</load_address>
         <run_address>0x33e8</run_address>
         <size>0x98</size>
         <input_file_ref idref="fl-6"/>
      </object_component>
      <object_component id="oc-1c9">
         <name>.text:RGBColorSet</name>
         <load_address>0x3480</load_address>
         <run_address>0x3480</run_address>
         <size>0x90</size>
         <input_file_ref idref="fl-13"/>
      </object_component>
      <object_component id="oc-3eb">
         <name>.text:ButtonsPoll</name>
         <load_address>0x3510</load_address>
         <run_address>0x3510</run_address>
         <size>0x8c</size>
         <input_file_ref idref="fl-12"/>
      </object_component>
      <object_component id="oc-1e2">
         <name>.text:LEDTask</name>
         <load_address>0x359c</load_address>
         <run_address>0x359c</run_address>
         <size>0x8c</size>
         <input_file_ref idref="fl-5"/>
      </object_component>
      <object_component id="oc-521">
         <name>.text:__aeabi_cdcmple</name>
         <load_address>0x3628</load_address>
         <run_address>0x3628</run_address>
         <size>0x86</size>
         <input_file_ref idref="fl-153"/>
      </object_component>
      <object_component id="oc-39e">
         <name>.text:changeTime</name>
         <load_address>0x36b0</load_address>
         <run_address>0x36b0</run_address>
         <size>0x7c</size>
         <input_file_ref idref="fl-6"/>
      </object_component>
      <object_component id="oc-69">
         <name>.text</name>
         <load_address>0x372c</load_address>
         <run_address>0x372c</run_address>
         <size>0x7a</size>
         <input_file_ref idref="fl-148"/>
      </object_component>
      <object_component id="oc-ce">
         <name>.text:main</name>
         <load_address>0x37a8</load_address>
         <run_address>0x37a8</run_address>
         <size>0x78</size>
         <input_file_ref idref="fl-2"/>
      </object_component>
      <object_component id="oc-2de">
         <name>.text:xQueueGenericReset</name>
         <load_address>0x3820</load_address>
         <run_address>0x3820</run_address>
         <size>0x72</size>
         <input_file_ref idref="fl-d"/>
      </object_component>
      <object_component id="oc-386">
         <name>.text:checkDate</name>
         <load_address>0x3892</load_address>
         <run_address>0x3892</run_address>
         <size>0x70</size>
         <input_file_ref idref="fl-6"/>
      </object_component>
      <object_component id="oc-31b">
         <name>.text:vTaskPriorityInherit</name>
         <load_address>0x3904</load_address>
         <run_address>0x3904</run_address>
         <size>0x70</size>
         <input_file_ref idref="fl-e"/>
      </object_component>
      <object_component id="oc-2bb">
         <name>.text:xTaskRemoveFromEventList</name>
         <load_address>0x3974</load_address>
         <run_address>0x3974</run_address>
         <size>0x70</size>
         <input_file_ref idref="fl-e"/>
      </object_component>
      <object_component id="oc-2b5">
         <name>.text:prvCopyDataToQueue</name>
         <load_address>0x39e4</load_address>
         <run_address>0x39e4</run_address>
         <size>0x6c</size>
         <input_file_ref idref="fl-d"/>
      </object_component>
      <object_component id="oc-7b">
         <name>.text</name>
         <load_address>0x3a50</load_address>
         <run_address>0x3a50</run_address>
         <size>0x6c</size>
         <input_file_ref idref="fl-151"/>
      </object_component>
      <object_component id="oc-5c">
         <name>.text</name>
         <load_address>0x3abc</load_address>
         <run_address>0x3abc</run_address>
         <size>0x6a</size>
         <input_file_ref idref="fl-13c"/>
      </object_component>
      <object_component id="oc-223">
         <name>.text:ButtonsInit</name>
         <load_address>0x3b28</load_address>
         <run_address>0x3b28</run_address>
         <size>0x68</size>
         <input_file_ref idref="fl-12"/>
      </object_component>
      <object_component id="oc-30e">
         <name>.text:RGBDisable</name>
         <load_address>0x3b90</load_address>
         <run_address>0x3b90</run_address>
         <size>0x68</size>
         <input_file_ref idref="fl-13"/>
      </object_component>
      <object_component id="oc-118">
         <name>.text:ConfigureUART</name>
         <load_address>0x3bf8</load_address>
         <run_address>0x3bf8</run_address>
         <size>0x64</size>
         <input_file_ref idref="fl-2"/>
      </object_component>
      <object_component id="oc-29d">
         <name>.text:prvUnlockQueue</name>
         <load_address>0x3c5c</load_address>
         <run_address>0x3c5c</run_address>
         <size>0x62</size>
         <input_file_ref idref="fl-d"/>
      </object_component>
      <object_component id="oc-190">
         <name>.text:UARTStdioConfig</name>
         <load_address>0x3cc0</load_address>
         <run_address>0x3cc0</run_address>
         <size>0x60</size>
         <input_file_ref idref="fl-a"/>
      </object_component>
      <object_component id="oc-2f7">
         <name>.text:prvInitialiseTaskLists</name>
         <load_address>0x3d20</load_address>
         <run_address>0x3d20</run_address>
         <size>0x60</size>
         <input_file_ref idref="fl-e"/>
      </object_component>
      <object_component id="oc-201">
         <name>.text:clearScreen</name>
         <load_address>0x3d80</load_address>
         <run_address>0x3d80</run_address>
         <size>0x5c</size>
         <input_file_ref idref="fl-3"/>
      </object_component>
      <object_component id="oc-3c5">
         <name>.text:hardcodeParams</name>
         <load_address>0x3ddc</load_address>
         <run_address>0x3ddc</run_address>
         <size>0x5c</size>
         <input_file_ref idref="fl-6"/>
      </object_component>
      <object_component id="oc-308">
         <name>.text:vTaskDelayUntil</name>
         <load_address>0x3e38</load_address>
         <run_address>0x3e38</run_address>
         <size>0x5c</size>
         <input_file_ref idref="fl-e"/>
      </object_component>
      <object_component id="oc-371">
         <name>.text:drawCharLg</name>
         <load_address>0x3e94</load_address>
         <run_address>0x3e94</run_address>
         <size>0x58</size>
         <input_file_ref idref="fl-3"/>
      </object_component>
      <object_component id="oc-37d">
         <name>.text:drawCharSm</name>
         <load_address>0x3eec</load_address>
         <run_address>0x3eec</run_address>
         <size>0x58</size>
         <input_file_ref idref="fl-3"/>
      </object_component>
      <object_component id="oc-3fa">
         <name>.text:prvCheckTasksWaitingTermination</name>
         <load_address>0x3f44</load_address>
         <run_address>0x3f44</run_address>
         <size>0x58</size>
         <input_file_ref idref="fl-e"/>
      </object_component>
      <object_component id="oc-377">
         <name>.text:drawCharMd</name>
         <load_address>0x3f9c</load_address>
         <run_address>0x3f9c</run_address>
         <size>0x54</size>
         <input_file_ref idref="fl-3"/>
      </object_component>
      <object_component id="oc-341">
         <name>.text:gammaAdjustmentST7735</name>
         <load_address>0x3ff0</load_address>
         <run_address>0x3ff0</run_address>
         <size>0x54</size>
         <input_file_ref idref="fl-4"/>
      </object_component>
      <object_component id="oc-297">
         <name>.text:xTaskCheckForTimeOut</name>
         <load_address>0x4044</load_address>
         <run_address>0x4044</run_address>
         <size>0x54</size>
         <input_file_ref idref="fl-e"/>
      </object_component>
      <object_component id="oc-213">
         <name>.text:drawString</name>
         <load_address>0x4098</load_address>
         <run_address>0x4098</run_address>
         <size>0x52</size>
         <input_file_ref idref="fl-3"/>
      </object_component>
      <object_component id="oc-24">
         <name>.text</name>
         <load_address>0x40ec</load_address>
         <run_address>0x40ec</run_address>
         <size>0x50</size>
         <input_file_ref idref="fl-13a"/>
      </object_component>
      <object_component id="oc-2eb">
         <name>.text:prvInitialiseTCBVariables</name>
         <load_address>0x413c</load_address>
         <run_address>0x413c</run_address>
         <size>0x4e</size>
         <input_file_ref idref="fl-e"/>
      </object_component>
      <object_component id="oc-35e">
         <name>.text:setArea</name>
         <load_address>0x418a</load_address>
         <run_address>0x418a</run_address>
         <size>0x4e</size>
         <input_file_ref idref="fl-4"/>
      </object_component>
      <object_component id="oc-1cf">
         <name>.text:xQueueGenericCreate</name>
         <load_address>0x41d8</load_address>
         <run_address>0x41d8</run_address>
         <size>0x4e</size>
         <input_file_ref idref="fl-d"/>
      </object_component>
      <object_component id="oc-3bc">
         <name>.text:stopScreen</name>
         <load_address>0x4228</load_address>
         <run_address>0x4228</run_address>
         <size>0x4d</size>
         <input_file_ref idref="fl-6"/>
      </object_component>
      <object_component id="oc-136">
         <name>.text:SwitchTaskInit</name>
         <load_address>0x4278</load_address>
         <run_address>0x4278</run_address>
         <size>0x4c</size>
         <input_file_ref idref="fl-8"/>
      </object_component>
      <object_component id="oc-433">
         <name>.text:prvAddCurrentTaskToDelayedList</name>
         <load_address>0x42c4</load_address>
         <run_address>0x42c4</run_address>
         <size>0x4c</size>
         <input_file_ref idref="fl-e"/>
      </object_component>
      <object_component id="oc-c6">
         <name>.text</name>
         <load_address>0x4310</load_address>
         <run_address>0x4310</run_address>
         <size>0x4c</size>
         <input_file_ref idref="fl-152"/>
      </object_component>
      <object_component id="oc-124">
         <name>.text:xQueueCreateMutex</name>
         <load_address>0x435c</load_address>
         <run_address>0x435c</run_address>
         <size>0x4c</size>
         <input_file_ref idref="fl-d"/>
      </object_component>
      <object_component id="oc-25c">
         <name>.text:UARTwrite</name>
         <load_address>0x43a8</load_address>
         <run_address>0x43a8</run_address>
         <size>0x48</size>
         <input_file_ref idref="fl-a"/>
      </object_component>
      <object_component id="oc-4bc">
         <name>.text</name>
         <load_address>0x43f0</load_address>
         <run_address>0x43f0</run_address>
         <size>0x48</size>
         <input_file_ref idref="fl-143"/>
      </object_component>
      <object_component id="oc-43c">
         <name>.text:vTaskPriorityDisinherit</name>
         <load_address>0x4438</load_address>
         <run_address>0x4438</run_address>
         <size>0x48</size>
         <input_file_ref idref="fl-e"/>
      </object_component>
      <object_component id="oc-13c">
         <name>.text:vTaskStartScheduler</name>
         <load_address>0x4480</load_address>
         <run_address>0x4480</run_address>
         <size>0x48</size>
         <input_file_ref idref="fl-e"/>
      </object_component>
      <object_component id="oc-87">
         <name>.text</name>
         <load_address>0x44c8</load_address>
         <run_address>0x44c8</run_address>
         <size>0x44</size>
         <input_file_ref idref="fl-13f"/>
      </object_component>
      <object_component id="oc-2d8">
         <name>.text:vPortFree</name>
         <load_address>0x450c</load_address>
         <run_address>0x450c</run_address>
         <size>0x44</size>
         <input_file_ref idref="fl-f"/>
      </object_component>
      <object_component id="oc-2a9">
         <name>.text:vTaskPlaceOnEventList</name>
         <load_address>0x4550</load_address>
         <run_address>0x4550</run_address>
         <size>0x44</size>
         <input_file_ref idref="fl-e"/>
      </object_component>
      <object_component id="oc-262">
         <name>.text</name>
         <load_address>0x4594</load_address>
         <run_address>0x4594</run_address>
         <size>0x42</size>
         <input_file_ref idref="fl-14c"/>
      </object_component>
      <object_component id="oc-398">
         <name>.text:changeDiam</name>
         <load_address>0x45d8</load_address>
         <run_address>0x45d8</run_address>
         <size>0x40</size>
         <input_file_ref idref="fl-6"/>
      </object_component>
      <object_component id="oc-57a">
         <name>.text</name>
         <load_address>0x4618</load_address>
         <run_address>0x4618</run_address>
         <size>0x40</size>
         <input_file_ref idref="fl-15b"/>
      </object_component>
      <object_component id="oc-230">
         <name>.text:xPortStartScheduler</name>
         <load_address>0x4658</load_address>
         <run_address>0x4658</run_address>
         <size>0x40</size>
         <input_file_ref idref="fl-10"/>
      </object_component>
      <object_component id="oc-1f5">
         <name>.text:initLCD</name>
         <load_address>0x4698</load_address>
         <run_address>0x4698</run_address>
         <size>0x3e</size>
         <input_file_ref idref="fl-4"/>
      </object_component>
      <object_component id="oc-392">
         <name>.text:changeMass</name>
         <load_address>0x46d8</load_address>
         <run_address>0x46d8</run_address>
         <size>0x3c</size>
         <input_file_ref idref="fl-6"/>
      </object_component>
      <object_component id="oc-20d">
         <name>.text:fillRect</name>
         <load_address>0x4714</load_address>
         <run_address>0x4714</run_address>
         <size>0x3c</size>
         <input_file_ref idref="fl-3"/>
      </object_component>
      <object_component id="oc-1fb">
         <name>.text:setOrientation</name>
         <load_address>0x4750</load_address>
         <run_address>0x4750</run_address>
         <size>0x3c</size>
         <input_file_ref idref="fl-4"/>
      </object_component>
      <object_component id="oc-2e5">
         <name>.text:prvAllocateTCBAndStack</name>
         <load_address>0x478c</load_address>
         <run_address>0x478c</run_address>
         <size>0x38</size>
         <input_file_ref idref="fl-e"/>
      </object_component>
      <object_component id="oc-42d">
         <name>.text:vListInsert</name>
         <load_address>0x47c4</load_address>
         <run_address>0x47c4</run_address>
         <size>0x38</size>
         <input_file_ref idref="fl-c"/>
      </object_component>
      <object_component id="oc-54d">
         <name>.text</name>
         <load_address>0x47fc</load_address>
         <run_address>0x47fc</run_address>
         <size>0x34</size>
         <input_file_ref idref="fl-159"/>
      </object_component>
      <object_component id="oc-32f">
         <name>.text:writeCommand</name>
         <load_address>0x4830</load_address>
         <run_address>0x4830</run_address>
         <size>0x34</size>
         <input_file_ref idref="fl-9"/>
      </object_component>
      <object_component id="oc-33b">
         <name>.text:writeData</name>
         <load_address>0x4864</load_address>
         <run_address>0x4864</run_address>
         <size>0x34</size>
         <input_file_ref idref="fl-9"/>
      </object_component>
      <object_component id="oc-270">
         <name>.text:prvHeapInit</name>
         <load_address>0x4898</load_address>
         <run_address>0x4898</run_address>
         <size>0x30</size>
         <input_file_ref idref="fl-f"/>
      </object_component>
      <object_component id="oc-52c">
         <name>.text</name>
         <load_address>0x48c8</load_address>
         <run_address>0x48c8</run_address>
         <size>0x30</size>
         <input_file_ref idref="fl-157"/>
      </object_component>
      <object_component id="oc-4a2">
         <name>.text</name>
         <load_address>0x48f8</load_address>
         <run_address>0x48f8</run_address>
         <size>0x2e</size>
         <input_file_ref idref="fl-145"/>
      </object_component>
      <object_component id="oc-568">
         <name>.text</name>
         <load_address>0x4926</load_address>
         <run_address>0x4926</run_address>
         <size>0x2e</size>
         <input_file_ref idref="fl-15a"/>
      </object_component>
      <object_component id="oc-518">
         <name>.text:ustrncpy</name>
         <load_address>0x4954</load_address>
         <run_address>0x4954</run_address>
         <size>0x2a</size>
         <input_file_ref idref="fl-b"/>
      </object_component>
      <object_component id="oc-321">
         <name>.text:prvCopyDataFromQueue</name>
         <load_address>0x497e</load_address>
         <run_address>0x497e</run_address>
         <size>0x28</size>
         <input_file_ref idref="fl-d"/>
      </object_component>
      <object_component id="oc-474">
         <name>.text:drawPixel</name>
         <load_address>0x49a8</load_address>
         <run_address>0x49a8</run_address>
         <size>0x24</size>
         <input_file_ref idref="fl-3"/>
      </object_component>
      <object_component id="oc-335">
         <name>.text:delay</name>
         <load_address>0x49cc</load_address>
         <run_address>0x49cc</run_address>
         <size>0x22</size>
         <input_file_ref idref="fl-9"/>
      </object_component>
      <object_component id="oc-2f1">
         <name>.text:pxPortInitialiseStack</name>
         <load_address>0x49ee</load_address>
         <run_address>0x49ee</run_address>
         <size>0x22</size>
         <input_file_ref idref="fl-10"/>
      </object_component>
      <object_component id="oc-eb">
         <name>.text</name>
         <load_address>0x4a10</load_address>
         <run_address>0x4a10</run_address>
         <size>0x22</size>
         <input_file_ref idref="fl-146"/>
      </object_component>
      <object_component id="oc-f6">
         <name>.text:uxListRemove</name>
         <load_address>0x4a32</load_address>
         <run_address>0x4a32</run_address>
         <size>0x22</size>
         <input_file_ref idref="fl-c"/>
      </object_component>
      <object_component id="oc-2a3">
         <name>.text:prvIsQueueFull</name>
         <load_address>0x4a54</load_address>
         <run_address>0x4a54</run_address>
         <size>0x1c</size>
         <input_file_ref idref="fl-d"/>
      </object_component>
      <object_component id="oc-47">
         <name>.text:xPortSysTickHandler</name>
         <load_address>0x4a70</load_address>
         <run_address>0x4a70</run_address>
         <size>0x1c</size>
         <input_file_ref idref="fl-10"/>
      </object_component>
      <object_component id="oc-11e">
         <name>.text:UARTprintf</name>
         <load_address>0x4a8c</load_address>
         <run_address>0x4a8c</run_address>
         <size>0x1a</size>
         <input_file_ref idref="fl-a"/>
      </object_component>
      <object_component id="oc-315">
         <name>.text:prvIsQueueEmpty</name>
         <load_address>0x4aa6</load_address>
         <run_address>0x4aa6</run_address>
         <size>0x1a</size>
         <input_file_ref idref="fl-d"/>
      </object_component>
      <object_component id="oc-4b1">
         <name>.text</name>
         <load_address>0x4ac0</load_address>
         <run_address>0x4ac0</run_address>
         <size>0x1a</size>
         <input_file_ref idref="fl-13e"/>
      </object_component>
      <object_component id="oc-4c1">
         <name>.text</name>
         <load_address>0x4ada</load_address>
         <run_address>0x4ada</run_address>
         <size>0x1a</size>
         <input_file_ref idref="fl-14a"/>
      </object_component>
      <object_component id="oc-487">
         <name>.text:usnprintf</name>
         <load_address>0x4af4</load_address>
         <run_address>0x4af4</run_address>
         <size>0x1a</size>
         <input_file_ref idref="fl-b"/>
      </object_component>
      <object_component id="oc-81">
         <name>.text</name>
         <load_address>0x4b10</load_address>
         <run_address>0x4b10</run_address>
         <size>0x18</size>
         <input_file_ref idref="fl-150"/>
      </object_component>
      <object_component id="oc-fc">
         <name>.text:vListInsertEnd</name>
         <load_address>0x4b28</load_address>
         <run_address>0x4b28</run_address>
         <size>0x18</size>
         <input_file_ref idref="fl-c"/>
      </object_component>
      <object_component id="oc-285">
         <name>.text:vTaskSetTimeOutState</name>
         <load_address>0x4b40</load_address>
         <run_address>0x4b40</run_address>
         <size>0x18</size>
         <input_file_ref idref="fl-e"/>
      </object_component>
      <object_component id="oc-302">
         <name>.text:xTaskGetTickCount</name>
         <load_address>0x4b58</load_address>
         <run_address>0x4b58</run_address>
         <size>0x18</size>
         <input_file_ref idref="fl-e"/>
      </object_component>
      <object_component id="oc-1aa">
         <name>.text:vListInitialise</name>
         <load_address>0x4b70</load_address>
         <run_address>0x4b70</run_address>
         <size>0x16</size>
         <input_file_ref idref="fl-c"/>
      </object_component>
      <object_component id="oc-1c3">
         <name>.text:RGBIntensitySet</name>
         <load_address>0x4b88</load_address>
         <run_address>0x4b88</run_address>
         <size>0x14</size>
         <input_file_ref idref="fl-13"/>
      </object_component>
      <object_component id="oc-358">
         <name>.text:getScreenHeight</name>
         <load_address>0x4b9c</load_address>
         <run_address>0x4b9c</run_address>
         <size>0x14</size>
         <input_file_ref idref="fl-4"/>
      </object_component>
      <object_component id="oc-352">
         <name>.text:getScreenWidth</name>
         <load_address>0x4bb0</load_address>
         <run_address>0x4bb0</run_address>
         <size>0x14</size>
         <input_file_ref idref="fl-4"/>
      </object_component>
      <object_component id="oc-3f0">
         <name>.text:prvSetupTimerInterrupt</name>
         <load_address>0x4bc4</load_address>
         <run_address>0x4bc4</run_address>
         <size>0x14</size>
         <input_file_ref idref="fl-10"/>
      </object_component>
      <object_component id="oc-14d">
         <name>.text</name>
         <load_address>0x4bd8</load_address>
         <run_address>0x4bd8</run_address>
         <size>0x14</size>
         <input_file_ref idref="fl-14f"/>
      </object_component>
      <object_component id="oc-364">
         <name>.text:setBackgroundColor</name>
         <load_address>0x4bec</load_address>
         <run_address>0x4bec</run_address>
         <size>0x14</size>
         <input_file_ref idref="fl-3"/>
      </object_component>
      <object_component id="oc-207">
         <name>.text:setColor</name>
         <load_address>0x4c00</load_address>
         <run_address>0x4c00</run_address>
         <size>0x14</size>
         <input_file_ref idref="fl-3"/>
      </object_component>
      <object_component id="oc-291">
         <name>.text:vPortEnterCritical</name>
         <load_address>0x4c14</load_address>
         <run_address>0x4c14</run_address>
         <size>0x14</size>
         <input_file_ref idref="fl-10"/>
      </object_component>
      <object_component id="oc-28b">
         <name>.text:vPortExitCritical</name>
         <load_address>0x4c28</load_address>
         <run_address>0x4c28</run_address>
         <size>0x14</size>
         <input_file_ref idref="fl-10"/>
      </object_component>
      <object_component id="oc-4da">
         <name>.text:prvDeleteTCB</name>
         <load_address>0x4c3c</load_address>
         <run_address>0x4c3c</run_address>
         <size>0x12</size>
         <input_file_ref idref="fl-e"/>
      </object_component>
      <object_component id="oc-2af">
         <name>.text:vPortYield</name>
         <load_address>0x4c50</load_address>
         <run_address>0x4c50</run_address>
         <size>0x10</size>
         <input_file_ref idref="fl-10"/>
      </object_component>
      <object_component id="oc-26a">
         <name>.text:vTaskSuspendAll</name>
         <load_address>0x4c60</load_address>
         <run_address>0x4c60</run_address>
         <size>0x10</size>
         <input_file_ref idref="fl-e"/>
      </object_component>
      <object_component id="oc-12">
         <name>.text:decompress:none</name>
         <load_address>0x4c70</load_address>
         <run_address>0x4c70</run_address>
         <size>0xe</size>
         <input_file_ref idref="fl-13b"/>
      </object_component>
      <object_component id="oc-1e">
         <name>.text:decompress:ZI</name>
         <load_address>0x4c7e</load_address>
         <run_address>0x4c7e</run_address>
         <size>0xc</size>
         <input_file_ref idref="fl-13d"/>
      </object_component>
      <object_component id="oc-425">
         <name>.text:vTaskMissedYield</name>
         <load_address>0x4c8c</load_address>
         <run_address>0x4c8c</run_address>
         <size>0xc</size>
         <input_file_ref idref="fl-e"/>
      </object_component>
      <object_component id="oc-327">
         <name>.text:xTaskGetCurrentTaskHandle</name>
         <load_address>0x4c98</load_address>
         <run_address>0x4c98</run_address>
         <size>0xc</size>
         <input_file_ref idref="fl-e"/>
      </object_component>
      <object_component id="oc-236">
         <name>.text:prvIdleTask</name>
         <load_address>0x4ca4</load_address>
         <run_address>0x4ca4</run_address>
         <size>0x8</size>
         <input_file_ref idref="fl-e"/>
      </object_component>
      <object_component id="oc-2a">
         <name>.text:ResetISR</name>
         <load_address>0x4cac</load_address>
         <run_address>0x4cac</run_address>
         <size>0x6</size>
         <input_file_ref idref="fl-7"/>
      </object_component>
      <object_component id="oc-18a">
         <name>.text:UARTClockSourceSet</name>
         <load_address>0x4cb2</load_address>
         <run_address>0x4cb2</run_address>
         <size>0x6</size>
         <input_file_ref idref="fl-15c"/>
      </object_component>
      <object_component id="oc-18">
         <name>.text:decompress:rle24</name>
         <load_address>0x4cb8</load_address>
         <run_address>0x4cb8</run_address>
         <size>0x6</size>
         <input_file_ref idref="fl-13c"/>
      </object_component>
      <object_component id="oc-44c">
         <name>.text:vListInitialiseItem</name>
         <load_address>0x4cbe</load_address>
         <run_address>0x4cbe</run_address>
         <size>0x6</size>
         <input_file_ref idref="fl-c"/>
      </object_component>
      <object_component id="oc-75">
         <name>.text</name>
         <load_address>0x4cc4</load_address>
         <run_address>0x4cc4</run_address>
         <size>0x4</size>
         <input_file_ref idref="fl-149"/>
      </object_component>
      <object_component id="oc-47a">
         <name>.const:font_11x16</name>
         <load_address>0x4cc8</load_address>
         <run_address>0x4cc8</run_address>
         <size>0x1054</size>
         <input_file_ref idref="fl-3"/>
      </object_component>
      <object_component id="oc-47e">
         <name>.const:font_8x12</name>
         <load_address>0x5d1c</load_address>
         <run_address>0x5d1c</run_address>
         <size>0x474</size>
         <input_file_ref idref="fl-3"/>
      </object_component>
      <object_component id="oc-482">
         <name>.const:font_5x7</name>
         <load_address>0x6190</load_address>
         <run_address>0x6190</run_address>
         <size>0x1e0</size>
         <input_file_ref idref="fl-3"/>
      </object_component>
      <object_component id="oc-535">
         <name>.const</name>
         <load_address>0x6370</load_address>
         <run_address>0x6370</run_address>
         <size>0x80</size>
         <input_file_ref idref="fl-14d"/>
      </object_component>
      <object_component id="oc-48d">
         <name>.const:.string</name>
         <load_address>0x63f0</load_address>
         <run_address>0x63f0</run_address>
         <size>0x48</size>
         <input_file_ref idref="fl-6"/>
      </object_component>
      <object_component id="oc-464">
         <name>.const:.string</name>
         <load_address>0x6438</load_address>
         <run_address>0x6438</run_address>
         <size>0x20</size>
         <input_file_ref idref="fl-4"/>
      </object_component>
      <object_component id="oc-252">
         <name>.const</name>
         <load_address>0x6458</load_address>
         <run_address>0x6458</run_address>
         <size>0x1c</size>
         <input_file_ref idref="fl-a"/>
      </object_component>
      <object_component id="oc-f1">
         <name>.const:.string</name>
         <load_address>0x6474</load_address>
         <run_address>0x6474</run_address>
         <size>0x14</size>
         <input_file_ref idref="fl-e"/>
      </object_component>
      <object_component id="oc-408">
         <name>.const:.string</name>
         <load_address>0x6488</load_address>
         <run_address>0x6488</run_address>
         <size>0x12</size>
         <input_file_ref idref="fl-a"/>
      </object_component>
      <object_component id="oc-5c0">
         <name>.cinit..data.load</name>
         <load_address>0x64a0</load_address>
         <run_address>0x64a0</run_address>
         <size>0x62</size>
      </object_component>
      <object_component id="oc-5be">
         <name>__TI_handler_table</name>
         <load_address>0x6504</load_address>
         <run_address>0x6504</run_address>
         <size>0xc</size>
      </object_component>
      <object_component id="oc-5c1">
         <name>.cinit..bss.load</name>
         <load_address>0x6510</load_address>
         <run_address>0x6510</run_address>
         <size>0x8</size>
      </object_component>
      <object_component id="oc-5bf">
         <name>__TI_cinit_table</name>
         <load_address>0x6518</load_address>
         <run_address>0x6518</run_address>
         <size>0x10</size>
      </object_component>
      <object_component id="oc-29">
         <name>.stack</name>
         <uninitialized>true</uninitialized>
         <run_address>0x20007708</run_address>
         <size>0x0</size>
         <input_file_ref idref="fl-13a"/>
      </object_component>
      <object_component id="oc-5c2">
         <name>.stack</name>
         <uninitialized>true</uninitialized>
         <run_address>0x20007708</run_address>
         <size>0x0</size>
      </object_component>
      <object_component id="oc-f2">
         <name>.bss:pxReadyTasksLists</name>
         <uninitialized>true</uninitialized>
         <run_address>0x20007530</run_address>
         <size>0x140</size>
         <input_file_ref idref="fl-e"/>
      </object_component>
      <object_component id="oc-412">
         <name>.bss:ucHeap</name>
         <uninitialized>true</uninitialized>
         <run_address>0x20000000</run_address>
         <size>0x7530</size>
         <input_file_ref idref="fl-f"/>
      </object_component>
      <object_component id="oc-142">
         <name>.common:g_pUARTSemaphore</name>
         <uninitialized>true</uninitialized>
         <run_address>0x200076f8</run_address>
         <size>0x4</size>
      </object_component>
      <object_component id="oc-1db">
         <name>.common:g_ui8ColorsIndx</name>
         <uninitialized>true</uninitialized>
         <run_address>0x20007704</run_address>
         <size>0x1</size>
      </object_component>
      <object_component id="oc-1e1">
         <name>.common:g_pLEDQueue</name>
         <uninitialized>true</uninitialized>
         <run_address>0x200076f0</run_address>
         <size>0x4</size>
      </object_component>
      <object_component id="oc-219">
         <name>.common:g_pScreenQueue</name>
         <uninitialized>true</uninitialized>
         <run_address>0x200076f4</run_address>
         <size>0x4</size>
      </object_component>
      <object_component id="oc-455">
         <name>.common:xDelayedTaskList1</name>
         <uninitialized>true</uninitialized>
         <run_address>0x20007670</run_address>
         <size>0x14</size>
      </object_component>
      <object_component id="oc-456">
         <name>.common:xDelayedTaskList2</name>
         <uninitialized>true</uninitialized>
         <run_address>0x20007684</run_address>
         <size>0x14</size>
      </object_component>
      <object_component id="oc-102">
         <name>.common:pxDelayedTaskList</name>
         <uninitialized>true</uninitialized>
         <run_address>0x200076fc</run_address>
         <size>0x4</size>
      </object_component>
      <object_component id="oc-103">
         <name>.common:pxOverflowDelayedTaskList</name>
         <uninitialized>true</uninitialized>
         <run_address>0x20007700</run_address>
         <size>0x4</size>
      </object_component>
      <object_component id="oc-416">
         <name>.common:xPendingReadyList</name>
         <uninitialized>true</uninitialized>
         <run_address>0x20007698</run_address>
         <size>0x14</size>
      </object_component>
      <object_component id="oc-457">
         <name>.common:xTasksWaitingTermination</name>
         <uninitialized>true</uninitialized>
         <run_address>0x200076c0</run_address>
         <size>0x14</size>
      </object_component>
      <object_component id="oc-439">
         <name>.common:xSuspendedTaskList</name>
         <uninitialized>true</uninitialized>
         <run_address>0x200076ac</run_address>
         <size>0x14</size>
      </object_component>
      <object_component id="oc-27f">
         <name>.common:xStart</name>
         <uninitialized>true</uninitialized>
         <run_address>0x200076e8</run_address>
         <size>0x8</size>
      </object_component>
      <object_component id="oc-282">
         <name>.common:xEnd</name>
         <uninitialized>true</uninitialized>
         <run_address>0x200076e0</run_address>
         <size>0x8</size>
      </object_component>
      <object_component id="oc-2d5">
         <name>.common:g_ui32Colors</name>
         <uninitialized>true</uninitialized>
         <run_address>0x200076d4</run_address>
         <size>0xc</size>
      </object_component>
      <object_component id="oc-36a">
         <name>.data</name>
         <load_address>0x20007fc1</load_address>
         <run_address>0x20007fc1</run_address>
         <size>0x4</size>
         <input_file_ref idref="fl-3"/>
      </object_component>
      <object_component id="oc-348">
         <name>.data</name>
         <load_address>0x20007fd8</load_address>
         <run_address>0x20007fd8</run_address>
         <size>0x1</size>
         <input_file_ref idref="fl-4"/>
      </object_component>
      <object_component id="oc-1de">
         <name>.data</name>
         <load_address>0x20007f90</load_address>
         <run_address>0x20007f90</run_address>
         <size>0xc</size>
         <input_file_ref idref="fl-5"/>
      </object_component>
      <object_component id="oc-3c2">
         <name>.data</name>
         <load_address>0x20007f68</load_address>
         <run_address>0x20007f68</run_address>
         <size>0x28</size>
         <input_file_ref idref="fl-6"/>
      </object_component>
      <object_component id="oc-255">
         <name>.data</name>
         <load_address>0x20007fbc</load_address>
         <run_address>0x20007fbc</run_address>
         <size>0x5</size>
         <input_file_ref idref="fl-a"/>
      </object_component>
      <object_component id="oc-95">
         <name>.data</name>
         <load_address>0x20007f38</load_address>
         <run_address>0x20007f38</run_address>
         <size>0x30</size>
         <input_file_ref idref="fl-e"/>
      </object_component>
      <object_component id="oc-27c">
         <name>.data</name>
         <load_address>0x20007f9c</load_address>
         <run_address>0x20007f9c</run_address>
         <size>0x8</size>
         <input_file_ref idref="fl-f"/>
      </object_component>
      <object_component id="oc-3f6">
         <name>.data</name>
         <load_address>0x20007fc8</load_address>
         <run_address>0x20007fc8</run_address>
         <size>0x4</size>
         <input_file_ref idref="fl-10"/>
      </object_component>
      <object_component id="oc-3e4">
         <name>.data</name>
         <load_address>0x20007fc5</load_address>
         <run_address>0x20007fc5</run_address>
         <size>0x3</size>
         <input_file_ref idref="fl-12"/>
      </object_component>
      <object_component id="oc-2d2">
         <name>.data</name>
         <load_address>0x20007fcc</load_address>
         <run_address>0x20007fcc</run_address>
         <size>0x4</size>
         <input_file_ref idref="fl-13"/>
      </object_component>
      <object_component id="oc-d9">
         <name>.data</name>
         <load_address>0x20007fac</load_address>
         <run_address>0x20007fac</run_address>
         <size>0x8</size>
         <input_file_ref idref="fl-13f"/>
      </object_component>
      <object_component id="oc-8d">
         <name>.data</name>
         <load_address>0x20007fd4</load_address>
         <run_address>0x20007fd4</run_address>
         <size>0x4</size>
         <input_file_ref idref="fl-14b"/>
      </object_component>
      <object_component id="oc-532">
         <name>.data</name>
         <load_address>0x20007eb8</load_address>
         <run_address>0x20007eb8</run_address>
         <size>0x80</size>
         <input_file_ref idref="fl-14e"/>
      </object_component>
      <object_component id="oc-d6">
         <name>.data</name>
         <load_address>0x20007fa4</load_address>
         <run_address>0x20007fa4</run_address>
         <size>0x8</size>
         <input_file_ref idref="fl-14f"/>
      </object_component>
      <object_component id="oc-553">
         <name>.data</name>
         <load_address>0x20007fd0</load_address>
         <run_address>0x20007fd0</run_address>
         <size>0x4</size>
         <input_file_ref idref="fl-158"/>
      </object_component>
      <object_component id="oc-56e">
         <name>.data</name>
         <load_address>0x20007fb4</load_address>
         <run_address>0x20007fb4</run_address>
         <size>0x8</size>
         <input_file_ref idref="fl-159"/>
      </object_component>
      <object_component id="oc-58b">
         <name>.data:sigtable</name>
         <load_address>0x20007e08</load_address>
         <run_address>0x20007e08</run_address>
         <size>0xb0</size>
         <input_file_ref idref="fl-15b"/>
      </object_component>
      <object_component id="oc-143">
         <name>.debug_info</name>
         <load_address>0x0</load_address>
         <run_address>0x0</run_address>
         <size>0x2cc</size>
         <input_file_ref idref="fl-2"/>
      </object_component>
      <object_component id="oc-e6">
         <name>.debug_info</name>
         <load_address>0x2cc</load_address>
         <run_address>0x2cc</run_address>
         <size>0x163</size>
         <input_file_ref idref="fl-2"/>
      </object_component>
      <object_component id="oc-119">
         <name>.debug_info</name>
         <load_address>0x42f</load_address>
         <run_address>0x42f</run_address>
         <size>0x169</size>
         <input_file_ref idref="fl-2"/>
      </object_component>
      <object_component id="oc-cf">
         <name>.debug_info</name>
         <load_address>0x598</load_address>
         <run_address>0x598</run_address>
         <size>0x19d</size>
         <input_file_ref idref="fl-2"/>
      </object_component>
      <object_component id="oc-15d">
         <name>.debug_info</name>
         <load_address>0x735</load_address>
         <run_address>0x735</run_address>
         <size>0x29e</size>
         <input_file_ref idref="fl-2"/>
      </object_component>
      <object_component id="oc-a8">
         <name>.debug_info</name>
         <load_address>0x9d3</load_address>
         <run_address>0x9d3</run_address>
         <size>0x84</size>
         <input_file_ref idref="fl-2"/>
      </object_component>
      <object_component id="oc-1b7">
         <name>.debug_info</name>
         <load_address>0xa57</load_address>
         <run_address>0xa57</run_address>
         <size>0x46</size>
         <input_file_ref idref="fl-2"/>
      </object_component>
      <object_component id="oc-23f">
         <name>.debug_info</name>
         <load_address>0xa9d</load_address>
         <run_address>0xa9d</run_address>
         <size>0x2c</size>
         <input_file_ref idref="fl-2"/>
      </object_component>
      <object_component id="oc-162">
         <name>.debug_info</name>
         <load_address>0xac9</load_address>
         <run_address>0xac9</run_address>
         <size>0x2c</size>
         <input_file_ref idref="fl-2"/>
      </object_component>
      <object_component id="oc-ad">
         <name>.debug_info</name>
         <load_address>0xaf5</load_address>
         <run_address>0xaf5</run_address>
         <size>0x18b</size>
         <input_file_ref idref="fl-2"/>
      </object_component>
      <object_component id="oc-105">
         <name>.debug_info</name>
         <load_address>0xc80</load_address>
         <run_address>0xc80</run_address>
         <size>0x2c</size>
         <input_file_ref idref="fl-2"/>
      </object_component>
      <object_component id="oc-19f">
         <name>.debug_info</name>
         <load_address>0xcac</load_address>
         <run_address>0xcac</run_address>
         <size>0x4e</size>
         <input_file_ref idref="fl-2"/>
      </object_component>
      <object_component id="oc-171">
         <name>.debug_info</name>
         <load_address>0xcfa</load_address>
         <run_address>0xcfa</run_address>
         <size>0x14c</size>
         <input_file_ref idref="fl-2"/>
      </object_component>
      <object_component id="oc-36e">
         <name>.debug_info</name>
         <load_address>0xe46</load_address>
         <run_address>0xe46</run_address>
         <size>0x1cc</size>
         <input_file_ref idref="fl-3"/>
      </object_component>
      <object_component id="oc-483">
         <name>.debug_info</name>
         <load_address>0x1012</load_address>
         <run_address>0x1012</run_address>
         <size>0xcc</size>
         <input_file_ref idref="fl-3"/>
      </object_component>
      <object_component id="oc-47f">
         <name>.debug_info</name>
         <load_address>0x10de</load_address>
         <run_address>0x10de</run_address>
         <size>0xce</size>
         <input_file_ref idref="fl-3"/>
      </object_component>
      <object_component id="oc-47b">
         <name>.debug_info</name>
         <load_address>0x11ac</load_address>
         <run_address>0x11ac</run_address>
         <size>0xd0</size>
         <input_file_ref idref="fl-3"/>
      </object_component>
      <object_component id="oc-36b">
         <name>.debug_info</name>
         <load_address>0x127c</load_address>
         <run_address>0x127c</run_address>
         <size>0x15b</size>
         <input_file_ref idref="fl-3"/>
      </object_component>
      <object_component id="oc-208">
         <name>.debug_info</name>
         <load_address>0x13d7</load_address>
         <run_address>0x13d7</run_address>
         <size>0x124</size>
         <input_file_ref idref="fl-3"/>
      </object_component>
      <object_component id="oc-365">
         <name>.debug_info</name>
         <load_address>0x14fb</load_address>
         <run_address>0x14fb</run_address>
         <size>0x138</size>
         <input_file_ref idref="fl-3"/>
      </object_component>
      <object_component id="oc-20e">
         <name>.debug_info</name>
         <load_address>0x1633</load_address>
         <run_address>0x1633</run_address>
         <size>0x1c4</size>
         <input_file_ref idref="fl-3"/>
      </object_component>
      <object_component id="oc-475">
         <name>.debug_info</name>
         <load_address>0x17f7</load_address>
         <run_address>0x17f7</run_address>
         <size>0x15a</size>
         <input_file_ref idref="fl-3"/>
      </object_component>
      <object_component id="oc-4c8">
         <name>.debug_info</name>
         <load_address>0x1951</load_address>
         <run_address>0x1951</run_address>
         <size>0x29b</size>
         <input_file_ref idref="fl-3"/>
      </object_component>
      <object_component id="oc-372">
         <name>.debug_info</name>
         <load_address>0x1bec</load_address>
         <run_address>0x1bec</run_address>
         <size>0x181</size>
         <input_file_ref idref="fl-3"/>
      </object_component>
      <object_component id="oc-378">
         <name>.debug_info</name>
         <load_address>0x1d6d</load_address>
         <run_address>0x1d6d</run_address>
         <size>0x181</size>
         <input_file_ref idref="fl-3"/>
      </object_component>
      <object_component id="oc-37e">
         <name>.debug_info</name>
         <load_address>0x1eee</load_address>
         <run_address>0x1eee</run_address>
         <size>0x181</size>
         <input_file_ref idref="fl-3"/>
      </object_component>
      <object_component id="oc-214">
         <name>.debug_info</name>
         <load_address>0x206f</load_address>
         <run_address>0x206f</run_address>
         <size>0x1ba</size>
         <input_file_ref idref="fl-3"/>
      </object_component>
      <object_component id="oc-49d">
         <name>.debug_info</name>
         <load_address>0x2229</load_address>
         <run_address>0x2229</run_address>
         <size>0x241</size>
         <input_file_ref idref="fl-3"/>
      </object_component>
      <object_component id="oc-202">
         <name>.debug_info</name>
         <load_address>0x246a</load_address>
         <run_address>0x246a</run_address>
         <size>0x1db</size>
         <input_file_ref idref="fl-3"/>
      </object_component>
      <object_component id="oc-34c">
         <name>.debug_info</name>
         <load_address>0x2645</load_address>
         <run_address>0x2645</run_address>
         <size>0x39</size>
         <input_file_ref idref="fl-3"/>
      </object_component>
      <object_component id="oc-351">
         <name>.debug_info</name>
         <load_address>0x267e</load_address>
         <run_address>0x267e</run_address>
         <size>0x129</size>
         <input_file_ref idref="fl-4"/>
      </object_component>
      <object_component id="oc-349">
         <name>.debug_info</name>
         <load_address>0x27a7</load_address>
         <run_address>0x27a7</run_address>
         <size>0xcf</size>
         <input_file_ref idref="fl-4"/>
      </object_component>
      <object_component id="oc-465">
         <name>.debug_info</name>
         <load_address>0x2876</load_address>
         <run_address>0x2876</run_address>
         <size>0xe2</size>
         <input_file_ref idref="fl-4"/>
      </object_component>
      <object_component id="oc-1fc">
         <name>.debug_info</name>
         <load_address>0x2958</load_address>
         <run_address>0x2958</run_address>
         <size>0x15c</size>
         <input_file_ref idref="fl-4"/>
      </object_component>
      <object_component id="oc-35f">
         <name>.debug_info</name>
         <load_address>0x2ab4</load_address>
         <run_address>0x2ab4</run_address>
         <size>0x23e</size>
         <input_file_ref idref="fl-4"/>
      </object_component>
      <object_component id="oc-342">
         <name>.debug_info</name>
         <load_address>0x2cf2</load_address>
         <run_address>0x2cf2</run_address>
         <size>0x199</size>
         <input_file_ref idref="fl-4"/>
      </object_component>
      <object_component id="oc-1f6">
         <name>.debug_info</name>
         <load_address>0x2e8b</load_address>
         <run_address>0x2e8b</run_address>
         <size>0x1a5</size>
         <input_file_ref idref="fl-4"/>
      </object_component>
      <object_component id="oc-353">
         <name>.debug_info</name>
         <load_address>0x3030</load_address>
         <run_address>0x3030</run_address>
         <size>0xff</size>
         <input_file_ref idref="fl-4"/>
      </object_component>
      <object_component id="oc-359">
         <name>.debug_info</name>
         <load_address>0x312f</load_address>
         <run_address>0x312f</run_address>
         <size>0x101</size>
         <input_file_ref idref="fl-4"/>
      </object_component>
      <object_component id="oc-1dc">
         <name>.debug_info</name>
         <load_address>0x3230</load_address>
         <run_address>0x3230</run_address>
         <size>0x3db</size>
         <input_file_ref idref="fl-5"/>
      </object_component>
      <object_component id="oc-1df">
         <name>.debug_info</name>
         <load_address>0x360b</load_address>
         <run_address>0x360b</run_address>
         <size>0xd5</size>
         <input_file_ref idref="fl-5"/>
      </object_component>
      <object_component id="oc-12b">
         <name>.debug_info</name>
         <load_address>0x36e0</load_address>
         <run_address>0x36e0</run_address>
         <size>0x193</size>
         <input_file_ref idref="fl-5"/>
      </object_component>
      <object_component id="oc-1e3">
         <name>.debug_info</name>
         <load_address>0x3873</load_address>
         <run_address>0x3873</run_address>
         <size>0x213</size>
         <input_file_ref idref="fl-5"/>
      </object_component>
      <object_component id="oc-21a">
         <name>.debug_info</name>
         <load_address>0x3a86</load_address>
         <run_address>0x3a86</run_address>
         <size>0x66b</size>
         <input_file_ref idref="fl-6"/>
      </object_component>
      <object_component id="oc-3c3">
         <name>.debug_info</name>
         <load_address>0x40f1</load_address>
         <run_address>0x40f1</run_address>
         <size>0x1d4</size>
         <input_file_ref idref="fl-6"/>
      </object_component>
      <object_component id="oc-48e">
         <name>.debug_info</name>
         <load_address>0x42c5</load_address>
         <run_address>0x42c5</run_address>
         <size>0x1a6</size>
         <input_file_ref idref="fl-6"/>
      </object_component>
      <object_component id="oc-3b1">
         <name>.debug_info</name>
         <load_address>0x446b</load_address>
         <run_address>0x446b</run_address>
         <size>0x2ad</size>
         <input_file_ref idref="fl-6"/>
      </object_component>
      <object_component id="oc-3bd">
         <name>.debug_info</name>
         <load_address>0x4718</load_address>
         <run_address>0x4718</run_address>
         <size>0x142</size>
         <input_file_ref idref="fl-6"/>
      </object_component>
      <object_component id="oc-3de">
         <name>.debug_info</name>
         <load_address>0x485a</load_address>
         <run_address>0x485a</run_address>
         <size>0x20c</size>
         <input_file_ref idref="fl-6"/>
      </object_component>
      <object_component id="oc-3d8">
         <name>.debug_info</name>
         <load_address>0x4a66</load_address>
         <run_address>0x4a66</run_address>
         <size>0x56f</size>
         <input_file_ref idref="fl-6"/>
      </object_component>
      <object_component id="oc-3cc">
         <name>.debug_info</name>
         <load_address>0x4fd5</load_address>
         <run_address>0x4fd5</run_address>
         <size>0x571</size>
         <input_file_ref idref="fl-6"/>
      </object_component>
      <object_component id="oc-3d2">
         <name>.debug_info</name>
         <load_address>0x5546</load_address>
         <run_address>0x5546</run_address>
         <size>0x56f</size>
         <input_file_ref idref="fl-6"/>
      </object_component>
      <object_component id="oc-3a5">
         <name>.debug_info</name>
         <load_address>0x5ab5</load_address>
         <run_address>0x5ab5</run_address>
         <size>0x341</size>
         <input_file_ref idref="fl-6"/>
      </object_component>
      <object_component id="oc-3c6">
         <name>.debug_info</name>
         <load_address>0x5df6</load_address>
         <run_address>0x5df6</run_address>
         <size>0x116</size>
         <input_file_ref idref="fl-6"/>
      </object_component>
      <object_component id="oc-3ab">
         <name>.debug_info</name>
         <load_address>0x5f0c</load_address>
         <run_address>0x5f0c</run_address>
         <size>0x2b0</size>
         <input_file_ref idref="fl-6"/>
      </object_component>
      <object_component id="oc-387">
         <name>.debug_info</name>
         <load_address>0x61bc</load_address>
         <run_address>0x61bc</run_address>
         <size>0x184</size>
         <input_file_ref idref="fl-6"/>
      </object_component>
      <object_component id="oc-39f">
         <name>.debug_info</name>
         <load_address>0x6340</load_address>
         <run_address>0x6340</run_address>
         <size>0x215</size>
         <input_file_ref idref="fl-6"/>
      </object_component>
      <object_component id="oc-393">
         <name>.debug_info</name>
         <load_address>0x6555</load_address>
         <run_address>0x6555</run_address>
         <size>0x179</size>
         <input_file_ref idref="fl-6"/>
      </object_component>
      <object_component id="oc-399">
         <name>.debug_info</name>
         <load_address>0x66ce</load_address>
         <run_address>0x66ce</run_address>
         <size>0x189</size>
         <input_file_ref idref="fl-6"/>
      </object_component>
      <object_component id="oc-38d">
         <name>.debug_info</name>
         <load_address>0x6857</load_address>
         <run_address>0x6857</run_address>
         <size>0x1f8</size>
         <input_file_ref idref="fl-6"/>
      </object_component>
      <object_component id="oc-3b7">
         <name>.debug_info</name>
         <load_address>0x6a4f</load_address>
         <run_address>0x6a4f</run_address>
         <size>0x2ad</size>
         <input_file_ref idref="fl-6"/>
      </object_component>
      <object_component id="oc-131">
         <name>.debug_info</name>
         <load_address>0x6cfc</load_address>
         <run_address>0x6cfc</run_address>
         <size>0x2b6</size>
         <input_file_ref idref="fl-6"/>
      </object_component>
      <object_component id="oc-21d">
         <name>.debug_info</name>
         <load_address>0x6fb2</load_address>
         <run_address>0x6fb2</run_address>
         <size>0x55f</size>
         <input_file_ref idref="fl-6"/>
      </object_component>
      <object_component id="oc-4f">
         <name>.debug_info</name>
         <load_address>0x7511</load_address>
         <run_address>0x7511</run_address>
         <size>0x172</size>
         <input_file_ref idref="fl-7"/>
      </object_component>
      <object_component id="oc-10">
         <name>.debug_info</name>
         <load_address>0x7683</load_address>
         <run_address>0x7683</run_address>
         <size>0xd7</size>
         <input_file_ref idref="fl-7"/>
      </object_component>
      <object_component id="oc-2b">
         <name>.debug_info</name>
         <load_address>0x775a</load_address>
         <run_address>0x775a</run_address>
         <size>0x107</size>
         <input_file_ref idref="fl-7"/>
      </object_component>
      <object_component id="oc-31">
         <name>.debug_info</name>
         <load_address>0x7861</load_address>
         <run_address>0x7861</run_address>
         <size>0xf8</size>
         <input_file_ref idref="fl-7"/>
      </object_component>
      <object_component id="oc-3d">
         <name>.debug_info</name>
         <load_address>0x7959</load_address>
         <run_address>0x7959</run_address>
         <size>0x110</size>
         <input_file_ref idref="fl-7"/>
      </object_component>
      <object_component id="oc-37">
         <name>.debug_info</name>
         <load_address>0x7a69</load_address>
         <run_address>0x7a69</run_address>
         <size>0xfe</size>
         <input_file_ref idref="fl-7"/>
      </object_component>
      <object_component id="oc-3ef">
         <name>.debug_info</name>
         <load_address>0x7b67</load_address>
         <run_address>0x7b67</run_address>
         <size>0x39e</size>
         <input_file_ref idref="fl-8"/>
      </object_component>
      <object_component id="oc-137">
         <name>.debug_info</name>
         <load_address>0x7f05</load_address>
[...]
      </symbol>
      <symbol id="sm-443">
         <name>writeData</name>
         <value>0x4865</value>
         <object_component_ref idref="oc-33b"/>
      </symbol>
      <symbol id="sm-444">
         <name>initTiva</name>
         <value>0x2be1</value>
         <object_component_ref idref="oc-1ef"/>
      </symbol>
      <symbol id="sm-445">
         <name>writeCommand</name>
         <value>0x4831</value>
         <object_component_ref idref="oc-32f"/>
      </symbol>
      <symbol id="sm-446">
         <name>delay</name>
         <value>0x49cd</value>
         <object_component_ref idref="oc-335"/>
      </symbol>
      <symbol id="sm-4b4">
         <name>UARTStdioConfig</name>
         <value>0x3cc1</value>
         <object_component_ref idref="oc-190"/>
      </symbol>
      <symbol id="sm-4b5">
         <name>UARTwrite</name>
         <value>0x43a9</value>
         <object_component_ref idref="oc-25c"/>
      </symbol>
      <symbol id="sm-4b6">
         <name>UARTprintf</name>
         <value>0x4a8d</value>
         <object_component_ref idref="oc-11e"/>
      </symbol>
      <symbol id="sm-4b7">
         <name>UARTvprintf</name>
         <value>0x1651</value>
         <object_component_ref idref="oc-197"/>
      </symbol>
      <symbol id="sm-504">
         <name>uvsnprintf</name>
         <value>0x1201</value>
         <object_component_ref idref="oc-4f5"/>
      </symbol>
      <symbol id="sm-505">
         <name>ustrncpy</name>
         <value>0x4955</value>
         <object_component_ref idref="oc-518"/>
      </symbol>
      <symbol id="sm-506">
         <name>usnprintf</name>
         <value>0x4af5</value>
         <object_component_ref idref="oc-487"/>
      </symbol>
      <symbol id="sm-53b">
         <name>uxListRemove</name>
         <value>0x4a33</value>
         <object_component_ref idref="oc-f6"/>
      </symbol>
      <symbol id="sm-53c">
         <name>vListInsert</name>
         <value>0x47c5</value>
         <object_component_ref idref="oc-42d"/>
      </symbol>
      <symbol id="sm-53d">
         <name>vListInitialiseItem</name>
         <value>0x4cbf</value>
         <object_component_ref idref="oc-44c"/>
      </symbol>
      <symbol id="sm-53e">
         <name>vListInsertEnd</name>
         <value>0x4b29</value>
         <object_component_ref idref="oc-fc"/>
      </symbol>
      <symbol id="sm-53f">
         <name>vListInitialise</name>
         <value>0x4b71</value>
         <object_component_ref idref="oc-1aa"/>
      </symbol>
      <symbol id="sm-5c6">
         <name>xQueueGenericCreate</name>
         <value>0x41d9</value>
         <object_component_ref idref="oc-1cf"/>
      </symbol>
      <symbol id="sm-5c7">
         <name>xQueueCreateMutex</name>
         <value>0x435d</value>
         <object_component_ref idref="oc-124"/>
      </symbol>
      <symbol id="sm-5c8">
         <name>xQueueGenericSend</name>
         <value>0x2e55</value>
         <object_component_ref idref="oc-1b0"/>
      </symbol>
      <symbol id="sm-5c9">
         <name>xQueueGenericReset</name>
         <value>0x3821</value>
         <object_component_ref idref="oc-2de"/>
      </symbol>
      <symbol id="sm-5ca">
         <name>xQueueGenericReceive</name>
         <value>0x2815</value>
         <object_component_ref idref="oc-1e9"/>
      </symbol>
      <symbol id="sm-75d">
         <name>vTaskSuspendAll</name>
         <value>0x4c61</value>
         <object_component_ref idref="oc-26a"/>
      </symbol>
      <symbol id="sm-75e">
         <name>vTaskPriorityInherit</name>
         <value>0x3905</value>
         <object_component_ref idref="oc-31b"/>
      </symbol>
      <symbol id="sm-75f">
         <name>vTaskPlaceOnEventList</name>
         <value>0x4551</value>
         <object_component_ref idref="oc-2a9"/>
      </symbol>
      <symbol id="sm-760">
         <name>xTaskCheckForTimeOut</name>
         <value>0x4045</value>
         <object_component_ref idref="oc-297"/>
      </symbol>
      <symbol id="sm-761">
         <name>vTaskStartScheduler</name>
         <value>0x4481</value>
         <object_component_ref idref="oc-13c"/>
      </symbol>
      <symbol id="sm-762">
         <name>vTaskPriorityDisinherit</name>
         <value>0x4439</value>
         <object_component_ref idref="oc-43c"/>
      </symbol>
      <symbol id="sm-763">
         <name>vTaskDelayUntil</name>
         <value>0x3e39</value>
         <object_component_ref idref="oc-308"/>
      </symbol>
      <symbol id="sm-764">
         <name>vTaskMissedYield</name>
         <value>0x4c8d</value>
         <object_component_ref idref="oc-425"/>
      </symbol>
      <symbol id="sm-765">
         <name>xTaskResumeAll</name>
         <value>0x2cb9</value>
         <object_component_ref idref="oc-276"/>
      </symbol>
      <symbol id="sm-766">
         <name>xTaskGetTickCount</name>
         <value>0x4b59</value>
         <object_component_ref idref="oc-302"/>
      </symbol>
      <symbol id="sm-767">
         <name>xTaskGenericCreate</name>
         <value>0x2b05</value>
         <object_component_ref idref="oc-1d5"/>
      </symbol>
      <symbol id="sm-768">
         <name>pxCurrentTCB</name>
         <value>0x20007f38</value>
         <object_component_ref idref="oc-95"/>
      </symbol>
      <symbol id="sm-769">
         <name>vTaskSetTimeOutState</name>
         <value>0x4b41</value>
         <object_component_ref idref="oc-285"/>
      </symbol>
      <symbol id="sm-76a">
         <name>xTaskIncrementTick</name>
         <value>0x24e9</value>
         <object_component_ref idref="oc-9f"/>
      </symbol>
      <symbol id="sm-76b">
         <name>vTaskSwitchContext</name>
         <value>0x32ad</value>
         <object_component_ref idref="oc-98"/>
      </symbol>
      <symbol id="sm-76c">
         <name>xTaskGetCurrentTaskHandle</name>
         <value>0x4c99</value>
         <object_component_ref idref="oc-327"/>
      </symbol>
      <symbol id="sm-76d">
         <name>xTaskRemoveFromEventList</name>
         <value>0x3975</value>
         <object_component_ref idref="oc-2bb"/>
      </symbol>
      <symbol id="sm-7b9">
         <name>pvPortMalloc</name>
         <value>0x3159</value>
         <object_component_ref idref="oc-1a4"/>
      </symbol>
      <symbol id="sm-7ba">
         <name>vPortFree</name>
         <value>0x450d</value>
         <object_component_ref idref="oc-2d8"/>
      </symbol>
      <symbol id="sm-80f">
         <name>vPortYield</name>
         <value>0x4c51</value>
         <object_component_ref idref="oc-2af"/>
      </symbol>
      <symbol id="sm-810">
         <name>xPortSysTickHandler</name>
         <value>0x4a71</value>
         <object_component_ref idref="oc-47"/>
      </symbol>
      <symbol id="sm-811">
         <name>pxPortInitialiseStack</name>
         <value>0x49ef</value>
         <object_component_ref idref="oc-2f1"/>
      </symbol>
      <symbol id="sm-812">
         <name>vPortExitCritical</name>
         <value>0x4c29</value>
         <object_component_ref idref="oc-28b"/>
      </symbol>
      <symbol id="sm-813">
         <name>xPortStartScheduler</name>
         <value>0x4659</value>
         <object_component_ref idref="oc-230"/>
      </symbol>
      <symbol id="sm-814">
         <name>vPortEnterCritical</name>
         <value>0x4c15</value>
         <object_component_ref idref="oc-291"/>
      </symbol>
      <symbol id="sm-821">
         <name>vPortStartFirstTask</name>
         <value>0x3285</value>
         <object_component_ref idref="oc-42"/>
      </symbol>
      <symbol id="sm-822">
         <name>vPortEnableVFP</name>
         <value>0x3299</value>
         <object_component_ref idref="oc-42"/>
      </symbol>
      <symbol id="sm-823">
         <name>xPortPendSVHandler</name>
         <value>0x3209</value>
         <object_component_ref idref="oc-42"/>
      </symbol>
      <symbol id="sm-824">
         <name>vPortClearInterruptMask</name>
         <value>0x3261</value>
         <object_component_ref idref="oc-42"/>
      </symbol>
      <symbol id="sm-825">
         <name>vPortSetInterruptMask</name>
         <value>0x3257</value>
         <object_component_ref idref="oc-42"/>
      </symbol>
      <symbol id="sm-826">
         <name>vPortSVCHandler</name>
         <value>0x326b</value>
         <object_component_ref idref="oc-42"/>
      </symbol>
      <symbol id="sm-854">
         <name>ButtonsInit</name>
         <value>0x3b29</value>
         <object_component_ref idref="oc-223"/>
      </symbol>
      <symbol id="sm-855">
         <name>ButtonsPoll</name>
         <value>0x3511</value>
         <object_component_ref idref="oc-3eb"/>
      </symbol>
      <symbol id="sm-8a9">
         <name>RGBDisable</name>
         <value>0x3b91</value>
         <object_component_ref idref="oc-30e"/>
      </symbol>
      <symbol id="sm-8aa">
         <name>RGBIntensitySet</name>
         <value>0x4b89</value>
         <object_component_ref idref="oc-1c3"/>
      </symbol>
      <symbol id="sm-8ab">
         <name>RGBEnable</name>
         <value>0x2f1d</value>
         <object_component_ref idref="oc-2c9"/>
      </symbol>
      <symbol id="sm-8ac">
         <name>RGBInit</name>
         <value>0x2715</value>
         <object_component_ref idref="oc-1bd"/>
      </symbol>
      <symbol id="sm-8ad">
         <name>RGBColorSet</name>
         <value>0x3481</value>
         <object_component_ref idref="oc-1c9"/>
      </symbol>
      <symbol id="sm-8bf">
         <name>_c_int00</name>
         <value>0x40ed</value>
         <object_component_ref idref="oc-24"/>
      </symbol>
      <symbol id="sm-8c0">
         <name>__stack</name>
         <value>0x20007708</value>
         <object_component_ref idref="oc-29"/>
      </symbol>
      <symbol id="sm-8d7">
         <name>__TI_decompress_none</name>
         <value>0x4c71</value>
         <object_component_ref idref="oc-12"/>
      </symbol>
      <symbol id="sm-8ff">
         <name>__TI_decompress_rle24</name>
         <value>0x4cb9</value>
         <object_component_ref idref="oc-18"/>
      </symbol>
      <symbol id="sm-911">
         <name>__TI_zero_init</name>
         <value>0x4c7f</value>
         <object_component_ref idref="oc-1e"/>
      </symbol>
      <symbol id="sm-91e">
         <name>cos</name>
         <value>0x4ac1</value>
         <object_component_ref idref="oc-4b1"/>
      </symbol>
      <symbol id="sm-93d">
         <name>C$$EXIT</name>
         <value>0x44c9</value>
         <object_component_ref idref="oc-87"/>
      </symbol>
      <symbol id="sm-93e">
         <name>abort</name>
         <value>0x44cd</value>
         <object_component_ref idref="oc-87"/>
      </symbol>
      <symbol id="sm-93f">
         <name>exit</name>
         <value>0x44d5</value>
         <object_component_ref idref="oc-87"/>
      </symbol>
      <symbol id="sm-940">
         <name>__TI_dtors_ptr</name>
         <value>0x20007fb0</value>
         <object_component_ref idref="oc-d9"/>
      </symbol>
      <symbol id="sm-941">
         <name>__TI_cleanup_ptr</name>
         <value>0x20007fac</value>
         <object_component_ref idref="oc-d9"/>
      </symbol>
      <symbol id="sm-965">
         <name>__aeabi_dsub</name>
         <value>0x183b</value>
         <object_component_ref idref="oc-4b7"/>
      </symbol>
      <symbol id="sm-966">
         <name>__aeabi_dadd</name>
         <value>0x1845</value>
         <object_component_ref idref="oc-4b7"/>
      </symbol>
      <symbol id="sm-986">
         <name>__aeabi_ddiv</name>
         <value>0x2295</value>
         <object_component_ref idref="oc-4ac"/>
      </symbol>
      <symbol id="sm-99d">
         <name>__aeabi_dmul</name>
         <value>0x2915</value>
         <object_component_ref idref="oc-4a7"/>
      </symbol>
      <symbol id="sm-9ab">
         <name>__aeabi_d2iz</name>
         <value>0x43f1</value>
         <object_component_ref idref="oc-4bc"/>
      </symbol>
      <symbol id="sm-9ba">
         <name>__aeabi_i2d</name>
         <value>0x48f9</value>
         <object_component_ref idref="oc-4a2"/>
      </symbol>
      <symbol id="sm-9ca">
         <name>memcmp</name>
         <value>0x4a11</value>
         <object_component_ref idref="oc-eb"/>
      </symbol>
      <symbol id="sm-9e5">
         <name>memcpy</name>
         <value>0x334d</value>
         <object_component_ref idref="oc-50"/>
      </symbol>
      <symbol id="sm-9e6">
         <name>__aeabi_memcpy</name>
         <value>0x334d</value>
         <object_component_ref idref="oc-50"/>
      </symbol>
      <symbol id="sm-9e7">
         <name>__aeabi_memcpy8</name>
         <value>0x334d</value>
         <object_component_ref idref="oc-50"/>
      </symbol>
      <symbol id="sm-9e8">
         <name>__aeabi_memcpy4</name>
         <value>0x334d</value>
         <object_component_ref idref="oc-50"/>
      </symbol>
      <symbol id="sm-9f7">
         <name>__aeabi_memset</name>
         <value>0x372f</value>
         <object_component_ref idref="oc-69"/>
      </symbol>
      <symbol id="sm-9f8">
         <name>memset</name>
         <value>0x3735</value>
         <object_component_ref idref="oc-69"/>
      </symbol>
      <symbol id="sm-9f9">
         <name>__aeabi_memset8</name>
         <value>0x372f</value>
         <object_component_ref idref="oc-69"/>
      </symbol>
      <symbol id="sm-9fa">
         <name>__aeabi_memset4</name>
         <value>0x372f</value>
         <object_component_ref idref="oc-69"/>
      </symbol>
      <symbol id="sm-9fb">
         <name>__aeabi_memclr8</name>
         <value>0x372d</value>
         <object_component_ref idref="oc-69"/>
      </symbol>
      <symbol id="sm-9fc">
         <name>__aeabi_memclr4</name>
         <value>0x372d</value>
         <object_component_ref idref="oc-69"/>
      </symbol>
      <symbol id="sm-9fd">
         <name>__aeabi_memclr</name>
         <value>0x372d</value>
         <object_component_ref idref="oc-69"/>
      </symbol>
      <symbol id="sm-a07">
         <name>_system_pre_init</name>
         <value>0x4cc5</value>
         <object_component_ref idref="oc-75"/>
      </symbol>
      <symbol id="sm-a14">
         <name>sin</name>
         <value>0x4adb</value>
         <object_component_ref idref="oc-4c1"/>
      </symbol>
      <symbol id="sm-a1c">
         <name>main_func_sp</name>
         <value>0x20007fd4</value>
         <object_component_ref idref="oc-8d"/>
      </symbol>
      <symbol id="sm-a2f">
         <name>__aeabi_uidivmod</name>
         <value>0x4595</value>
         <object_component_ref idref="oc-262"/>
      </symbol>
      <symbol id="sm-a30">
         <name>__aeabi_uidiv</name>
         <value>0x4595</value>
         <object_component_ref idref="oc-262"/>
      </symbol>
      <symbol id="sm-a6f">
         <name>_Sin</name>
         <value>0xf6d</value>
         <object_component_ref idref="oc-508"/>
      </symbol>
      <symbol id="sm-a7f">
         <name>_Rteps</name>
         <value>0x20007f18</value>
         <object_component_ref idref="oc-532"/>
      </symbol>
      <symbol id="sm-a80">
         <name>_Zero</name>
         <value>0x20007f30</value>
         <object_component_ref idref="oc-532"/>
      </symbol>
      <symbol id="sm-a81">
         <name>_Hugeval</name>
         <value>0x20007ed8</value>
         <object_component_ref idref="oc-532"/>
      </symbol>
      <symbol id="sm-a82">
         <name>_Snan</name>
         <value>0x20007f08</value>
         <object_component_ref idref="oc-532"/>
      </symbol>
      <symbol id="sm-a83">
         <name>_Nan</name>
         <value>0x20007ef8</value>
         <object_component_ref idref="oc-532"/>
      </symbol>
      <symbol id="sm-a84">
         <name>_Inf</name>
         <value>0x20007ee8</value>
         <object_component_ref idref="oc-532"/>
      </symbol>
      <symbol id="sm-a85">
         <name>_Xbig</name>
         <value>0x20007f28</value>
         <object_component_ref idref="oc-532"/>
      </symbol>
      <symbol id="sm-a86">
         <name>_Eps</name>
         <value>0x20007ec8</value>
         <object_component_ref idref="oc-532"/>
      </symbol>
      <symbol id="sm-a87">
         <name>_Denorm</name>
         <value>0x20007eb8</value>
         <object_component_ref idref="oc-532"/>
      </symbol>
      <symbol id="sm-aa0">
         <name>_nop</name>
         <value>0x4be7</value>
         <object_component_ref idref="oc-14d"/>
      </symbol>
      <symbol id="sm-aa1">
         <name>_lock</name>
         <value>0x20007fa4</value>
         <object_component_ref idref="oc-d6"/>
      </symbol>
      <symbol id="sm-aa2">
         <name>_unlock</name>
         <value>0x20007fa8</value>
         <object_component_ref idref="oc-d6"/>
      </symbol>
      <symbol id="sm-aa3">
         <name>_register_lock</name>
         <value>0x4bdf</value>
         <object_component_ref idref="oc-14d"/>
      </symbol>
      <symbol id="sm-aa4">
         <name>_register_unlock</name>
         <value>0x4bd9</value>
         <object_component_ref idref="oc-14d"/>
      </symbol>
      <symbol id="sm-ab9">
         <name>_args_main</name>
         <value>0x4b11</value>
         <object_component_ref idref="oc-81"/>
      </symbol>
      <symbol id="sm-adf">
         <name>__TI_auto_init</name>
         <value>0x3a51</value>
         <object_component_ref idref="oc-7b"/>
      </symbol>
      <symbol id="sm-af9">
         <name>copy_in</name>
         <value>0x4311</value>
         <object_component_ref idref="oc-c6"/>
      </symbol>
      <symbol id="sm-b10">
         <name>__aeabi_cdcmpeq</name>
         <value>0x3629</value>
         <object_component_ref idref="oc-521"/>
      </symbol>
      <symbol id="sm-b11">
         <name>__aeabi_cdcmple</name>
         <value>0x3629</value>
         <object_component_ref idref="oc-521"/>
      </symbol>
      <symbol id="sm-b35">
         <name>fmod</name>
         <value>0x1b99</value>
         <object_component_ref idref="oc-526"/>
      </symbol>
      <symbol id="sm-b4a">
         <name>_Dnorm</name>
         <value>0x2fdd</value>
         <object_component_ref idref="oc-53f"/>
      </symbol>
      <symbol id="sm-b66">
         <name>_Dscale</name>
         <value>0x2605</value>
         <object_component_ref idref="oc-545"/>
      </symbol>
      <symbol id="sm-b75">
         <name>_Feraise</name>
         <value>0x48c9</value>
         <object_component_ref idref="oc-52c"/>
      </symbol>
      <symbol id="sm-b7d">
         <name>_Errno</name>
         <value>0x20007fd0</value>
         <object_component_ref idref="oc-553"/>
      </symbol>
      <symbol id="sm-b9b">
         <name>feraiseexcept</name>
         <value>0x47fd</value>
         <object_component_ref idref="oc-54d"/>
      </symbol>
      <symbol id="sm-b9c">
         <name>_Tls_setup__Fenv</name>
         <value>0x20007fb8</value>
         <object_component_ref idref="oc-56e"/>
      </symbol>
      <symbol id="sm-b9d">
         <name>_Fenv</name>
         <value>0x20007fb4</value>
         <object_component_ref idref="oc-56e"/>
      </symbol>
      <symbol id="sm-bb1">
         <name>raise</name>
         <value>0x4927</value>
         <object_component_ref idref="oc-568"/>
      </symbol>
      <symbol id="sm-bcb">
         <name>signal</name>
         <value>0x4619</value>
         <object_component_ref idref="oc-57a"/>
      </symbol>
      <symbol id="sm-be2">
         <name>UARTClockSourceSet</name>
         <value>0x4cb3</value>
         <object_component_ref idref="oc-18a"/>
      </symbol>
      <symbol id="sm-be6">
         <name>__TI_static_base__</name>
         <value>0x0</value>
      </symbol>
      <symbol id="sm-be9">
         <name>SHT$$INIT_ARRAY$$Limit</name>
         <value>0x0</value>
      </symbol>
      <symbol id="sm-bea">
         <name>SHT$$INIT_ARRAY$$Base</name>
         <value>0x0</value>
      </symbol>
   </symbol_table>
   <title>Link successful</title>
</link_info>
