******************************************************************************
                  TI ARM Linker PC v5.2.2                      
******************************************************************************
>> Linked Thu May 07 22:32:39 2015

OUTPUT FILE NAME:   <freertos_demo.out>
ENTRY POINT SYMBOL: "_c_int00"  address: 0000fcc5


MEMORY CONFIGURATION

         name            origin    length      used     unused   attr    fill
----------------------  --------  ---------  --------  --------  ----  --------
  FLASH                 00000000   00040000  00010efb  0002f105  R  X
  SRAM                  20000000   00008000  00007fdd  00000023  RW X


SEGMENT ALLOCATION MAP

run origin  load origin   length   init length attrs members
----------  ----------- ---------- ----------- ----- -------
00000000    00000000    00010f00   00010f00    r-x
  00000000    00000000    0000026c   0000026c    r-- .intvecs
  00000270    00000270    00009163   00009163    r-- .const
  000093d4    000093d4    00007a04   00007a04    r-x .text
  00010dd8    00010dd8    00000128   00000128    r-- .cinit
20000000    20000000    00007fe4   00000000    rw-
  20000000    20000000    00007b6a   00000000    rw- .bss
  20007b70    20007b70    00000273   00000000    rw- .data
  20007de4    20007de4    00000200   00000000    rw- .stack


SECTION ALLOCATION MAP

 output                                  attributes/
section   page    origin      length       input sections
--------  ----  ----------  ----------   ----------------
.intvecs   0    00000000    0000026c     
                  00000000    0000026c     startup_ccs.obj (.intvecs)

.const     0    00000270    00009163     
                  00000270    00007378     cc932.obj (.const:uni2sjis)
                  000075e8    00001054     graphics.obj (.const:font_11x16)
                  0000863c    00000474     graphics.obj (.const:font_8x12)
                  00008ab0    000001e0     graphics.obj (.const:font_5x7)
                  00008c90    000001e0     cc932.obj (.const:tbl_lower$1)
                  00008e70    000001e0     cc932.obj (.const:tbl_upper$2)
                  00009050    00000192     screen_task.obj (.const:.string)
                  000091e2    00000002     --HOLE-- [fill = 0]
                  000091e4    00000090     driverlib.lib : gpio.obj (.const:g_pui32GPIOBaseAddrs)
                  00009274    00000004     --HOLE-- [fill = 0]
                  00009278    00000080     rtsv7M4_T_le_v4SPD16_eabi.lib : xsin.obj (.const)
                  000092f8    0000006c     driverlib.lib : sysctl.obj (.const:g_pui32Xtals)
                  00009364    00000020     lcd.obj (.const:.string)
                  00009384    0000001c     uartstdio.obj (.const)
                  000093a0    00000014     tasks.obj (.const:.string)
                  000093b4    00000012     uartstdio.obj (.const:.string)
                  000093c6    0000000d     ff.obj (.const:.string)

.text      0    000093d4    00007a04     
                  000093d4    0000065c     screen_task.obj (.text:ScreenTask)
                  00009a30    00000318     screen_task.obj (.text:showAnalogAccel)
                  00009d48    00000310     screen_task.obj (.text:showAnalogSpeed)
                  0000a058    0000030c     screen_task.obj (.text:showAnalogGForce)
                  0000a364    00000304     ff.obj (.text:chk_mounted)
                  0000a668    00000294     rtsv7M4_T_le_v4SPD16_eabi.lib : xsin.obj (.text)
                  0000a8fc    0000024d     ustdlib.obj (.text:uvsnprintf)
                  0000ab49    00000001     --HOLE-- [fill = 0]
                  0000ab4a    00000002     startup_ccs.obj (.text:FaultISR)
                  0000ab4c    00000233     ff.obj (.text:create_name)
                  0000ad7f    00000001     --HOLE-- [fill = 0]
                  0000ad80    00000220     screen_task.obj (.text:initWriteSDCard)
                  0000afa0    00000200     screen_task.obj (.text:menuScreen)
                  0000b1a0    000001ea     uartstdio.obj (.text:UARTvprintf)
                  0000b38a    00000002     startup_ccs.obj (.text:IntDefaultHandler)
                  0000b38c    000001dc     screen_task.obj (.text:closeSDCard)
                  0000b568    000001c8     screen_task.obj (.text:checkSDCard)
                  0000b730    000001b6     rtsv7M4_T_le_v4SPD16_eabi.lib : fd_add_t2.obj (.text)
                  0000b8e6    00000002     startup_ccs.obj (.text:NmiSR)
                  0000b8e8    00000190     switch_task.obj (.text:SwitchTask)
                  0000ba78    00000190     ff.obj (.text:f_write)
                  0000bc08    00000174     rtsv7M4_T_le_v4SPD16_eabi.lib : fmod.obj (.text)
                  0000bd7c    00000168     screen_task.obj (.text:diaMassScreen)
                  0000bee4    00000160     screen_task.obj (.text:algDgtScreen)
                  0000c044    00000160     screen_task.obj (.text:timDatScreen)
                  0000c1a4    00000154     RTC_task.obj (.text:RTCTask)
                  0000c2f8    00000154     diskio.obj (.text:disk_ioctl)
                  0000c44c    00000150     screen_task.obj (.text:ScreenTaskInit)
                  0000c59c    00000148     ff.obj (.text:f_open)
                  0000c6e4    00000140     diskio.obj (.text:disk_initialize)
                  0000c824    00000136     rtsv7M4_T_le_v4SPD16_eabi.lib : fd_div_t2.obj (.text)
                  0000c95a    00000002     freertos_demo.obj (.text:vApplicationStackOverflowHook)
                  0000c95c    00000134     screen_task.obj (.text:writeSDCard)
                  0000ca90    00000130     driverlib.lib : gpio.obj (.text:GPIOPadConfigSet)
                  0000cbc0    0000011c     screen_task.obj (.text:showDigital)
                  0000ccdc    0000011c     tasks.obj (.text:xTaskIncrementTick)
                  0000cdf8    00000118     driverlib.lib : sysctl.obj (.text:SysCtlClockGet)
                  0000cf10    00000112     ff.obj (.text:dir_register)
                  0000d022    00000002     --HOLE-- [fill = 0]
                  0000d024    00000110     rtsv7M4_T_le_v4SPD16_eabi.lib : xdscale.obj (.text)
                  0000d134    0000010c     diskio.obj (.text:power_on)
                  0000d240    00000100     rgb.obj (.text:RGBInit)
                  0000d340    00000100     queue.obj (.text:xQueueGenericReceive)
                  0000d440    000000fc     rtsv7M4_T_le_v4SPD16_eabi.lib : fd_mul_t2.obj (.text)
                  0000d53c    000000f8     ff.obj (.text:dir_next)
                  0000d634    000000f4     graphics.obj (.text:drawLine)
                  0000d728    000000e2     ff.obj (.text:put_fat)
                  0000d80a    00000002     --HOLE-- [fill = 0]
                  0000d80c    000000dc     tasks.obj (.text:xTaskGenericCreate)
                  0000d8e8    000000d8     radio_task.obj (.text:initRadio)
                  0000d9c0    000000d8     tiva.obj (.text:initTiva)
                  0000da98    000000d4     tasks.obj (.text:xTaskResumeAll)
                  0000db6c    000000cc     ff.obj (.text:get_fat)
                  0000dc38    000000c8     RTC.obj (.text:I2CSend)
                  0000dd00    000000c8     led_task.obj (.text:LEDTaskInit)
                  0000ddc8    000000c6     queue.obj (.text:xQueueGenericSend)
                  0000de8e    00000002     --HOLE-- [fill = 0]
                  0000de90    000000c0     rgb.obj (.text:RGBEnable)
                  0000df50    000000be     rtsv7M4_T_le_v4SPD16_eabi.lib : xdnorm.obj (.text)
                  0000e00e    00000002     --HOLE-- [fill = 0]
                  0000e010    000000bc     diskio.obj (.text:disk_write)
                  0000e0cc    000000bc     graphics.obj (.text:drawCircle)
                  0000e188    000000b6     ff.obj (.text:dir_find)
                  0000e23e    000000b0     ff.obj (.text:sync_fs)
                  0000e2ee    00000002     --HOLE-- [fill = 0]
                  0000e2f0    000000ac     radio_task.obj (.text:RadioTaskInit)
                  0000e39c    000000ac     heap_2.obj (.text:pvPortMalloc)
                  0000e448    000000a6     portasm.obj (.text)
                  0000e4ee    000000a0     ff.obj (.text:gen_numname)
                  0000e58e    00000002     --HOLE-- [fill = 0]
                  0000e590    000000a0     tasks.obj (.text:vTaskSwitchContext)
                  0000e630    0000009c     rtsv7M4_T_le_v4SPD16_eabi.lib : memcpy_t2.obj (.text)
                  0000e6cc    00000098     ff.obj (.text:create_chain)
                  0000e764    00000090     rgb.obj (.text:RGBColorSet)
                  0000e7f4    00000090     ff.obj (.text:f_sync)
                  0000e884    0000008c     buttons.obj (.text:ButtonsPoll)
                  0000e910    0000008c     led_task.obj (.text:LEDTask)
                  0000e99c    0000008c     diskio.obj (.text:disk_read)
                  0000ea28    0000008c     freertos_demo.obj (.text:main)
                  0000eab4    00000088     screen_task.obj (.text:displayTimeDate)
                  0000eb3c    00000086     rtsv7M4_T_le_v4SPD16_eabi.lib : fd_cmp_t2.obj (.text:__aeabi_cdcmple)
                  0000ebc2    00000002     --HOLE-- [fill = 0]
                  0000ebc4    00000084     RTC_task.obj (.text:RTCTaskInit)
                  0000ec48    00000084     screen_task.obj (.text:changeDate)
                  0000eccc    0000007c     screen_task.obj (.text:changeTime)
                  0000ed48    0000007c     ff.obj (.text:dir_sdi)
                  0000edc4    0000007a     rtsv7M4_T_le_v4SPD16_eabi.lib : memset_t2.obj (.text)
                  0000ee3e    00000002     --HOLE-- [fill = 0]
                  0000ee40    00000078     ff.obj (.text:cmp_lfn)
                  0000eeb8    00000074     ff.obj (.text:check_fs)
                  0000ef2c    00000072     graphics.obj (.text:drawHalfCircle)
                  0000ef9e    00000072     queue.obj (.text:xQueueGenericReset)
                  0000f010    00000070     screen_task.obj (.text:checkDate)
                  0000f080    00000070     tasks.obj (.text:vTaskPriorityInherit)
                  0000f0f0    00000070     tasks.obj (.text:xTaskRemoveFromEventList)
                  0000f160    0000006c     RTC.obj (.text:InitI2C0)
                  0000f1cc    0000006c     queue.obj (.text:prvCopyDataToQueue)
                  0000f238    0000006c     rtsv7M4_T_le_v4SPD16_eabi.lib : autoinit.obj (.text)
                  0000f2a4    0000006a                                   : copy_decompress_rle.obj (.text)
                  0000f30e    00000002     --HOLE-- [fill = 0]
                  0000f310    00000068     buttons.obj (.text:ButtonsInit)
                  0000f378    00000068     rgb.obj (.text:RGBDisable)
                  0000f3e0    00000066     diskio.obj (.text:send_cmd)
                  0000f446    00000002     --HOLE-- [fill = 0]
                  0000f448    00000064     freertos_demo.obj (.text:ConfigureUART)
                  0000f4ac    00000064     ff.obj (.text:follow_path)
                  0000f510    00000062     queue.obj (.text:prvUnlockQueue)
                  0000f572    00000062     ff.obj (.text:remove_chain)
                  0000f5d4    00000060     uartstdio.obj (.text:UARTStdioConfig)
                  0000f634    00000060     cc932.obj (.text:ff_convert)
                  0000f694    00000060     screen_task.obj (.text:hardcodeParams)
                  0000f6f4    00000060     tasks.obj (.text:prvInitialiseTaskLists)
                  0000f754    00000060     diskio.obj (.text:send_initial_clock_train)
                  0000f7b4    0000005c     graphics.obj (.text:clearScreen)
                  0000f810    0000005c     ff.obj (.text:fit_lfn)
                  0000f86c    0000005c     tasks.obj (.text:vTaskDelayUntil)
                  0000f8c8    00000058     RTC.obj (.text:I2CReceive)
                  0000f920    00000058     graphics.obj (.text:drawCharLg)
                  0000f978    00000058     graphics.obj (.text:drawCharSm)
                  0000f9d0    00000058     tasks.obj (.text:prvCheckTasksWaitingTermination)
                  0000fa28    00000056     ff.obj (.text:sync_window)
                  0000fa7e    00000002     --HOLE-- [fill = 0]
                  0000fa80    00000054     graphics.obj (.text:drawCharMd)
                  0000fad4    00000054     lcd.obj (.text:gammaAdjustmentST7735)
                  0000fb28    00000054     diskio.obj (.text:set_max_speed)
                  0000fb7c    00000054     tasks.obj (.text:xTaskCheckForTimeOut)
                  0000fbd0    00000052     graphics.obj (.text:drawString)
                  0000fc22    00000052     diskio.obj (.text:xmit_datablock)
                  0000fc74    00000050     driverlib.lib : sysctl.obj (.text:SysCtlPeripheralReset)
                  0000fcc4    00000050     rtsv7M4_T_le_v4SPD16_eabi.lib : boot.obj (.text)
                  0000fd14    0000004e     tasks.obj (.text:prvInitialiseTCBVariables)
                  0000fd62    0000004e     lcd.obj (.text:setArea)
                  0000fdb0    0000004e     queue.obj (.text:xQueueGenericCreate)
                  0000fdfe    00000002     --HOLE-- [fill = 0]
                  0000fe00    0000004d     screen_task.obj (.text:stopScreen)
                  0000fe4d    00000003     --HOLE-- [fill = 0]
                  0000fe50    0000004c     tasks.obj (.text:prvAddCurrentTaskToDelayedList)
                  0000fe9c    0000004c     rtsv7M4_T_le_v4SPD16_eabi.lib : cpy_tbl.obj (.text)
                  0000fee8    0000004c     queue.obj (.text:xQueueCreateMutex)
                  0000ff34    00000048     driverlib.lib : gpio.obj (.text:GPIOPinConfigure)
                  0000ff7c    00000048                   : i2c.obj (.text:I2CMasterInitExpClk)
                  0000ffc4    00000048     switch_task.obj (.text:SwitchTaskInit)
                  0001000c    00000048     uartstdio.obj (.text:UARTwrite)
                  00010054    00000048     diskio.obj (.text:rcvr_datablock)
                  0001009c    00000048     rtsv7M4_T_le_v4SPD16_eabi.lib : fd_toi_t2.obj (.text)
                  000100e4    00000048     tasks.obj (.text:vTaskPriorityDisinherit)
                  0001012c    00000048     tasks.obj (.text:vTaskStartScheduler)
                  00010174    00000044     rtsv7M4_T_le_v4SPD16_eabi.lib : exit.obj (.text)
                  000101b8    00000044     heap_2.obj (.text:vPortFree)
                  000101fc    00000044     tasks.obj (.text:vTaskPlaceOnEventList)
                  00010240    00000042     rtsv7M4_T_le_v4SPD16_eabi.lib : u_divt2.obj (.text)
                  00010282    00000002     --HOLE-- [fill = 0]
                  00010284    00000040     screen_task.obj (.text:changeDiam)
                  000102c4    00000040     rtsv7M4_T_le_v4SPD16_eabi.lib : signal.obj (.text)
                  00010304    00000040     port.obj (.text:xPortStartScheduler)
                  00010344    0000003e     ff.obj (.text:dir_alloc)
                  00010382    0000003e     lcd.obj (.text:initLCD)
                  000103c0    0000003c     screen_task.obj (.text:changeMass)
                  000103fc    0000003c     graphics.obj (.text:fillRect)
                  00010438    0000003c     lcd.obj (.text:setOrientation)
                  00010474    0000003a     RTC.obj (.text:getDate)
                  000104ae    00000038     tasks.obj (.text:prvAllocateTCBAndStack)
                  000104e6    00000038     list.obj (.text:vListInsert)
                  0001051e    00000036     RTC.obj (.text:getTime)
                  00010554    00000034     screen_task.obj (.text:StringFromFResult)
                  00010588    00000034     driverlib.lib : sysctl.obj (.text:SysCtlPeripheralEnable)
                  000105bc    00000034     rtsv7M4_T_le_v4SPD16_eabi.lib : feraiseexcept.obj (.text)
                  000105f0    00000034     tiva.obj (.text:writeCommand)
                  00010624    00000034     tiva.obj (.text:writeData)
                  00010658    00000032     diskio.obj (.text:send_cmd12)
                  0001068a    00000002     --HOLE-- [fill = 0]
                  0001068c    00000030     heap_2.obj (.text:prvHeapInit)
                  000106bc    00000030     rtsv7M4_T_le_v4SPD16_eabi.lib : xferaise.obj (.text)
                  000106ec    0000002e     ff.obj (.text:move_window)
                  0001071a    0000002e     rtsv7M4_T_le_v4SPD16_eabi.lib : i_tofd_t2.obj (.text)
                  00010748    0000002e                                   : raise.obj (.text)
                  00010776    00000002     --HOLE-- [fill = 0]
                  00010778    0000002c     ff.obj (.text:f_mount)
                  000107a4    0000002c     diskio.obj (.text:rcvr_spi)
                  000107d0    0000002a     driverlib.lib : gpio.obj (.text:GPIODirModeSet)
                  000107fa    0000002a     ustdlib.obj (.text:ustrncpy)
                  00010824    00000028     cc932.obj (.text:ff_wtoupper)
                  0001084c    00000028     queue.obj (.text:prvCopyDataFromQueue)
                  00010874    00000028     ff.obj (.text:validate)
                  0001089c    00000024     graphics.obj (.text:drawPixel)
                  000108c0    00000024     diskio.obj (.text:xmit_spi)
                  000108e4    00000022     screen_task.obj (.text:BCD)
                  00010906    00000022     tiva.obj (.text:delay)
                  00010928    00000022     port.obj (.text:pxPortInitialiseStack)
                  0001094a    00000022     rtsv7M4_T_le_v4SPD16_eabi.lib : memcmp.obj (.text)
                  0001096c    00000022     list.obj (.text:uxListRemove)
                  0001098e    00000002     --HOLE-- [fill = 0]
                  00010990    00000020     diskio.obj (.text:wait_ready)
                  000109b0    0000001e     ff.obj (.text:ld_clust)
                  000109ce    0000001e     ff.obj (.text:sum_sfn)
                  000109ec    0000001c     ff.obj (.text:mem_cmp)
                  00010a08    0000001c     queue.obj (.text:prvIsQueueFull)
                  00010a24    0000001c     port.obj (.text:xPortSysTickHandler)
                  00010a40    0000001a     uartstdio.obj (.text:UARTprintf)
                  00010a5a    0000001a     queue.obj (.text:prvIsQueueEmpty)
                  00010a74    0000001a     rtsv7M4_T_le_v4SPD16_eabi.lib : cos.obj (.text)
                  00010a8e    0000001a                                   : sin.obj (.text)
                  00010aa8    0000001a     ustdlib.obj (.text:usnprintf)
                  00010ac2    00000018     ff.obj (.text:clust2sect)
                  00010ada    00000002     --HOLE-- [fill = 0]
                  00010adc    00000018     rtsv7M4_T_le_v4SPD16_eabi.lib : args_main.obj (.text)
                  00010af4    00000018     list.obj (.text:vListInsertEnd)
                  00010b0c    00000018     tasks.obj (.text:vTaskSetTimeOutState)
                  00010b24    00000018     tasks.obj (.text:xTaskGetTickCount)
                  00010b3c    00000016     ff.obj (.text:mem_cpy)
                  00010b52    00000016     list.obj (.text:vListInitialise)
                  00010b68    00000014     rgb.obj (.text:RGBIntensitySet)
                  00010b7c    00000014     lcd.obj (.text:getScreenHeight)
                  00010b90    00000014     lcd.obj (.text:getScreenWidth)
                  00010ba4    00000014     ff.obj (.text:mem_set)
                  00010bb8    00000014     port.obj (.text:prvSetupTimerInterrupt)
                  00010bcc    00000014     rtsv7M4_T_le_v4SPD16_eabi.lib : _lock.obj (.text)
                  00010be0    00000014                                   : strlen.obj (.text)
                  00010bf4    00000014     graphics.obj (.text:setBackgroundColor)
                  00010c08    00000014     graphics.obj (.text:setColor)
                  00010c1c    00000014     port.obj (.text:vPortEnterCritical)
                  00010c30    00000014     port.obj (.text:vPortExitCritical)
                  00010c44    00000012     driverlib.lib : gpio.obj (.text:GPIOPinTypeI2C)
                  00010c56    00000012                   : gpio.obj (.text:GPIOPinTypeI2CSCL)
                  00010c68    00000012                   : ssi.obj (.text:SSIDataGetNonBlocking)
                  00010c7a    00000012     ff.obj (.text:chk_chr)
                  00010c8c    00000012     tasks.obj (.text:prvDeleteTCB)
                  00010c9e    00000010     screen_task.obj (.text:DCB)
                  00010cae    00000002     --HOLE-- [fill = 0]
                  00010cb0    00000010     diskio.obj (.text:DESELECT)
                  00010cc0    00000010     diskio.obj (.text:SELECT)
                  00010cd0    00000010     diskio.obj (.text:disk_status)
                  00010ce0    00000010     ff.obj (.text:f_close)
                  00010cf0    00000010     ff.obj (.text:st_clust)
                  00010d00    00000010     port.obj (.text:vPortYield)
                  00010d10    00000010     tasks.obj (.text:vTaskSuspendAll)
                  00010d20    0000000e     rtsv7M4_T_le_v4SPD16_eabi.lib : copy_decompress_none.obj (.text:decompress:none)
                  00010d2e    0000000c     radio_task.obj (.text:RadioTask)
                  00010d3a    00000002     --HOLE-- [fill = 0]
                  00010d3c    0000000c     diskio.obj (.text:chk_power)
                  00010d48    0000000c     rtsv7M4_T_le_v4SPD16_eabi.lib : copy_zero_init.obj (.text:decompress:ZI)
                  00010d54    0000000c     diskio.obj (.text:power_off)
                  00010d60    0000000c     diskio.obj (.text:rcvr_spi_m)
                  00010d6c    0000000c     tasks.obj (.text:vTaskMissedYield)
                  00010d78    0000000c     tasks.obj (.text:xTaskGetCurrentTaskHandle)
                  00010d84    0000000a     driverlib.lib : i2c.obj (.text:I2CMasterEnable)
                  00010d8e    00000008                   : i2c.obj (.text:I2CMasterBusy)
                  00010d96    00000008                   : i2c.obj (.text:I2CMasterSlaveAddrSet)
                  00010d9e    00000002     --HOLE-- [fill = 0]
                  00010da0    00000008     diskio.obj (.text:get_fattime)
                  00010da8    00000008     tasks.obj (.text:prvIdleTask)
                  00010db0    00000006     startup_ccs.obj (.text:ResetISR)
                  00010db6    00000006     driverlib.lib : uart.obj (.text:UARTClockSourceSet)
                  00010dbc    00000006     rtsv7M4_T_le_v4SPD16_eabi.lib : copy_decompress_rle.obj (.text:decompress:rle24)
                  00010dc2    00000006     list.obj (.text:vListInitialiseItem)
                  00010dc8    00000004     driverlib.lib : i2c.obj (.text:I2CMasterControl)
                  00010dcc    00000004                   : i2c.obj (.text:I2CMasterDataGet)
                  00010dd0    00000004                   : i2c.obj (.text:I2CMasterDataPut)
                  00010dd4    00000004     rtsv7M4_T_le_v4SPD16_eabi.lib : pre_init.obj (.text)

.cinit     0    00010dd8    00000128     
                  00010dd8    00000101     (.cinit..data.load) [load image, compression = rle]
                  00010ed9    00000003     --HOLE-- [fill = 0]
                  00010edc    0000000c     (__TI_handler_table)
                  00010ee8    00000008     (.cinit..bss.load) [load image, compression = zero_init]
                  00010ef0    00000010     (__TI_cinit_table)

.init_array 
*          0    00000000    00000000     UNINITIALIZED

.bss       0    20000000    00007b6a     UNINITIALIZED
                  20000000    00007530     heap_2.obj (.bss:ucHeap)
                  20007530    00000234     screen_task.obj (.bss:g_sFatFs)
                  20007764    00000224     screen_task.obj (.bss:fil)
                  20007988    00000140     tasks.obj (.bss:pxReadyTasksLists)
                  20007ac8    00000014     (.common:xDelayedTaskList1)
                  20007adc    00000014     (.common:xDelayedTaskList2)
                  20007af0    00000014     (.common:xPendingReadyList)
                  20007b04    00000014     (.common:xSuspendedTaskList)
                  20007b18    00000014     (.common:xTasksWaitingTermination)
                  20007b2c    0000000c     (.common:g_ui32Colors)
                  20007b38    00000008     (.common:xEnd)
                  20007b40    00000008     (.common:xStart)
                  20007b48    00000004     (.common:FatFs)
                  20007b4c    00000004     (.common:g_pLEDQueue)
                  20007b50    00000004     (.common:g_pRTCQueue)
                  20007b54    00000004     (.common:g_pScreenQueue)
                  20007b58    00000004     (.common:g_pUARTSemaphore)
                  20007b5c    00000004     (.common:pxDelayedTaskList)
                  20007b60    00000004     (.common:pxOverflowDelayedTaskList)
                  20007b64    00000002     (.common:Fsid)
                  20007b66    00000001     (.common:CardType)
                  20007b67    00000001     (.common:Timer1)
                  20007b68    00000001     (.common:Timer2)
                  20007b69    00000001     (.common:g_ui8ColorsIndx)

.data      0    20007b70    00000273     UNINITIALIZED
                  20007b70    000000b0     rtsv7M4_T_le_v4SPD16_eabi.lib : signal.obj (.data:sigtable)
                  20007c20    000000a0     screen_task.obj (.data:g_psFResultStrings)
                  20007cc0    00000080     rtsv7M4_T_le_v4SPD16_eabi.lib : xvalues.obj (.data)
                  20007d40    00000030     tasks.obj (.data)
                  20007d70    00000028     screen_task.obj (.data)
                  20007d98    0000000c     led_task.obj (.data)
                  20007da4    00000008     heap_2.obj (.data)
                  20007dac    00000008     rtsv7M4_T_le_v4SPD16_eabi.lib : _lock.obj (.data)
                  20007db4    00000008                                   : exit.obj (.data)
                  20007dbc    00000008                                   : feraiseexcept.obj (.data)
                  20007dc4    00000005     uartstdio.obj (.data)
                  20007dc9    00000004     graphics.obj (.data)
                  20007dcd    00000003     buttons.obj (.data)
                  20007dd0    00000004     port.obj (.data)
                  20007dd4    00000004     rgb.obj (.data)
                  20007dd8    00000004     rtsv7M4_T_le_v4SPD16_eabi.lib : errno.obj (.data)
                  20007ddc    00000004                                   : stkdepth_vars.obj (.data)
                  20007de0    00000002     diskio.obj (.data)
                  20007de2    00000001     lcd.obj (.data)

.TI.noinit 
*          0    20000000    00000000     UNINITIALIZED

.TI.persistent 
*          0    20007b70    00000000     UNINITIALIZED

.stack     0    20007de4    00000200     UNINITIALIZED
                  20007de4    00000200     --HOLE--


LINKER GENERATED COPY TABLES

__TI_cinit_table @ 00010ef0 records: 2, size/record: 8, table size: 16
	.data: load addr=00010dd8, load size=00000101 bytes, run addr=20007b70, run size=00000273 bytes, compression=rle
	.bss: load addr=00010ee8, load size=00000008 bytes, run addr=20000000, run size=00007b6a bytes, compression=zero_init


LINKER GENERATED HANDLER TABLE

__TI_handler_table @ 00010edc records: 3, size/record: 4, table size: 12
	index: 0, handler: __TI_decompress_rle24
	index: 1, handler: __TI_decompress_none
	index: 2, handler: __TI_zero_init


GLOBAL SYMBOLS: SORTED ALPHABETICALLY BY Name 

address   name                         
-------   ----                         
000108e5  BCD                          
0000f311  ButtonsInit                  
0000e885  ButtonsPoll                  
00010175  C$$EXIT                      
0000f449  ConfigureUART                
00010c9f  DCB                          
000107d1  GPIODirModeSet               
0000ca91  GPIOPadConfigSet             
0000ff35  GPIOPinConfigure             
00010c45  GPIOPinTypeI2C               
00010c57  GPIOPinTypeI2CSCL            
00010d8f  I2CMasterBusy                
00010dc9  I2CMasterControl             
00010dcd  I2CMasterDataGet             
00010dd1  I2CMasterDataPut             
00010d85  I2CMasterEnable              
0000ff7d  I2CMasterInitExpClk          
00010d97  I2CMasterSlaveAddrSet        
0000f8c9  I2CReceive                   
0000dc39  I2CSend                      
0000f161  InitI2C0                     
0000dd01  LEDTaskInit                  
0000e765  RGBColorSet                  
0000f379  RGBDisable                   
0000de91  RGBEnable                    
0000d241  RGBInit                      
00010b69  RGBIntensitySet              
0000ebc5  RTCTaskInit                  
0000e2f1  RadioTaskInit                
00010db1  ResetISR                     
UNDEFED   SHT$$INIT_ARRAY$$Base        
UNDEFED   SHT$$INIT_ARRAY$$Limit       
00010c69  SSIDataGetNonBlocking        
0000c44d  ScreenTaskInit               
00010555  StringFromFResult            
0000ffc5  SwitchTaskInit               
0000cdf9  SysCtlClockGet               
00010589  SysCtlPeripheralEnable       
0000fc75  SysCtlPeripheralReset        
00010db7  UARTClockSourceSet           
0000f5d5  UARTStdioConfig              
00010a41  UARTprintf                   
0000b1a1  UARTvprintf                  
0001000d  UARTwrite                    
20007cc0  _Denorm                      
0000df51  _Dnorm                       
0000d025  _Dscale                      
20007cd0  _Eps                         
20007dd8  _Errno                       
20007dbc  _Fenv                        
000106bd  _Feraise                     
20007ce0  _Hugeval                     
20007cf0  _Inf                         
20007d00  _Nan                         
20007d20  _Rteps                       
0000a669  _Sin                         
20007d10  _Snan                        
20007dc0  _Tls_setup__Fenv             
20007d30  _Xbig                        
20007d38  _Zero                        
20007fe4  __STACK_END                  
00000200  __STACK_SIZE                 
20007fe4  __STACK_TOP                  
00010ef0  __TI_CINIT_Base              
00010f00  __TI_CINIT_Limit             
00010edc  __TI_Handler_Table_Base      
00010ee8  __TI_Handler_Table_Limit     
0000f239  __TI_auto_init               
20007db4  __TI_cleanup_ptr             
00010d21  __TI_decompress_none         
00010dbd  __TI_decompress_rle24        
20007db8  __TI_dtors_ptr               
00000000  __TI_static_base__           
00010d49  __TI_zero_init               
0000eb3d  __aeabi_cdcmpeq              
0000eb3d  __aeabi_cdcmple              
0001009d  __aeabi_d2iz                 
0000b73b  __aeabi_dadd                 
0000c825  __aeabi_ddiv                 
0000d441  __aeabi_dmul                 
0000b731  __aeabi_dsub                 
0001071b  __aeabi_i2d                  
0000edc5  __aeabi_memclr               
0000edc5  __aeabi_memclr4              
0000edc5  __aeabi_memclr8              
0000e631  __aeabi_memcpy               
0000e631  __aeabi_memcpy4              
0000e631  __aeabi_memcpy8              
0000edc7  __aeabi_memset               
0000edc7  __aeabi_memset4              
0000edc7  __aeabi_memset8              
00010241  __aeabi_uidiv                
00010241  __aeabi_uidivmod             
ffffffff  __binit__                    
ffffffff  __c_args__                   
20007de4  __stack                      
00010add  _args_main                   
0000fcc5  _c_int00                     
20007dac  _lock                        
00010bdb  _nop                         
20007de2  _orientation                 
00010bd3  _register_lock               
00010bcd  _register_unlock             
00010dd5  _system_pre_init             
20007db0  _unlock                      
00010179  abort                        
20007d74  accel                        
20007d8c  adOption                     
0000bee5  algDgtScreen                 
20007dcc  bgColorHighByte              
20007dcb  bgColorLowByte               
ffffffff  binit                        
0000ec49  changeDate                   
00010285  changeDiam                   
000103c1  changeMass                   
0000eccd  changeTime                   
0000f011  checkDate                    
0000b569  checkSDCard                  
0000f7b5  clearScreen                  
0000b38d  closeSDCard                  
00010ac3  clust2sect                   
20007dca  colorHighByte                
20007dc9  colorLowByte                 
0000fe9d  copy_in                      
00010a75  cos                          
00010907  delay                        
0000bd7d  diaMassScreen                
20007d80  dir                          
0000c6e5  disk_initialize              
0000c2f9  disk_ioctl                   
0000e99d  disk_read                    
00010cd1  disk_status                  
0000e011  disk_write                   
0000eab5  displayTimeDate              
20007d94  dmOption                     
0000f921  drawCharLg                   
0000fa81  drawCharMd                   
0000f979  drawCharSm                   
0000e0cd  drawCircle                   
0000ef2d  drawHalfCircle               
0000d635  drawLine                     
0001089d  drawPixel                    
0000fbd1  drawString                   
00010181  exit                         
00010ce1  f_close                      
00010779  f_mount                      
0000c59d  f_open                       
0000e7f5  f_sync                       
0000ba79  f_write                      
000105bd  feraiseexcept                
0000f635  ff_convert                   
00010825  ff_wtoupper                  
20007764  fil                          
000103fd  fillRect                     
0000bc09  fmod                         
000075e8  font_11x16                   
00008ab0  font_5x7                     
0000863c  font_8x12                    
20007d78  gForce                       
20007b4c  g_pLEDQueue                  
20007b50  g_pRTCQueue                  
20007b54  g_pScreenQueue               
20007b58  g_pUARTSemaphore             
00000000  g_pfnVectors                 
20007c20  g_psFResultStrings           
0000fad5  gammaAdjustmentST7735        
0000e4ef  gen_numname                  
00010475  getDate                      
00010b7d  getScreenHeight              
00010b91  getScreenWidth               
0001051f  getTime                      
0000db6d  get_fat                      
00010da1  get_fattime                  
0000f695  hardcodeParams               
00010383  initLCD                      
0000d8e9  initRadio                    
0000d9c1  initTiva                     
0000ad81  initWriteSDCard              
0000ea29  main                         
20007ddc  main_func_sp                 
0001094b  memcmp                       
0000e631  memcpy                       
0000edcd  memset                       
20007d88  menuOption                   
0000afa1  menuScreen                   
20007d7c  odom                         
0000d729  put_fat                      
0000e39d  pvPortMalloc                 
20007d40  pxCurrentTCB                 
00010929  pxPortInitialiseStack        
00010749  raise                        
0000fd63  setArea                      
00010bf5  setBackgroundColor           
00010c09  setColor                     
00010439  setOrientation               
00009a31  showAnalogAccel              
0000a059  showAnalogGForce             
00009d49  showAnalogSpeed              
0000cbc1  showDigital                  
000102c5  signal                       
00010a8f  sin                          
20007d70  speed                        
20007d84  state                        
0000fe01  stopScreen                   
00010be1  strlen                       
20007d90  tdOption                     
0000c045  timDatScreen                 
00010aa9  usnprintf                    
000107fb  ustrncpy                     
0000a8fd  uvsnprintf                   
0001096d  uxListRemove                 
0000c95b  vApplicationStackOverflowHook
00010b53  vListInitialise              
00010dc3  vListInitialiseItem          
000104e7  vListInsert                  
00010af5  vListInsertEnd               
0000e4a5  vPortClearInterruptMask      
0000e4dd  vPortEnableVFP               
00010c1d  vPortEnterCritical           
00010c31  vPortExitCritical            
000101b9  vPortFree                    
0000e4af  vPortSVCHandler              
0000e49b  vPortSetInterruptMask        
0000e4c9  vPortStartFirstTask          
00010d01  vPortYield                   
0000f86d  vTaskDelayUntil              
00010d6d  vTaskMissedYield             
000101fd  vTaskPlaceOnEventList        
000100e5  vTaskPriorityDisinherit      
0000f081  vTaskPriorityInherit         
00010b0d  vTaskSetTimeOutState         
0001012d  vTaskStartScheduler          
00010d11  vTaskSuspendAll              
0000e591  vTaskSwitchContext           
000105f1  writeCommand                 
00010625  writeData                    
0000c95d  writeSDCard                  
0000e44d  xPortPendSVHandler           
00010305  xPortStartScheduler          
00010a25  xPortSysTickHandler          
0000fee9  xQueueCreateMutex            
0000fdb1  xQueueGenericCreate          
0000d341  xQueueGenericReceive         
0000ef9f  xQueueGenericReset           
0000ddc9  xQueueGenericSend            
0000fb7d  xTaskCheckForTimeOut         
0000d80d  xTaskGenericCreate           
00010d79  xTaskGetCurrentTaskHandle    
00010b25  xTaskGetTickCount            
0000ccdd  xTaskIncrementTick           
0000f0f1  xTaskRemoveFromEventList     
0000da99  xTaskResumeAll               


GLOBAL SYMBOLS: SORTED BY Symbol Address 

address   name                         
-------   ----                         
00000000  __TI_static_base__           
00000000  g_pfnVectors                 
00000200  __STACK_SIZE                 
000075e8  font_11x16                   
0000863c  font_8x12                    
00008ab0  font_5x7                     
00009a31  showAnalogAccel              
00009d49  showAnalogSpeed              
0000a059  showAnalogGForce             
0000a669  _Sin                         
0000a8fd  uvsnprintf                   
0000ad81  initWriteSDCard              
0000afa1  menuScreen                   
0000b1a1  UARTvprintf                  
0000b38d  closeSDCard                  
0000b569  checkSDCard                  
0000b731  __aeabi_dsub                 
0000b73b  __aeabi_dadd                 
0000ba79  f_write                      
0000bc09  fmod                         
0000bd7d  diaMassScreen                
0000bee5  algDgtScreen                 
0000c045  timDatScreen                 
0000c2f9  disk_ioctl                   
0000c44d  ScreenTaskInit               
0000c59d  f_open                       
0000c6e5  disk_initialize              
0000c825  __aeabi_ddiv                 
0000c95b  vApplicationStackOverflowHook
0000c95d  writeSDCard                  
0000ca91  GPIOPadConfigSet             
0000cbc1  showDigital                  
0000ccdd  xTaskIncrementTick           
0000cdf9  SysCtlClockGet               
0000d025  _Dscale                      
0000d241  RGBInit                      
0000d341  xQueueGenericReceive         
0000d441  __aeabi_dmul                 
0000d635  drawLine                     
0000d729  put_fat                      
0000d80d  xTaskGenericCreate           
0000d8e9  initRadio                    
0000d9c1  initTiva                     
0000da99  xTaskResumeAll               
0000db6d  get_fat                      
0000dc39  I2CSend                      
0000dd01  LEDTaskInit                  
0000ddc9  xQueueGenericSend            
0000de91  RGBEnable                    
0000df51  _Dnorm                       
0000e011  disk_write                   
0000e0cd  drawCircle                   
0000e2f1  RadioTaskInit                
0000e39d  pvPortMalloc                 
0000e44d  xPortPendSVHandler           
0000e49b  vPortSetInterruptMask        
0000e4a5  vPortClearInterruptMask      
0000e4af  vPortSVCHandler              
0000e4c9  vPortStartFirstTask          
0000e4dd  vPortEnableVFP               
0000e4ef  gen_numname                  
0000e591  vTaskSwitchContext           
0000e631  __aeabi_memcpy               
0000e631  __aeabi_memcpy4              
0000e631  __aeabi_memcpy8              
0000e631  memcpy                       
0000e765  RGBColorSet                  
0000e7f5  f_sync                       
0000e885  ButtonsPoll                  
0000e99d  disk_read                    
0000ea29  main                         
0000eab5  displayTimeDate              
0000eb3d  __aeabi_cdcmpeq              
0000eb3d  __aeabi_cdcmple              
0000ebc5  RTCTaskInit                  
0000ec49  changeDate                   
0000eccd  changeTime                   
0000edc5  __aeabi_memclr               
0000edc5  __aeabi_memclr4              
0000edc5  __aeabi_memclr8              
0000edc7  __aeabi_memset               
0000edc7  __aeabi_memset4              
0000edc7  __aeabi_memset8              
0000edcd  memset                       
0000ef2d  drawHalfCircle               
0000ef9f  xQueueGenericReset           
0000f011  checkDate                    
0000f081  vTaskPriorityInherit         
0000f0f1  xTaskRemoveFromEventList     
0000f161  InitI2C0                     
0000f239  __TI_auto_init               
0000f311  ButtonsInit                  
0000f379  RGBDisable                   
0000f449  ConfigureUART                
0000f5d5  UARTStdioConfig              
0000f635  ff_convert                   
0000f695  hardcodeParams               
0000f7b5  clearScreen                  
0000f86d  vTaskDelayUntil              
0000f8c9  I2CReceive                   
0000f921  drawCharLg                   
0000f979  drawCharSm                   
0000fa81  drawCharMd                   
0000fad5  gammaAdjustmentST7735        
0000fb7d  xTaskCheckForTimeOut         
0000fbd1  drawString                   
0000fc75  SysCtlPeripheralReset        
0000fcc5  _c_int00                     
0000fd63  setArea                      
0000fdb1  xQueueGenericCreate          
0000fe01  stopScreen                   
0000fe9d  copy_in                      
0000fee9  xQueueCreateMutex            
0000ff35  GPIOPinConfigure             
0000ff7d  I2CMasterInitExpClk          
0000ffc5  SwitchTaskInit               
0001000d  UARTwrite                    
0001009d  __aeabi_d2iz                 
000100e5  vTaskPriorityDisinherit      
0001012d  vTaskStartScheduler          
00010175  C$$EXIT                      
00010179  abort                        
00010181  exit                         
000101b9  vPortFree                    
000101fd  vTaskPlaceOnEventList        
00010241  __aeabi_uidiv                
00010241  __aeabi_uidivmod             
00010285  changeDiam                   
000102c5  signal                       
00010305  xPortStartScheduler          
00010383  initLCD                      
000103c1  changeMass                   
000103fd  fillRect                     
00010439  setOrientation               
00010475  getDate                      
000104e7  vListInsert                  
0001051f  getTime                      
00010555  StringFromFResult            
00010589  SysCtlPeripheralEnable       
000105bd  feraiseexcept                
000105f1  writeCommand                 
00010625  writeData                    
000106bd  _Feraise                     
0001071b  __aeabi_i2d                  
00010749  raise                        
00010779  f_mount                      
000107d1  GPIODirModeSet               
000107fb  ustrncpy                     
00010825  ff_wtoupper                  
0001089d  drawPixel                    
000108e5  BCD                          
00010907  delay                        
00010929  pxPortInitialiseStack        
0001094b  memcmp                       
0001096d  uxListRemove                 
00010a25  xPortSysTickHandler          
00010a41  UARTprintf                   
00010a75  cos                          
00010a8f  sin                          
00010aa9  usnprintf                    
00010ac3  clust2sect                   
00010add  _args_main                   
00010af5  vListInsertEnd               
00010b0d  vTaskSetTimeOutState         
00010b25  xTaskGetTickCount            
00010b53  vListInitialise              
00010b69  RGBIntensitySet              
00010b7d  getScreenHeight              
00010b91  getScreenWidth               
00010bcd  _register_unlock             
00010bd3  _register_lock               
00010bdb  _nop                         
00010be1  strlen                       
00010bf5  setBackgroundColor           
00010c09  setColor                     
00010c1d  vPortEnterCritical           
00010c31  vPortExitCritical            
00010c45  GPIOPinTypeI2C               
00010c57  GPIOPinTypeI2CSCL            
00010c69  SSIDataGetNonBlocking        
00010c9f  DCB                          
00010cd1  disk_status                  
00010ce1  f_close                      
00010d01  vPortYield                   
00010d11  vTaskSuspendAll              
00010d21  __TI_decompress_none         
00010d49  __TI_zero_init               
00010d6d  vTaskMissedYield             
00010d79  xTaskGetCurrentTaskHandle    
00010d85  I2CMasterEnable              
00010d8f  I2CMasterBusy                
00010d97  I2CMasterSlaveAddrSet        
00010da1  get_fattime                  
00010db1  ResetISR                     
00010db7  UARTClockSourceSet           
00010dbd  __TI_decompress_rle24        
00010dc3  vListInitialiseItem          
00010dc9  I2CMasterControl             
00010dcd  I2CMasterDataGet             
00010dd1  I2CMasterDataPut             
00010dd5  _system_pre_init             
00010edc  __TI_Handler_Table_Base      
00010ee8  __TI_Handler_Table_Limit     
00010ef0  __TI_CINIT_Base              
00010f00  __TI_CINIT_Limit             
20007764  fil                          
20007b4c  g_pLEDQueue                  
20007b50  g_pRTCQueue                  
20007b54  g_pScreenQueue               
20007b58  g_pUARTSemaphore             
20007c20  g_psFResultStrings           
20007cc0  _Denorm                      
20007cd0  _Eps                         
20007ce0  _Hugeval                     
20007cf0  _Inf                         
20007d00  _Nan                         
20007d10  _Snan                        
20007d20  _Rteps                       
20007d30  _Xbig                        
20007d38  _Zero                        
20007d40  pxCurrentTCB                 
20007d70  speed                        
20007d74  accel                        
20007d78  gForce                       
20007d7c  odom                         
20007d80  dir                          
20007d84  state                        
20007d88  menuOption                   
20007d8c  adOption                     
20007d90  tdOption                     
20007d94  dmOption                     
20007dac  _lock                        
20007db0  _unlock                      
20007db4  __TI_cleanup_ptr             
20007db8  __TI_dtors_ptr               
20007dbc  _Fenv                        
20007dc0  _Tls_setup__Fenv             
20007dc9  colorLowByte                 
20007dca  colorHighByte                
20007dcb  bgColorLowByte               
20007dcc  bgColorHighByte              
20007dd8  _Errno                       
20007ddc  main_func_sp                 
20007de2  _orientation                 
20007de4  __stack                      
20007fe4  __STACK_END                  
20007fe4  __STACK_TOP                  
ffffffff  __binit__                    
ffffffff  __c_args__                   
ffffffff  binit                        
UNDEFED   SHT$$INIT_ARRAY$$Base        
UNDEFED   SHT$$INIT_ARRAY$$Limit       

[252 symbols]
