******************************************************************************
                  TI ARM Linker PC v5.2.2                      
******************************************************************************
>> Linked Sat Mar 28 13:02:35 2015

OUTPUT FILE NAME:   <freertos_demo.out>
ENTRY POINT SYMBOL: "_c_int00"  address: 00002299


MEMORY CONFIGURATION

         name            origin    length      used     unused   attr    fill
----------------------  --------  ---------  --------  --------  ----  --------
  FLASH                 00000000   00040000  000042f2  0003bd0e  R  X
  SRAM                  20000000   00008000  0000797e  00000682  RW X


SEGMENT ALLOCATION MAP

run origin  load origin   length   init length attrs members
----------  ----------- ---------- ----------- ----- -------
00000000    00000000    000042f8   000042f8    r-x
  00000000    00000000    0000026c   0000026c    r-- .intvecs
  0000026c    0000026c    0000292c   0000292c    r-x .text
  00002b98    00002b98    0000170a   0000170a    r-- .const
  000042a8    000042a8    00000050   00000050    r-- .cinit
20000000    20000000    00007981   00000000    rw-
  20000000    20000000    00007705   00000000    rw- .bss
  20007708    20007708    00000200   00000000    rw- .stack
  20007908    20007908    00000079   00000000    rw- .data


SECTION ALLOCATION MAP

 output                                  attributes/
section   page    origin      length       input sections
--------  ----  ----------  ----------   ----------------
.intvecs   0    00000000    0000026c     
                  00000000    0000026c     startup_ccs.obj (.intvecs)

.text      0    0000026c    0000292c     
                  0000026c    000001ea     uartstdio.obj (.text:UARTvprintf)
                  00000456    00000002     startup_ccs.obj (.text:FaultISR)
                  00000458    000001ac     menu_task.obj (.text:MenuTaskInit)
                  00000604    00000188     menu_task.obj (.text:menuScreen)
                  0000078c    00000160     switch_task.obj (.text:SwitchTaskInit)
                  000008ec    0000011c     led_task.obj (.text:LEDTask)
                  00000a08    0000011c     tasks.obj (.text:xTaskIncrementTick)
                  00000b24    0000010c     menu_task.obj (.text:MenuTask)
                  00000c30    00000100     rgb.obj (.text:RGBInit)
                  00000d30    00000100     queue.obj (.text:xQueueGenericReceive)
                  00000e30    000000fc     switch_task.obj (.text:SwitchTask)
                  00000f2c    000000dc     tasks.obj (.text:xTaskGenericCreate)
                  00001008    000000d8     tiva.obj (.text:initTiva)
                  000010e0    000000d4     tasks.obj (.text:xTaskResumeAll)
                  000011b4    000000c8     led_task.obj (.text:LEDTaskInit)
                  0000127c    000000c6     queue.obj (.text:xQueueGenericSend)
                  00001342    00000002     startup_ccs.obj (.text:IntDefaultHandler)
                  00001344    000000c0     rgb.obj (.text:RGBEnable)
                  00001404    000000ac     heap_2.obj (.text:pvPortMalloc)
                  000014b0    000000a6     portasm.obj (.text)
                  00001556    00000002     startup_ccs.obj (.text:NmiSR)
                  00001558    000000a0     tasks.obj (.text:vTaskSwitchContext)
                  000015f8    0000009e     graphics.obj (.text:drawString)
                  00001696    0000009c     rtsv7M4_T_le_v4SPD16_eabi.lib : memcpy_t2.obj (.text)
                  00001732    00000002     freertos_demo.obj (.text:vApplicationStackOverflowHook)
                  00001734    00000090     rgb.obj (.text:RGBColorSet)
                  000017c4    00000090     graphics.obj (.text:drawCharLgBkg)
                  00001854    0000008c     buttons.obj (.text:ButtonsPoll)
                  000018e0    0000008c     graphics.obj (.text:drawCharMdBkg)
                  0000196c    00000088     graphics.obj (.text:drawCharSmBkg)
                  000019f4    0000007c     freertos_demo.obj (.text:main)
                  00001a70    0000007a     rtsv7M4_T_le_v4SPD16_eabi.lib : memset_t2.obj (.text)
                  00001aea    00000072     queue.obj (.text:xQueueGenericReset)
                  00001b5c    00000070     tasks.obj (.text:vTaskPriorityInherit)
                  00001bcc    00000070     tasks.obj (.text:xTaskRemoveFromEventList)
                  00001c3c    0000006c     queue.obj (.text:prvCopyDataToQueue)
                  00001ca8    0000006c     rtsv7M4_T_le_v4SPD16_eabi.lib : autoinit.obj (.text)
                  00001d14    0000006a                                   : copy_decompress_rle.obj (.text)
                  00001d7e    00000002     --HOLE-- [fill = 0]
                  00001d80    00000068     buttons.obj (.text:ButtonsInit)
                  00001de8    00000068     rgb.obj (.text:RGBDisable)
                  00001e50    00000064     freertos_demo.obj (.text:ConfigureUART)
                  00001eb4    00000062     queue.obj (.text:prvUnlockQueue)
                  00001f16    00000002     --HOLE-- [fill = 0]
                  00001f18    00000060     uartstdio.obj (.text:UARTStdioConfig)
                  00001f78    00000060     tasks.obj (.text:prvInitialiseTaskLists)
                  00001fd8    0000005c     graphics.obj (.text:clearScreen)
                  00002034    0000005c     tasks.obj (.text:vTaskDelayUntil)
                  00002090    00000058     graphics.obj (.text:drawCharLg)
                  000020e8    00000058     graphics.obj (.text:drawCharMd)
                  00002140    00000058     graphics.obj (.text:drawCharSm)
                  00002198    00000058     tasks.obj (.text:prvCheckTasksWaitingTermination)
                  000021f0    00000054     lcd.obj (.text:gammaAdjustmentST7735)
                  00002244    00000054     tasks.obj (.text:xTaskCheckForTimeOut)
                  00002298    00000050     rtsv7M4_T_le_v4SPD16_eabi.lib : boot.obj (.text)
                  000022e8    0000004e     tasks.obj (.text:prvInitialiseTCBVariables)
                  00002336    0000004e     lcd.obj (.text:setArea)
                  00002384    0000004e     queue.obj (.text:xQueueGenericCreate)
                  000023d2    00000002     --HOLE-- [fill = 0]
                  000023d4    0000004c     tasks.obj (.text:prvAddCurrentTaskToDelayedList)
                  00002420    0000004c     rtsv7M4_T_le_v4SPD16_eabi.lib : cpy_tbl.obj (.text)
                  0000246c    0000004c     queue.obj (.text:xQueueCreateMutex)
                  000024b8    00000048     uartstdio.obj (.text:UARTwrite)
                  00002500    00000048     tasks.obj (.text:vTaskPriorityDisinherit)
                  00002548    00000048     tasks.obj (.text:vTaskStartScheduler)
                  00002590    00000044     rtsv7M4_T_le_v4SPD16_eabi.lib : exit.obj (.text)
                  000025d4    00000044     heap_2.obj (.text:vPortFree)
                  00002618    00000044     tasks.obj (.text:vTaskPlaceOnEventList)
                  0000265c    00000042     rtsv7M4_T_le_v4SPD16_eabi.lib : u_divt2.obj (.text)
                  0000269e    00000002     --HOLE-- [fill = 0]
                  000026a0    00000040     port.obj (.text:xPortStartScheduler)
                  000026e0    0000003e     lcd.obj (.text:initLCD)
                  0000271e    00000002     --HOLE-- [fill = 0]
                  00002720    0000003c     graphics.obj (.text:fillRect)
                  0000275c    0000003c     lcd.obj (.text:setOrientation)
                  00002798    00000038     tasks.obj (.text:prvAllocateTCBAndStack)
                  000027d0    00000038     list.obj (.text:vListInsert)
                  00002808    00000034     tiva.obj (.text:writeCommand)
                  0000283c    00000034     tiva.obj (.text:writeData)
                  00002870    00000030     heap_2.obj (.text:prvHeapInit)
                  000028a0    00000028     queue.obj (.text:prvCopyDataFromQueue)
                  000028c8    00000024     graphics.obj (.text:drawPixel)
                  000028ec    00000022     tiva.obj (.text:delay)
                  0000290e    00000022     port.obj (.text:pxPortInitialiseStack)
                  00002930    00000022     rtsv7M4_T_le_v4SPD16_eabi.lib : memcmp.obj (.text)
                  00002952    00000022     list.obj (.text:uxListRemove)
                  00002974    0000001c     queue.obj (.text:prvIsQueueFull)
                  00002990    0000001c     port.obj (.text:xPortSysTickHandler)
                  000029ac    0000001a     uartstdio.obj (.text:UARTprintf)
                  000029c6    0000001a     queue.obj (.text:prvIsQueueEmpty)
                  000029e0    00000018     rtsv7M4_T_le_v4SPD16_eabi.lib : args_main.obj (.text)
                  000029f8    00000018     list.obj (.text:vListInsertEnd)
                  00002a10    00000018     tasks.obj (.text:vTaskSetTimeOutState)
                  00002a28    00000018     tasks.obj (.text:xTaskGetTickCount)
                  00002a40    00000016     list.obj (.text:vListInitialise)
                  00002a56    00000002     --HOLE-- [fill = 0]
                  00002a58    00000014     rgb.obj (.text:RGBIntensitySet)
                  00002a6c    00000014     lcd.obj (.text:getScreenHeight)
                  00002a80    00000014     lcd.obj (.text:getScreenWidth)
                  00002a94    00000014     port.obj (.text:prvSetupTimerInterrupt)
                  00002aa8    00000014     rtsv7M4_T_le_v4SPD16_eabi.lib : _lock.obj (.text)
                  00002abc    00000014     graphics.obj (.text:setBackgroundColor)
                  00002ad0    00000014     graphics.obj (.text:setColor)
                  00002ae4    00000014     port.obj (.text:vPortEnterCritical)
                  00002af8    00000014     port.obj (.text:vPortExitCritical)
                  00002b0c    00000012     tasks.obj (.text:prvDeleteTCB)
                  00002b1e    00000002     --HOLE-- [fill = 0]
                  00002b20    00000010     port.obj (.text:vPortYield)
                  00002b30    00000010     tasks.obj (.text:vTaskSuspendAll)
                  00002b40    0000000e     rtsv7M4_T_le_v4SPD16_eabi.lib : copy_decompress_none.obj (.text:decompress:none)
                  00002b4e    0000000c                                   : copy_zero_init.obj (.text:decompress:ZI)
                  00002b5a    00000002     --HOLE-- [fill = 0]
                  00002b5c    0000000c     tasks.obj (.text:vTaskMissedYield)
                  00002b68    0000000c     tasks.obj (.text:xTaskGetCurrentTaskHandle)
                  00002b74    00000008     tasks.obj (.text:prvIdleTask)
                  00002b7c    00000006     startup_ccs.obj (.text:ResetISR)
                  00002b82    00000006     driverlib.lib : uart.obj (.text:UARTClockSourceSet)
                  00002b88    00000006     rtsv7M4_T_le_v4SPD16_eabi.lib : copy_decompress_rle.obj (.text:decompress:rle24)
                  00002b8e    00000006     list.obj (.text:vListInitialiseItem)
                  00002b94    00000004     rtsv7M4_T_le_v4SPD16_eabi.lib : pre_init.obj (.text)

.const     0    00002b98    0000170a     
                  00002b98    00001054     graphics.obj (.const:font_11x16)
                  00003bec    00000474     graphics.obj (.const:font_8x12)
                  00004060    000001e0     graphics.obj (.const:font_5x7)
                  00004240    00000020     lcd.obj (.const:.string)
                  00004260    0000001c     uartstdio.obj (.const)
                  0000427c    00000014     tasks.obj (.const:.string)
                  00004290    00000012     uartstdio.obj (.const:.string)

.cinit     0    000042a8    00000050     
                  000042a8    0000002a     (.cinit..data.load) [load image, compression = rle]
                  000042d2    00000002     --HOLE-- [fill = 0]
                  000042d4    0000000c     (__TI_handler_table)
                  000042e0    00000008     (.cinit..bss.load) [load image, compression = zero_init]
                  000042e8    00000010     (__TI_cinit_table)

.init_array 
*          0    00000000    00000000     UNINITIALIZED

.bss       0    20000000    00007705     UNINITIALIZED
                  20000000    00007530     heap_2.obj (.bss:ucHeap)
                  20007530    00000140     tasks.obj (.bss:pxReadyTasksLists)
                  20007670    00000014     (.common:xDelayedTaskList1)
                  20007684    00000014     (.common:xDelayedTaskList2)
                  20007698    00000014     (.common:xPendingReadyList)
                  200076ac    00000014     (.common:xSuspendedTaskList)
                  200076c0    00000014     (.common:xTasksWaitingTermination)
                  200076d4    0000000c     (.common:g_ui32Colors)
                  200076e0    00000008     (.common:xEnd)
                  200076e8    00000008     (.common:xStart)
                  200076f0    00000004     (.common:g_pLEDQueue)
                  200076f4    00000004     (.common:g_pMenuQueue)
                  200076f8    00000004     (.common:g_pUARTSemaphore)
                  200076fc    00000004     (.common:pxDelayedTaskList)
                  20007700    00000004     (.common:pxOverflowDelayedTaskList)
                  20007704    00000001     (.common:g_ui8ColorsIndx)

.TI.noinit 
*          0    20000000    00000000     UNINITIALIZED

.stack     0    20007708    00000200     UNINITIALIZED
                  20007708    00000200     --HOLE--

.data      0    20007908    00000079     UNINITIALIZED
                  20007908    00000030     tasks.obj (.data)
                  20007938    0000000c     led_task.obj (.data)
                  20007944    0000000c     menu_task.obj (.data)
                  20007950    00000008     heap_2.obj (.data)
                  20007958    00000008     rtsv7M4_T_le_v4SPD16_eabi.lib : _lock.obj (.data)
                  20007960    00000008                                   : exit.obj (.data)
                  20007968    00000005     uartstdio.obj (.data)
                  2000796d    00000004     graphics.obj (.data)
                  20007971    00000003     buttons.obj (.data)
                  20007974    00000004     port.obj (.data)
                  20007978    00000004     rgb.obj (.data)
                  2000797c    00000004     rtsv7M4_T_le_v4SPD16_eabi.lib : stkdepth_vars.obj (.data)
                  20007980    00000001     lcd.obj (.data)

.TI.persistent 
*          0    20007908    00000000     UNINITIALIZED


LINKER GENERATED COPY TABLES

__TI_cinit_table @ 000042e8 records: 2, size/record: 8, table size: 16
	.data: load addr=000042a8, load size=0000002a bytes, run addr=20007908, run size=00000079 bytes, compression=rle
	.bss: load addr=000042e0, load size=00000008 bytes, run addr=20000000, run size=00007705 bytes, compression=zero_init


LINKER GENERATED HANDLER TABLE

__TI_handler_table @ 000042d4 records: 3, size/record: 4, table size: 12
	index: 0, handler: __TI_decompress_rle24
	index: 1, handler: __TI_decompress_none
	index: 2, handler: __TI_zero_init


GLOBAL SYMBOLS: SORTED ALPHABETICALLY BY Name 

address   name                         
-------   ----                         
00001d81  ButtonsInit                  
00001855  ButtonsPoll                  
00002591  C$$EXIT                      
00001e51  ConfigureUART                
000011b5  LEDTaskInit                  
00000459  MenuTaskInit                 
00001735  RGBColorSet                  
00001de9  RGBDisable                   
00001345  RGBEnable                    
00000c31  RGBInit                      
00002a59  RGBIntensitySet              
00002b7d  ResetISR                     
UNDEFED   SHT$$INIT_ARRAY$$Base        
UNDEFED   SHT$$INIT_ARRAY$$Limit       
0000078d  SwitchTaskInit               
00002b83  UARTClockSourceSet           
00001f19  UARTStdioConfig              
000029ad  UARTprintf                   
0000026d  UARTvprintf                  
000024b9  UARTwrite                    
20007908  __STACK_END                  
00000200  __STACK_SIZE                 
20007908  __STACK_TOP                  
000042e8  __TI_CINIT_Base              
000042f8  __TI_CINIT_Limit             
000042d4  __TI_Handler_Table_Base      
000042e0  __TI_Handler_Table_Limit     
00001ca9  __TI_auto_init               
20007960  __TI_cleanup_ptr             
00002b41  __TI_decompress_none         
00002b89  __TI_decompress_rle24        
20007964  __TI_dtors_ptr               
00000000  __TI_static_base__           
00002b4f  __TI_zero_init               
00001a71  __aeabi_memclr               
00001a71  __aeabi_memclr4              
00001a71  __aeabi_memclr8              
00001697  __aeabi_memcpy               
00001697  __aeabi_memcpy4              
00001697  __aeabi_memcpy8              
00001a73  __aeabi_memset               
00001a73  __aeabi_memset4              
00001a73  __aeabi_memset8              
0000265d  __aeabi_uidiv                
0000265d  __aeabi_uidivmod             
ffffffff  __binit__                    
ffffffff  __c_args__                   
20007708  __stack                      
000029e1  _args_main                   
00002299  _c_int00                     
20007958  _lock                        
00002ab7  _nop                         
20007980  _orientation                 
00002aaf  _register_lock               
00002aa9  _register_unlock             
00002b95  _system_pre_init             
2000795c  _unlock                      
00002595  abort                        
2000794c  adOption                     
20007970  bgColorHighByte              
2000796f  bgColorLowByte               
ffffffff  binit                        
00001fd9  clearScreen                  
2000796e  colorHighByte                
2000796d  colorLowByte                 
00002421  copy_in                      
000028ed  delay                        
00002091  drawCharLg                   
000017c5  drawCharLgBkg                
000020e9  drawCharMd                   
000018e1  drawCharMdBkg                
00002141  drawCharSm                   
0000196d  drawCharSmBkg                
000028c9  drawPixel                    
000015f9  drawString                   
0000259d  exit                         
00002721  fillRect                     
00002b98  font_11x16                   
00004060  font_5x7                     
00003bec  font_8x12                    
200076f0  g_pLEDQueue                  
200076f4  g_pMenuQueue                 
200076f8  g_pUARTSemaphore             
00000000  g_pfnVectors                 
000021f1  gammaAdjustmentST7735        
00002a6d  getScreenHeight              
00002a81  getScreenWidth               
000026e1  initLCD                      
00001009  initTiva                     
000019f5  main                         
2000797c  main_func_sp                 
00002931  memcmp                       
00001697  memcpy                       
00001a79  memset                       
20007948  menuOption                   
00000605  menuScreen                   
00001405  pvPortMalloc                 
20007908  pxCurrentTCB                 
0000290f  pxPortInitialiseStack        
00002337  setArea                      
00002abd  setBackgroundColor           
00002ad1  setColor                     
0000275d  setOrientation               
20007944  state                        
00002953  uxListRemove                 
00001733  vApplicationStackOverflowHook
00002a41  vListInitialise              
00002b8f  vListInitialiseItem          
000027d1  vListInsert                  
000029f9  vListInsertEnd               
0000150d  vPortClearInterruptMask      
00001545  vPortEnableVFP               
00002ae5  vPortEnterCritical           
00002af9  vPortExitCritical            
000025d5  vPortFree                    
00001517  vPortSVCHandler              
00001503  vPortSetInterruptMask        
00001531  vPortStartFirstTask          
00002b21  vPortYield                   
00002035  vTaskDelayUntil              
00002b5d  vTaskMissedYield             
00002619  vTaskPlaceOnEventList        
00002501  vTaskPriorityDisinherit      
00001b5d  vTaskPriorityInherit         
00002a11  vTaskSetTimeOutState         
00002549  vTaskStartScheduler          
00002b31  vTaskSuspendAll              
00001559  vTaskSwitchContext           
00002809  writeCommand                 
0000283d  writeData                    
000014b5  xPortPendSVHandler           
000026a1  xPortStartScheduler          
00002991  xPortSysTickHandler          
0000246d  xQueueCreateMutex            
00002385  xQueueGenericCreate          
00000d31  xQueueGenericReceive         
00001aeb  xQueueGenericReset           
0000127d  xQueueGenericSend            
00002245  xTaskCheckForTimeOut         
00000f2d  xTaskGenericCreate           
00002b69  xTaskGetCurrentTaskHandle    
00002a29  xTaskGetTickCount            
00000a09  xTaskIncrementTick           
00001bcd  xTaskRemoveFromEventList     
000010e1  xTaskResumeAll               


GLOBAL SYMBOLS: SORTED BY Symbol Address 

address   name                         
-------   ----                         
00000000  __TI_static_base__           
00000000  g_pfnVectors                 
00000200  __STACK_SIZE                 
0000026d  UARTvprintf                  
00000459  MenuTaskInit                 
00000605  menuScreen                   
0000078d  SwitchTaskInit               
00000a09  xTaskIncrementTick           
00000c31  RGBInit                      
00000d31  xQueueGenericReceive         
00000f2d  xTaskGenericCreate           
00001009  initTiva                     
000010e1  xTaskResumeAll               
000011b5  LEDTaskInit                  
0000127d  xQueueGenericSend            
00001345  RGBEnable                    
00001405  pvPortMalloc                 
000014b5  xPortPendSVHandler           
00001503  vPortSetInterruptMask        
0000150d  vPortClearInterruptMask      
00001517  vPortSVCHandler              
00001531  vPortStartFirstTask          
00001545  vPortEnableVFP               
00001559  vTaskSwitchContext           
000015f9  drawString                   
00001697  __aeabi_memcpy               
00001697  __aeabi_memcpy4              
00001697  __aeabi_memcpy8              
00001697  memcpy                       
00001733  vApplicationStackOverflowHook
00001735  RGBColorSet                  
000017c5  drawCharLgBkg                
00001855  ButtonsPoll                  
000018e1  drawCharMdBkg                
0000196d  drawCharSmBkg                
000019f5  main                         
00001a71  __aeabi_memclr               
00001a71  __aeabi_memclr4              
00001a71  __aeabi_memclr8              
00001a73  __aeabi_memset               
00001a73  __aeabi_memset4              
00001a73  __aeabi_memset8              
00001a79  memset                       
00001aeb  xQueueGenericReset           
00001b5d  vTaskPriorityInherit         
00001bcd  xTaskRemoveFromEventList     
00001ca9  __TI_auto_init               
00001d81  ButtonsInit                  
00001de9  RGBDisable                   
00001e51  ConfigureUART                
00001f19  UARTStdioConfig              
00001fd9  clearScreen                  
00002035  vTaskDelayUntil              
00002091  drawCharLg                   
000020e9  drawCharMd                   
00002141  drawCharSm                   
000021f1  gammaAdjustmentST7735        
00002245  xTaskCheckForTimeOut         
00002299  _c_int00                     
00002337  setArea                      
00002385  xQueueGenericCreate          
00002421  copy_in                      
0000246d  xQueueCreateMutex            
000024b9  UARTwrite                    
00002501  vTaskPriorityDisinherit      
00002549  vTaskStartScheduler          
00002591  C$$EXIT                      
00002595  abort                        
0000259d  exit                         
000025d5  vPortFree                    
00002619  vTaskPlaceOnEventList        
0000265d  __aeabi_uidiv                
0000265d  __aeabi_uidivmod             
000026a1  xPortStartScheduler          
000026e1  initLCD                      
00002721  fillRect                     
0000275d  setOrientation               
000027d1  vListInsert                  
00002809  writeCommand                 
0000283d  writeData                    
000028c9  drawPixel                    
000028ed  delay                        
0000290f  pxPortInitialiseStack        
00002931  memcmp                       
00002953  uxListRemove                 
00002991  xPortSysTickHandler          
000029ad  UARTprintf                   
000029e1  _args_main                   
000029f9  vListInsertEnd               
00002a11  vTaskSetTimeOutState         
00002a29  xTaskGetTickCount            
00002a41  vListInitialise              
00002a59  RGBIntensitySet              
00002a6d  getScreenHeight              
00002a81  getScreenWidth               
00002aa9  _register_unlock             
00002aaf  _register_lock               
00002ab7  _nop                         
00002abd  setBackgroundColor           
00002ad1  setColor                     
00002ae5  vPortEnterCritical           
00002af9  vPortExitCritical            
00002b21  vPortYield                   
00002b31  vTaskSuspendAll              
00002b41  __TI_decompress_none         
00002b4f  __TI_zero_init               
00002b5d  vTaskMissedYield             
00002b69  xTaskGetCurrentTaskHandle    
00002b7d  ResetISR                     
00002b83  UARTClockSourceSet           
00002b89  __TI_decompress_rle24        
00002b8f  vListInitialiseItem          
00002b95  _system_pre_init             
00002b98  font_11x16                   
00003bec  font_8x12                    
00004060  font_5x7                     
000042d4  __TI_Handler_Table_Base      
000042e0  __TI_Handler_Table_Limit     
000042e8  __TI_CINIT_Base              
000042f8  __TI_CINIT_Limit             
200076f0  g_pLEDQueue                  
200076f4  g_pMenuQueue                 
200076f8  g_pUARTSemaphore             
20007708  __stack                      
20007908  __STACK_END                  
20007908  __STACK_TOP                  
20007908  pxCurrentTCB                 
20007944  state                        
20007948  menuOption                   
2000794c  adOption                     
20007958  _lock                        
2000795c  _unlock                      
20007960  __TI_cleanup_ptr             
20007964  __TI_dtors_ptr               
2000796d  colorLowByte                 
2000796e  colorHighByte                
2000796f  bgColorLowByte               
20007970  bgColorHighByte              
2000797c  main_func_sp                 
20007980  _orientation                 
ffffffff  __binit__                    
ffffffff  __c_args__                   
ffffffff  binit                        
UNDEFED   SHT$$INIT_ARRAY$$Base        
UNDEFED   SHT$$INIT_ARRAY$$Limit       

[145 symbols]
