<?xml version="1.0"?>
<link_info>
   <banner>TI ARM Linker PC v5.2.2</banner>
   <copyright>Copyright (c) 1996-2015 Texas Instruments Incorporated</copyright>
   <link_time>0x554b5b67</link_time>
   <link_errors>0x0</link_errors>
   <output_file>freertos_demo.out</output_file>
   <entry_point>
      <name>_c_int00</name>
      <address>0xfcc5</address>
   </entry_point>
   <input_file_list>
      <input_file id="fl-2">
         <path>.\</path>
         <kind>object</kind>
         <file>RTC.obj</file>
         <name>RTC.obj</name>
      </input_file>
      <input_file id="fl-3">
         <path>.\</path>
         <kind>object</kind>
         <file>RTC_task.obj</file>
         <name>RTC_task.obj</name>
      </input_file>
      <input_file id="fl-4">
         <path>.\</path>
         <kind>object</kind>
         <file>cc932.obj</file>
         <name>cc932.obj</name>
      </input_file>
      <input_file id="fl-5">
         <path>.\</path>
         <kind>object</kind>
         <file>diskio.obj</file>
         <name>diskio.obj</name>
      </input_file>
      <input_file id="fl-6">
         <path>.\</path>
         <kind>object</kind>
         <file>ff.obj</file>
         <name>ff.obj</name>
      </input_file>
      <input_file id="fl-7">
         <path>.\</path>
         <kind>object</kind>
         <file>freertos_demo.obj</file>
         <name>freertos_demo.obj</name>
      </input_file>
      <input_file id="fl-8">
         <path>.\</path>
         <kind>object</kind>
         <file>graphics.obj</file>
         <name>graphics.obj</name>
      </input_file>
      <input_file id="fl-9">
         <path>.\</path>
         <kind>object</kind>
         <file>lcd.obj</file>
         <name>lcd.obj</name>
      </input_file>
      <input_file id="fl-a">
         <path>.\</path>
         <kind>object</kind>
         <file>led_task.obj</file>
         <name>led_task.obj</name>
      </input_file>
      <input_file id="fl-b">
         <path>.\</path>
         <kind>object</kind>
         <file>radio_task.obj</file>
         <name>radio_task.obj</name>
      </input_file>
      <input_file id="fl-c">
         <path>.\</path>
         <kind>object</kind>
         <file>screen_task.obj</file>
         <name>screen_task.obj</name>
      </input_file>
      <input_file id="fl-d">
         <path>.\</path>
         <kind>object</kind>
         <file>startup_ccs.obj</file>
         <name>startup_ccs.obj</name>
      </input_file>
      <input_file id="fl-e">
         <path>.\</path>
         <kind>object</kind>
         <file>switch_task.obj</file>
         <name>switch_task.obj</name>
      </input_file>
      <input_file id="fl-f">
         <path>.\</path>
         <kind>object</kind>
         <file>tests.obj</file>
         <name>tests.obj</name>
      </input_file>
      <input_file id="fl-10">
         <path>.\</path>
         <kind>object</kind>
         <file>tiva.obj</file>
         <name>tiva.obj</name>
      </input_file>
      <input_file id="fl-11">
         <path>.\utils\</path>
         <kind>object</kind>
         <file>uartstdio.obj</file>
         <name>uartstdio.obj</name>
      </input_file>
      <input_file id="fl-12">
         <path>.\utils\</path>
         <kind>object</kind>
         <file>ustdlib.obj</file>
         <name>ustdlib.obj</name>
      </input_file>
      <input_file id="fl-13">
         <path>.\third_party\FreeRTOS\Source\</path>
         <kind>object</kind>
         <file>list.obj</file>
         <name>list.obj</name>
      </input_file>
      <input_file id="fl-14">
         <path>.\third_party\FreeRTOS\Source\</path>
         <kind>object</kind>
         <file>queue.obj</file>
         <name>queue.obj</name>
      </input_file>
      <input_file id="fl-15">
         <path>.\third_party\FreeRTOS\Source\</path>
         <kind>object</kind>
         <file>tasks.obj</file>
         <name>tasks.obj</name>
      </input_file>
      <input_file id="fl-16">
         <path>.\third_party\FreeRTOS\Source\portable\MemMang\</path>
         <kind>object</kind>
         <file>heap_2.obj</file>
         <name>heap_2.obj</name>
      </input_file>
      <input_file id="fl-17">
         <path>.\third_party\FreeRTOS\Source\portable\CCS\ARM_CM4F\</path>
         <kind>object</kind>
         <file>port.obj</file>
         <name>port.obj</name>
      </input_file>
      <input_file id="fl-18">
         <path>.\third_party\FreeRTOS\Source\portable\CCS\ARM_CM4F\</path>
         <kind>object</kind>
         <file>portasm.obj</file>
         <name>portasm.obj</name>
      </input_file>
      <input_file id="fl-19">
         <path>.\drivers\</path>
         <kind>object</kind>
         <file>buttons.obj</file>
         <name>buttons.obj</name>
      </input_file>
      <input_file id="fl-1a">
         <path>.\drivers\</path>
         <kind>object</kind>
         <file>rgb.obj</file>
         <name>rgb.obj</name>
      </input_file>
      <input_file id="fl-141">
         <path>C:\ti\ccsv6\tools\compiler\ti-cgt-arm_5.2.2\lib\</path>
         <kind>archive</kind>
         <file>rtsv7M4_T_le_v4SPD16_eabi.lib</file>
         <name>boot.obj</name>
      </input_file>
      <input_file id="fl-142">
         <path>C:\ti\ccsv6\tools\compiler\ti-cgt-arm_5.2.2\lib\</path>
         <kind>archive</kind>
         <file>rtsv7M4_T_le_v4SPD16_eabi.lib</file>
         <name>copy_decompress_none.obj</name>
      </input_file>
      <input_file id="fl-143">
         <path>C:\ti\ccsv6\tools\compiler\ti-cgt-arm_5.2.2\lib\</path>
         <kind>archive</kind>
         <file>rtsv7M4_T_le_v4SPD16_eabi.lib</file>
         <name>copy_decompress_rle.obj</name>
      </input_file>
      <input_file id="fl-144">
         <path>C:\ti\ccsv6\tools\compiler\ti-cgt-arm_5.2.2\lib\</path>
         <kind>archive</kind>
         <file>rtsv7M4_T_le_v4SPD16_eabi.lib</file>
         <name>copy_zero_init.obj</name>
      </input_file>
      <input_file id="fl-145">
         <path>C:\ti\ccsv6\tools\compiler\ti-cgt-arm_5.2.2\lib\</path>
         <kind>archive</kind>
         <file>rtsv7M4_T_le_v4SPD16_eabi.lib</file>
         <name>cos.obj</name>
      </input_file>
      <input_file id="fl-146">
         <path>C:\ti\ccsv6\tools\compiler\ti-cgt-arm_5.2.2\lib\</path>
         <kind>archive</kind>
         <file>rtsv7M4_T_le_v4SPD16_eabi.lib</file>
         <name>exit.obj</name>
      </input_file>
      <input_file id="fl-147">
         <path>C:\ti\ccsv6\tools\compiler\ti-cgt-arm_5.2.2\lib\</path>
         <kind>archive</kind>
         <file>rtsv7M4_T_le_v4SPD16_eabi.lib</file>
         <name>fd_add_t2.obj</name>
      </input_file>
      <input_file id="fl-148">
         <path>C:\ti\ccsv6\tools\compiler\ti-cgt-arm_5.2.2\lib\</path>
         <kind>archive</kind>
         <file>rtsv7M4_T_le_v4SPD16_eabi.lib</file>
         <name>fd_div_t2.obj</name>
      </input_file>
      <input_file id="fl-149">
         <path>C:\ti\ccsv6\tools\compiler\ti-cgt-arm_5.2.2\lib\</path>
         <kind>archive</kind>
         <file>rtsv7M4_T_le_v4SPD16_eabi.lib</file>
         <name>fd_mul_t2.obj</name>
      </input_file>
      <input_file id="fl-14a">
         <path>C:\ti\ccsv6\tools\compiler\ti-cgt-arm_5.2.2\lib\</path>
         <kind>archive</kind>
         <file>rtsv7M4_T_le_v4SPD16_eabi.lib</file>
         <name>fd_toi_t2.obj</name>
      </input_file>
      <input_file id="fl-14b">
         <path>C:\ti\ccsv6\tools\compiler\ti-cgt-arm_5.2.2\lib\</path>
         <kind>archive</kind>
         <file>rtsv7M4_T_le_v4SPD16_eabi.lib</file>
         <name>fs_toull_t2.obj</name>
      </input_file>
      <input_file id="fl-14c">
         <path>C:\ti\ccsv6\tools\compiler\ti-cgt-arm_5.2.2\lib\</path>
         <kind>archive</kind>
         <file>rtsv7M4_T_le_v4SPD16_eabi.lib</file>
         <name>i_tofd_t2.obj</name>
      </input_file>
      <input_file id="fl-14d">
         <path>C:\ti\ccsv6\tools\compiler\ti-cgt-arm_5.2.2\lib\</path>
         <kind>archive</kind>
         <file>rtsv7M4_T_le_v4SPD16_eabi.lib</file>
         <name>memcmp.obj</name>
      </input_file>
      <input_file id="fl-14e">
         <path>C:\ti\ccsv6\tools\compiler\ti-cgt-arm_5.2.2\lib\</path>
         <kind>archive</kind>
         <file>rtsv7M4_T_le_v4SPD16_eabi.lib</file>
         <name>memcpy_t2.obj</name>
      </input_file>
      <input_file id="fl-14f">
         <path>C:\ti\ccsv6\tools\compiler\ti-cgt-arm_5.2.2\lib\</path>
         <kind>archive</kind>
         <file>rtsv7M4_T_le_v4SPD16_eabi.lib</file>
         <name>memset_t2.obj</name>
      </input_file>
      <input_file id="fl-150">
         <path>C:\ti\ccsv6\tools\compiler\ti-cgt-arm_5.2.2\lib\</path>
         <kind>archive</kind>
         <file>rtsv7M4_T_le_v4SPD16_eabi.lib</file>
         <name>pre_init.obj</name>
      </input_file>
      <input_file id="fl-151">
         <path>C:\ti\ccsv6\tools\compiler\ti-cgt-arm_5.2.2\lib\</path>
         <kind>archive</kind>
         <file>rtsv7M4_T_le_v4SPD16_eabi.lib</file>
         <name>sin.obj</name>
      </input_file>
      <input_file id="fl-152">
         <path>C:\ti\ccsv6\tools\compiler\ti-cgt-arm_5.2.2\lib\</path>
         <kind>archive</kind>
         <file>rtsv7M4_T_le_v4SPD16_eabi.lib</file>
         <name>stkdepth_vars.obj</name>
      </input_file>
      <input_file id="fl-153">
         <path>C:\ti\ccsv6\tools\compiler\ti-cgt-arm_5.2.2\lib\</path>
         <kind>archive</kind>
         <file>rtsv7M4_T_le_v4SPD16_eabi.lib</file>
         <name>strlen.obj</name>
      </input_file>
      <input_file id="fl-154">
         <path>C:\ti\ccsv6\tools\compiler\ti-cgt-arm_5.2.2\lib\</path>
         <kind>archive</kind>
         <file>rtsv7M4_T_le_v4SPD16_eabi.lib</file>
         <name>u_divt2.obj</name>
      </input_file>
      <input_file id="fl-155">
         <path>C:\ti\ccsv6\tools\compiler\ti-cgt-arm_5.2.2\lib\</path>
         <kind>archive</kind>
         <file>rtsv7M4_T_le_v4SPD16_eabi.lib</file>
         <name>xsin.obj</name>
      </input_file>
      <input_file id="fl-156">
         <path>C:\ti\ccsv6\tools\compiler\ti-cgt-arm_5.2.2\lib\</path>
         <kind>archive</kind>
         <file>rtsv7M4_T_le_v4SPD16_eabi.lib</file>
         <name>xvalues.obj</name>
      </input_file>
      <input_file id="fl-157">
         <path>C:\ti\ccsv6\tools\compiler\ti-cgt-arm_5.2.2\lib\</path>
         <kind>archive</kind>
         <file>rtsv7M4_T_le_v4SPD16_eabi.lib</file>
         <name>_lock.obj</name>
      </input_file>
      <input_file id="fl-158">
         <path>C:\ti\ccsv6\tools\compiler\ti-cgt-arm_5.2.2\lib\</path>
         <kind>archive</kind>
         <file>rtsv7M4_T_le_v4SPD16_eabi.lib</file>
         <name>args_main.obj</name>
      </input_file>
      <input_file id="fl-159">
         <path>C:\ti\ccsv6\tools\compiler\ti-cgt-arm_5.2.2\lib\</path>
         <kind>archive</kind>
         <file>rtsv7M4_T_le_v4SPD16_eabi.lib</file>
         <name>autoinit.obj</name>
      </input_file>
      <input_file id="fl-15a">
         <path>C:\ti\ccsv6\tools\compiler\ti-cgt-arm_5.2.2\lib\</path>
         <kind>archive</kind>
         <file>rtsv7M4_T_le_v4SPD16_eabi.lib</file>
         <name>cpy_tbl.obj</name>
      </input_file>
      <input_file id="fl-15b">
         <path>C:\ti\ccsv6\tools\compiler\ti-cgt-arm_5.2.2\lib\</path>
         <kind>archive</kind>
         <file>rtsv7M4_T_le_v4SPD16_eabi.lib</file>
         <name>fd_cmp_t2.obj</name>
      </input_file>
      <input_file id="fl-15c">
         <path>C:\ti\ccsv6\tools\compiler\ti-cgt-arm_5.2.2\lib\</path>
         <kind>archive</kind>
         <file>rtsv7M4_T_le_v4SPD16_eabi.lib</file>
         <name>fmod.obj</name>
      </input_file>
      <input_file id="fl-15d">
         <path>C:\ti\ccsv6\tools\compiler\ti-cgt-arm_5.2.2\lib\</path>
         <kind>archive</kind>
         <file>rtsv7M4_T_le_v4SPD16_eabi.lib</file>
         <name>xdnorm.obj</name>
      </input_file>
      <input_file id="fl-15e">
         <path>C:\ti\ccsv6\tools\compiler\ti-cgt-arm_5.2.2\lib\</path>
         <kind>archive</kind>
         <file>rtsv7M4_T_le_v4SPD16_eabi.lib</file>
         <name>xdscale.obj</name>
      </input_file>
      <input_file id="fl-15f">
         <path>C:\ti\ccsv6\tools\compiler\ti-cgt-arm_5.2.2\lib\</path>
         <kind>archive</kind>
         <file>rtsv7M4_T_le_v4SPD16_eabi.lib</file>
         <name>xferaise.obj</name>
      </input_file>
      <input_file id="fl-160">
         <path>C:\ti\ccsv6\tools\compiler\ti-cgt-arm_5.2.2\lib\</path>
         <kind>archive</kind>
         <file>rtsv7M4_T_le_v4SPD16_eabi.lib</file>
         <name>errno.obj</name>
      </input_file>
      <input_file id="fl-161">
         <path>C:\ti\ccsv6\tools\compiler\ti-cgt-arm_5.2.2\lib\</path>
         <kind>archive</kind>
         <file>rtsv7M4_T_le_v4SPD16_eabi.lib</file>
         <name>feraiseexcept.obj</name>
      </input_file>
      <input_file id="fl-162">
         <path>C:\ti\ccsv6\tools\compiler\ti-cgt-arm_5.2.2\lib\</path>
         <kind>archive</kind>
         <file>rtsv7M4_T_le_v4SPD16_eabi.lib</file>
         <name>raise.obj</name>
      </input_file>
      <input_file id="fl-163">
         <path>C:\ti\ccsv6\tools\compiler\ti-cgt-arm_5.2.2\lib\</path>
         <kind>archive</kind>
         <file>rtsv7M4_T_le_v4SPD16_eabi.lib</file>
         <name>signal.obj</name>
      </input_file>
      <input_file id="fl-164">
         <path>c:\ti\TivaWare_C_Series-2.1.0.12573\examples\boards\ek-tm4c123gxl\freertos_demo\ccs\..\..\..\..\..\driverlib\ccs\Debug\</path>
         <kind>archive</kind>
         <file>driverlib.lib</file>
         <name>uart.obj</name>
      </input_file>
      <input_file id="fl-165">
         <path>c:\ti\TivaWare_C_Series-2.1.0.12573\examples\boards\ek-tm4c123gxl\freertos_demo\ccs\..\..\..\..\..\driverlib\ccs\Debug\</path>
         <kind>archive</kind>
         <file>driverlib.lib</file>
         <name>sysctl.obj</name>
      </input_file>
      <input_file id="fl-166">
         <path>c:\ti\TivaWare_C_Series-2.1.0.12573\examples\boards\ek-tm4c123gxl\freertos_demo\ccs\..\..\..\..\..\driverlib\ccs\Debug\</path>
         <kind>archive</kind>
         <file>driverlib.lib</file>
         <name>ssi.obj</name>
      </input_file>
      <input_file id="fl-167">
         <path>c:\ti\TivaWare_C_Series-2.1.0.12573\examples\boards\ek-tm4c123gxl\freertos_demo\ccs\..\..\..\..\..\driverlib\ccs\Debug\</path>
         <kind>archive</kind>
         <file>driverlib.lib</file>
         <name>interrupt.obj</name>
      </input_file>
      <input_file id="fl-168">
         <path>c:\ti\TivaWare_C_Series-2.1.0.12573\examples\boards\ek-tm4c123gxl\freertos_demo\ccs\..\..\..\..\..\driverlib\ccs\Debug\</path>
         <kind>archive</kind>
         <file>driverlib.lib</file>
         <name>i2c.obj</name>
      </input_file>
      <input_file id="fl-169">
         <path>c:\ti\TivaWare_C_Series-2.1.0.12573\examples\boards\ek-tm4c123gxl\freertos_demo\ccs\..\..\..\..\..\driverlib\ccs\Debug\</path>
         <kind>archive</kind>
         <file>driverlib.lib</file>
         <name>gpio.obj</name>
      </input_file>
      <input_file id="fl-16a">
         <path>c:\ti\TivaWare_C_Series-2.1.0.12573\examples\boards\ek-tm4c123gxl\freertos_demo\ccs\..\..\..\..\..\driverlib\ccs\Debug\</path>
         <kind>archive</kind>
         <file>driverlib.lib</file>
         <name>cpu.obj</name>
      </input_file>
   </input_file_list>
   <object_component_list>
      <object_component id="oc-f">
         <name>.intvecs</name>
         <load_address>0x0</load_address>
         <run_address>0x0</run_address>
         <size>0x26c</size>
         <input_file_ref idref="fl-d"/>
      </object_component>
      <object_component id="oc-266">
         <name>.text:ScreenTask</name>
         <load_address>0x93d4</load_address>
         <run_address>0x93d4</run_address>
         <size>0x65c</size>
         <input_file_ref idref="fl-c"/>
      </object_component>
      <object_component id="oc-4b2">
         <name>.text:showAnalogAccel</name>
         <load_address>0x9a30</load_address>
         <run_address>0x9a30</run_address>
         <size>0x318</size>
         <input_file_ref idref="fl-c"/>
      </object_component>
      <object_component id="oc-4b8">
         <name>.text:showAnalogSpeed</name>
         <load_address>0x9d48</load_address>
         <run_address>0x9d48</run_address>
         <size>0x310</size>
         <input_file_ref idref="fl-c"/>
      </object_component>
      <object_component id="oc-4ac">
         <name>.text:showAnalogGForce</name>
         <load_address>0xa058</load_address>
         <run_address>0xa058</run_address>
         <size>0x30c</size>
         <input_file_ref idref="fl-c"/>
      </object_component>
      <object_component id="oc-5c6">
         <name>.text:chk_mounted</name>
         <load_address>0xa364</load_address>
         <run_address>0xa364</run_address>
         <size>0x304</size>
         <input_file_ref idref="fl-6"/>
      </object_component>
      <object_component id="oc-747">
         <name>.text</name>
         <load_address>0xa668</load_address>
         <run_address>0xa668</run_address>
         <size>0x294</size>
         <input_file_ref idref="fl-155"/>
      </object_component>
      <object_component id="oc-597">
         <name>.text:uvsnprintf</name>
         <load_address>0xa8fc</load_address>
         <run_address>0xa8fc</run_address>
         <size>0x24d</size>
         <input_file_ref idref="fl-12"/>
      </object_component>
      <object_component id="oc-36">
         <name>.text:FaultISR</name>
         <load_address>0xab4a</load_address>
         <run_address>0xab4a</run_address>
         <size>0x2</size>
         <input_file_ref idref="fl-d"/>
      </object_component>
      <object_component id="oc-6cb">
         <name>.text:create_name</name>
         <load_address>0xab4c</load_address>
         <run_address>0xab4c</run_address>
         <size>0x233</size>
         <input_file_ref idref="fl-6"/>
      </object_component>
      <object_component id="oc-48e">
         <name>.text:initWriteSDCard</name>
         <load_address>0xad80</load_address>
         <run_address>0xad80</run_address>
         <size>0x220</size>
         <input_file_ref idref="fl-c"/>
      </object_component>
      <object_component id="oc-464">
         <name>.text:menuScreen</name>
         <load_address>0xafa0</load_address>
         <run_address>0xafa0</run_address>
         <size>0x200</size>
         <input_file_ref idref="fl-c"/>
      </object_component>
      <object_component id="oc-1a8">
         <name>.text:UARTvprintf</name>
         <load_address>0xb1a0</load_address>
         <run_address>0xb1a0</run_address>
         <size>0x1ea</size>
         <input_file_ref idref="fl-11"/>
      </object_component>
      <object_component id="oc-3c">
         <name>.text:IntDefaultHandler</name>
         <load_address>0xb38a</load_address>
         <run_address>0xb38a</run_address>
         <size>0x2</size>
         <input_file_ref idref="fl-d"/>
      </object_component>
      <object_component id="oc-49a">
         <name>.text:closeSDCard</name>
         <load_address>0xb38c</load_address>
         <run_address>0xb38c</run_address>
         <size>0x1dc</size>
         <input_file_ref idref="fl-c"/>
      </object_component>
      <object_component id="oc-25a">
         <name>.text:checkSDCard</name>
         <load_address>0xb568</load_address>
         <run_address>0xb568</run_address>
         <size>0x1c8</size>
         <input_file_ref idref="fl-c"/>
      </object_component>
      <object_component id="oc-640">
         <name>.text</name>
         <load_address>0xb730</load_address>
         <run_address>0xb730</run_address>
         <size>0x1b6</size>
         <input_file_ref idref="fl-147"/>
      </object_component>
      <object_component id="oc-30">
         <name>.text:NmiSR</name>
         <load_address>0xb8e6</load_address>
         <run_address>0xb8e6</run_address>
         <size>0x2</size>
         <input_file_ref idref="fl-d"/>
      </object_component>
      <object_component id="oc-200">
         <name>.text:SwitchTask</name>
         <load_address>0xb8e8</load_address>
         <run_address>0xb8e8</run_address>
         <size>0x190</size>
         <input_file_ref idref="fl-e"/>
      </object_component>
      <object_component id="oc-614">
         <name>.text:f_write</name>
         <load_address>0xba78</load_address>
         <run_address>0xba78</run_address>
         <size>0x190</size>
         <input_file_ref idref="fl-6"/>
      </object_component>
      <object_component id="oc-7ec">
         <name>.text</name>
         <load_address>0xbc08</load_address>
         <run_address>0xbc08</run_address>
         <size>0x174</size>
         <input_file_ref idref="fl-15c"/>
      </object_component>
      <object_component id="oc-46a">
         <name>.text:diaMassScreen</name>
         <load_address>0xbd7c</load_address>
         <run_address>0xbd7c</run_address>
         <size>0x168</size>
         <input_file_ref idref="fl-c"/>
      </object_component>
      <object_component id="oc-47c">
         <name>.text:algDgtScreen</name>
         <load_address>0xbee4</load_address>
         <run_address>0xbee4</run_address>
         <size>0x160</size>
         <input_file_ref idref="fl-c"/>
      </object_component>
      <object_component id="oc-470">
         <name>.text:timDatScreen</name>
         <load_address>0xc044</load_address>
         <run_address>0xc044</run_address>
         <size>0x160</size>
         <input_file_ref idref="fl-c"/>
      </object_component>
      <object_component id="oc-21d">
         <name>.text:RTCTask</name>
         <load_address>0xc1a4</load_address>
         <run_address>0xc1a4</run_address>
         <size>0x154</size>
         <input_file_ref idref="fl-3"/>
      </object_component>
      <object_component id="oc-7dc">
         <name>.text:disk_ioctl</name>
         <load_address>0xc2f8</load_address>
         <run_address>0xc2f8</run_address>
         <size>0x154</size>
         <input_file_ref idref="fl-5"/>
      </object_component>
      <object_component id="oc-147">
         <name>.text:ScreenTaskInit</name>
         <load_address>0xc44c</load_address>
         <run_address>0xc44c</run_address>
         <size>0x150</size>
         <input_file_ref idref="fl-c"/>
      </object_component>
      <object_component id="oc-41b">
         <name>.text:f_open</name>
         <load_address>0xc59c</load_address>
         <run_address>0xc59c</run_address>
         <size>0x148</size>
         <input_file_ref idref="fl-6"/>
      </object_component>
      <object_component id="oc-6b7">
         <name>.text:disk_initialize</name>
         <load_address>0xc6e4</load_address>
         <run_address>0xc6e4</run_address>
         <size>0x140</size>
         <input_file_ref idref="fl-5"/>
      </object_component>
      <object_component id="oc-635">
         <name>.text</name>
         <load_address>0xc824</load_address>
         <run_address>0xc824</run_address>
         <size>0x136</size>
         <input_file_ref idref="fl-148"/>
      </object_component>
      <object_component id="oc-e5">
         <name>.text:vApplicationStackOverflowHook</name>
         <load_address>0xc95a</load_address>
         <run_address>0xc95a</run_address>
         <size>0x2</size>
         <input_file_ref idref="fl-7"/>
      </object_component>
      <object_component id="oc-4a6">
         <name>.text:writeSDCard</name>
         <load_address>0xc95c</load_address>
         <run_address>0xc95c</run_address>
         <size>0x134</size>
         <input_file_ref idref="fl-c"/>
      </object_component>
      <object_component id="oc-557">
         <name>.text:GPIOPadConfigSet</name>
         <load_address>0xca90</load_address>
         <run_address>0xca90</run_address>
         <size>0x130</size>
         <input_file_ref idref="fl-169"/>
      </object_component>
      <object_component id="oc-4be">
         <name>.text:showDigital</name>
         <load_address>0xcbc0</load_address>
         <run_address>0xcbc0</run_address>
         <size>0x11c</size>
         <input_file_ref idref="fl-c"/>
      </object_component>
      <object_component id="oc-9f">
         <name>.text:xTaskIncrementTick</name>
         <load_address>0xccdc</load_address>
         <run_address>0xccdc</run_address>
         <size>0x11c</size>
         <input_file_ref idref="fl-15"/>
      </object_component>
      <object_component id="oc-3bc">
         <name>.text:SysCtlClockGet</name>
         <load_address>0xcdf8</load_address>
         <run_address>0xcdf8</run_address>
         <size>0x118</size>
         <input_file_ref idref="fl-165"/>
      </object_component>
      <object_component id="oc-5d2">
         <name>.text:dir_register</name>
         <load_address>0xcf10</load_address>
         <run_address>0xcf10</run_address>
         <size>0x112</size>
         <input_file_ref idref="fl-6"/>
      </object_component>
      <object_component id="oc-83e">
         <name>.text</name>
         <load_address>0xd024</load_address>
         <run_address>0xd024</run_address>
         <size>0x110</size>
         <input_file_ref idref="fl-15e"/>
      </object_component>
      <object_component id="oc-765">
         <name>.text:power_on</name>
         <load_address>0xd134</load_address>
         <run_address>0xd134</run_address>
         <size>0x10c</size>
         <input_file_ref idref="fl-5"/>
      </object_component>
      <object_component id="oc-1ce">
         <name>.text:RGBInit</name>
         <load_address>0xd240</load_address>
         <run_address>0xd240</run_address>
         <size>0x100</size>
         <input_file_ref idref="fl-1a"/>
      </object_component>
      <object_component id="oc-20d">
         <name>.text:xQueueGenericReceive</name>
         <load_address>0xd340</load_address>
         <run_address>0xd340</run_address>
         <size>0x100</size>
         <input_file_ref idref="fl-14"/>
      </object_component>
      <object_component id="oc-630">
         <name>.text</name>
         <load_address>0xd440</load_address>
         <run_address>0xd440</run_address>
         <size>0xfc</size>
         <input_file_ref idref="fl-149"/>
      </object_component>
      <object_component id="oc-6fc">
         <name>.text:dir_next</name>
         <load_address>0xd53c</load_address>
         <run_address>0xd53c</run_address>
         <size>0xf8</size>
         <input_file_ref idref="fl-6"/>
      </object_component>
      <object_component id="oc-650">
         <name>.text:drawLine</name>
         <load_address>0xd634</load_address>
         <run_address>0xd634</run_address>
         <size>0xf4</size>
         <input_file_ref idref="fl-8"/>
      </object_component>
      <object_component id="oc-70c">
         <name>.text:put_fat</name>
         <load_address>0xd728</load_address>
         <run_address>0xd728</run_address>
         <size>0xe2</size>
         <input_file_ref idref="fl-6"/>
      </object_component>
      <object_component id="oc-1e6">
         <name>.text:xTaskGenericCreate</name>
         <load_address>0xd80c</load_address>
         <run_address>0xd80c</run_address>
         <size>0xdc</size>
         <input_file_ref idref="fl-15"/>
      </object_component>
      <object_component id="oc-207">
         <name>.text:initRadio</name>
         <load_address>0xd8e8</load_address>
         <run_address>0xd8e8</run_address>
         <size>0xd8</size>
         <input_file_ref idref="fl-b"/>
      </object_component>
      <object_component id="oc-224">
         <name>.text:initTiva</name>
         <load_address>0xd9c0</load_address>
         <run_address>0xd9c0</run_address>
         <size>0xd8</size>
         <input_file_ref idref="fl-10"/>
      </object_component>
      <object_component id="oc-2b4">
         <name>.text:xTaskResumeAll</name>
         <load_address>0xda98</load_address>
         <run_address>0xda98</run_address>
         <size>0xd4</size>
         <input_file_ref idref="fl-15"/>
      </object_component>
      <object_component id="oc-712">
         <name>.text:get_fat</name>
         <load_address>0xdb6c</load_address>
         <run_address>0xdb6c</run_address>
         <size>0xcc</size>
         <input_file_ref idref="fl-6"/>
      </object_component>
      <object_component id="oc-488">
         <name>.text:I2CSend</name>
         <load_address>0xdc38</load_address>
         <run_address>0xdc38</run_address>
         <size>0xc8</size>
         <input_file_ref idref="fl-2"/>
      </object_component>
      <object_component id="oc-12f">
         <name>.text:LEDTaskInit</name>
         <load_address>0xdd00</load_address>
         <run_address>0xdd00</run_address>
         <size>0xc8</size>
         <input_file_ref idref="fl-a"/>
      </object_component>
      <object_component id="oc-1c1">
         <name>.text:xQueueGenericSend</name>
         <load_address>0xddc8</load_address>
         <run_address>0xddc8</run_address>
         <size>0xc6</size>
         <input_file_ref idref="fl-14"/>
      </object_component>
      <object_component id="oc-307">
         <name>.text:RGBEnable</name>
         <load_address>0xde90</load_address>
         <run_address>0xde90</run_address>
         <size>0xc0</size>
         <input_file_ref idref="fl-1a"/>
      </object_component>
      <object_component id="oc-838">
         <name>.text</name>
         <load_address>0xdf50</load_address>
         <run_address>0xdf50</run_address>
         <size>0xbe</size>
         <input_file_ref idref="fl-15d"/>
      </object_component>
      <object_component id="oc-726">
         <name>.text:disk_write</name>
         <load_address>0xe010</load_address>
         <run_address>0xe010</run_address>
         <size>0xbc</size>
         <input_file_ref idref="fl-5"/>
      </object_component>
      <object_component id="oc-625">
         <name>.text:drawCircle</name>
         <load_address>0xe0cc</load_address>
         <run_address>0xe0cc</run_address>
         <size>0xbc</size>
         <input_file_ref idref="fl-8"/>
      </object_component>
      <object_component id="oc-6d1">
         <name>.text:dir_find</name>
         <load_address>0xe188</load_address>
         <run_address>0xe188</run_address>
         <size>0xb6</size>
         <input_file_ref idref="fl-6"/>
      </object_component>
      <object_component id="oc-72c">
         <name>.text:sync_fs</name>
         <load_address>0xe23e</load_address>
         <run_address>0xe23e</run_address>
         <size>0xb0</size>
         <input_file_ref idref="fl-6"/>
      </object_component>
      <object_component id="oc-13b">
         <name>.text:RadioTaskInit</name>
         <load_address>0xe2f0</load_address>
         <run_address>0xe2f0</run_address>
         <size>0xac</size>
         <input_file_ref idref="fl-b"/>
      </object_component>
      <object_component id="oc-1b5">
         <name>.text:pvPortMalloc</name>
         <load_address>0xe39c</load_address>
         <run_address>0xe39c</run_address>
         <size>0xac</size>
         <input_file_ref idref="fl-16"/>
      </object_component>
      <object_component id="oc-42">
         <name>.text</name>
         <load_address>0xe448</load_address>
         <run_address>0xe448</run_address>
         <size>0xa6</size>
         <input_file_ref idref="fl-18"/>
      </object_component>
      <object_component id="oc-6e4">
         <name>.text:gen_numname</name>
         <load_address>0xe4ee</load_address>
         <run_address>0xe4ee</run_address>
         <size>0xa0</size>
         <input_file_ref idref="fl-6"/>
      </object_component>
      <object_component id="oc-98">
         <name>.text:vTaskSwitchContext</name>
         <load_address>0xe590</load_address>
         <run_address>0xe590</run_address>
         <size>0xa0</size>
         <input_file_ref idref="fl-15"/>
      </object_component>
      <object_component id="oc-50">
         <name>.text</name>
         <load_address>0xe630</load_address>
         <run_address>0xe630</run_address>
         <size>0x9c</size>
         <input_file_ref idref="fl-14e"/>
      </object_component>
      <object_component id="oc-735">
         <name>.text:create_chain</name>
         <load_address>0xe6cc</load_address>
         <run_address>0xe6cc</run_address>
         <size>0x98</size>
         <input_file_ref idref="fl-6"/>
      </object_component>
      <object_component id="oc-1da">
         <name>.text:RGBColorSet</name>
         <load_address>0xe764</load_address>
         <run_address>0xe764</run_address>
         <size>0x90</size>
         <input_file_ref idref="fl-1a"/>
      </object_component>
      <object_component id="oc-5f7">
         <name>.text:f_sync</name>
         <load_address>0xe7f4</load_address>
         <run_address>0xe7f4</run_address>
         <size>0x90</size>
         <input_file_ref idref="fl-6"/>
      </object_component>
      <object_component id="oc-35a">
         <name>.text:ButtonsPoll</name>
         <load_address>0xe884</load_address>
         <run_address>0xe884</run_address>
         <size>0x8c</size>
         <input_file_ref idref="fl-19"/>
      </object_component>
      <object_component id="oc-1f3">
         <name>.text:LEDTask</name>
         <load_address>0xe910</load_address>
         <run_address>0xe910</run_address>
         <size>0x8c</size>
         <input_file_ref idref="fl-a"/>
      </object_component>
      <object_component id="oc-6c3">
         <name>.text:disk_read</name>
         <load_address>0xe99c</load_address>
         <run_address>0xe99c</run_address>
         <size>0x8c</size>
         <input_file_ref idref="fl-5"/>
      </object_component>
      <object_component id="oc-ce">
         <name>.text:main</name>
         <load_address>0xea28</load_address>
         <run_address>0xea28</run_address>
         <size>0x8c</size>
         <input_file_ref idref="fl-7"/>
      </object_component>
      <object_component id="oc-254">
         <name>.text:displayTimeDate</name>
         <load_address>0xeab4</load_address>
         <run_address>0xeab4</run_address>
         <size>0x88</size>
         <input_file_ref idref="fl-c"/>
      </object_component>
      <object_component id="oc-7e7">
         <name>.text:__aeabi_cdcmple</name>
         <load_address>0xeb3c</load_address>
         <run_address>0xeb3c</run_address>
         <size>0x86</size>
         <input_file_ref idref="fl-15b"/>
      </object_component>
      <object_component id="oc-141">
         <name>.text:RTCTaskInit</name>
         <load_address>0xebc4</load_address>
         <run_address>0xebc4</run_address>
         <size>0x84</size>
         <input_file_ref idref="fl-3"/>
      </object_component>
      <object_component id="oc-44c">
         <name>.text:changeDate</name>
         <load_address>0xec48</load_address>
         <run_address>0xec48</run_address>
         <size>0x84</size>
         <input_file_ref idref="fl-c"/>
      </object_component>
      <object_component id="oc-45e">
         <name>.text:changeTime</name>
         <load_address>0xeccc</load_address>
         <run_address>0xeccc</run_address>
         <size>0x7c</size>
         <input_file_ref idref="fl-c"/>
      </object_component>
      <object_component id="oc-6d7">
         <name>.text:dir_sdi</name>
         <load_address>0xed48</load_address>
         <run_address>0xed48</run_address>
         <size>0x7c</size>
         <input_file_ref idref="fl-6"/>
      </object_component>
      <object_component id="oc-69">
         <name>.text</name>
         <load_address>0xedc4</load_address>
         <run_address>0xedc4</run_address>
         <size>0x7a</size>
         <input_file_ref idref="fl-14f"/>
      </object_component>
      <object_component id="oc-7bf">
         <name>.text:cmp_lfn</name>
         <load_address>0xee40</load_address>
         <run_address>0xee40</run_address>
         <size>0x78</size>
         <input_file_ref idref="fl-6"/>
      </object_component>
      <object_component id="oc-6bd">
         <name>.text:check_fs</name>
         <load_address>0xeeb8</load_address>
         <run_address>0xeeb8</run_address>
         <size>0x74</size>
         <input_file_ref idref="fl-6"/>
      </object_component>
      <object_component id="oc-61f">
         <name>.text:drawHalfCircle</name>
         <load_address>0xef2c</load_address>
         <run_address>0xef2c</run_address>
         <size>0x72</size>
         <input_file_ref idref="fl-8"/>
      </object_component>
      <object_component id="oc-31c">
         <name>.text:xQueueGenericReset</name>
         <load_address>0xef9e</load_address>
         <run_address>0xef9e</run_address>
         <size>0x72</size>
         <input_file_ref idref="fl-14"/>
      </object_component>
      <object_component id="oc-446">
         <name>.text:checkDate</name>
         <load_address>0xf010</load_address>
         <run_address>0xf010</run_address>
         <size>0x70</size>
         <input_file_ref idref="fl-c"/>
      </object_component>
      <object_component id="oc-36c">
         <name>.text:vTaskPriorityInherit</name>
         <load_address>0xf080</load_address>
         <run_address>0xf080</run_address>
         <size>0x70</size>
         <input_file_ref idref="fl-15"/>
      </object_component>
      <object_component id="oc-2f9">
         <name>.text:xTaskRemoveFromEventList</name>
         <load_address>0xf0f0</load_address>
         <run_address>0xf0f0</run_address>
         <size>0x70</size>
         <input_file_ref idref="fl-15"/>
      </object_component>
      <object_component id="oc-230">
         <name>.text:InitI2C0</name>
         <load_address>0xf160</load_address>
         <run_address>0xf160</run_address>
         <size>0x6c</size>
         <input_file_ref idref="fl-2"/>
      </object_component>
      <object_component id="oc-2f3">
         <name>.text:prvCopyDataToQueue</name>
         <load_address>0xf1cc</load_address>
         <run_address>0xf1cc</run_address>
         <size>0x6c</size>
         <input_file_ref idref="fl-14"/>
      </object_component>
      <object_component id="oc-7b">
         <name>.text</name>
         <load_address>0xf238</load_address>
         <run_address>0xf238</run_address>
         <size>0x6c</size>
         <input_file_ref idref="fl-159"/>
      </object_component>
      <object_component id="oc-5c">
         <name>.text</name>
         <load_address>0xf2a4</load_address>
         <run_address>0xf2a4</run_address>
         <size>0x6a</size>
         <input_file_ref idref="fl-143"/>
      </object_component>
      <object_component id="oc-1fa">
         <name>.text:ButtonsInit</name>
         <load_address>0xf310</load_address>
         <run_address>0xf310</run_address>
         <size>0x68</size>
         <input_file_ref idref="fl-19"/>
      </object_component>
      <object_component id="oc-34c">
         <name>.text:RGBDisable</name>
         <load_address>0xf378</load_address>
         <run_address>0xf378</run_address>
         <size>0x68</size>
         <input_file_ref idref="fl-1a"/>
      </object_component>
      <object_component id="oc-777">
         <name>.text:send_cmd</name>
         <load_address>0xf3e0</load_address>
         <run_address>0xf3e0</run_address>
         <size>0x66</size>
         <input_file_ref idref="fl-5"/>
      </object_component>
      <object_component id="oc-11d">
         <name>.text:ConfigureUART</name>
         <load_address>0xf448</load_address>
         <run_address>0xf448</run_address>
         <size>0x64</size>
         <input_file_ref idref="fl-7"/>
      </object_component>
      <object_component id="oc-5cc">
         <name>.text:follow_path</name>
         <load_address>0xf4ac</load_address>
         <run_address>0xf4ac</run_address>
         <size>0x64</size>
         <input_file_ref idref="fl-6"/>
      </object_component>
      <object_component id="oc-2db">
         <name>.text:prvUnlockQueue</name>
         <load_address>0xf510</load_address>
         <run_address>0xf510</run_address>
         <size>0x62</size>
         <input_file_ref idref="fl-14"/>
      </object_component>
      <object_component id="oc-5ea">
         <name>.text:remove_chain</name>
         <load_address>0xf572</load_address>
         <run_address>0xf572</run_address>
         <size>0x62</size>
         <input_file_ref idref="fl-6"/>
      </object_component>
      <object_component id="oc-1a1">
         <name>.text:UARTStdioConfig</name>
         <load_address>0xf5d4</load_address>
         <run_address>0xf5d4</run_address>
         <size>0x60</size>
         <input_file_ref idref="fl-11"/>
      </object_component>
      <object_component id="oc-7a6">
         <name>.text:ff_convert</name>
         <load_address>0xf634</load_address>
         <run_address>0xf634</run_address>
         <size>0x60</size>
         <input_file_ref idref="fl-4"/>
      </object_component>
      <object_component id="oc-4a0">
         <name>.text:hardcodeParams</name>
         <load_address>0xf694</load_address>
         <run_address>0xf694</run_address>
         <size>0x60</size>
         <input_file_ref idref="fl-c"/>
      </object_component>
      <object_component id="oc-335">
         <name>.text:prvInitialiseTaskLists</name>
         <load_address>0xf6f4</load_address>
         <run_address>0xf6f4</run_address>
         <size>0x60</size>
         <input_file_ref idref="fl-15"/>
      </object_component>
      <object_component id="oc-76b">
         <name>.text:send_initial_clock_train</name>
         <load_address>0xf754</load_address>
         <run_address>0xf754</run_address>
         <size>0x60</size>
         <input_file_ref idref="fl-5"/>
      </object_component>
      <object_component id="oc-23c">
         <name>.text:clearScreen</name>
         <load_address>0xf7b4</load_address>
         <run_address>0xf7b4</run_address>
         <size>0x5c</size>
         <input_file_ref idref="fl-8"/>
      </object_component>
      <object_component id="oc-6f6">
         <name>.text:fit_lfn</name>
         <load_address>0xf810</load_address>
         <run_address>0xf810</run_address>
         <size>0x5c</size>
         <input_file_ref idref="fl-6"/>
      </object_component>
      <object_component id="oc-346">
         <name>.text:vTaskDelayUntil</name>
         <load_address>0xf86c</load_address>
         <run_address>0xf86c</run_address>
         <size>0x5c</size>
         <input_file_ref idref="fl-15"/>
      </object_component>
      <object_component id="oc-3f1">
         <name>.text:I2CReceive</name>
         <load_address>0xf8c8</load_address>
         <run_address>0xf8c8</run_address>
         <size>0x58</size>
         <input_file_ref idref="fl-2"/>
      </object_component>
      <object_component id="oc-5a4">
         <name>.text:drawCharLg</name>
         <load_address>0xf920</load_address>
         <run_address>0xf920</run_address>
         <size>0x58</size>
         <input_file_ref idref="fl-8"/>
      </object_component>
      <object_component id="oc-5b0">
         <name>.text:drawCharSm</name>
         <load_address>0xf978</load_address>
         <run_address>0xf978</run_address>
         <size>0x58</size>
         <input_file_ref idref="fl-8"/>
      </object_component>
      <object_component id="oc-4cf">
         <name>.text:prvCheckTasksWaitingTermination</name>
         <load_address>0xf9d0</load_address>
         <run_address>0xf9d0</run_address>
         <size>0x58</size>
         <input_file_ref idref="fl-15"/>
      </object_component>
      <object_component id="oc-719">
         <name>.text:sync_window</name>
         <load_address>0xfa28</load_address>
         <run_address>0xfa28</run_address>
         <size>0x56</size>
         <input_file_ref idref="fl-6"/>
      </object_component>
      <object_component id="oc-5aa">
         <name>.text:drawCharMd</name>
         <load_address>0xfa80</load_address>
         <run_address>0xfa80</run_address>
         <size>0x54</size>
         <input_file_ref idref="fl-8"/>
      </object_component>
      <object_component id="oc-397">
         <name>.text:gammaAdjustmentST7735</name>
         <load_address>0xfad4</load_address>
         <run_address>0xfad4</run_address>
         <size>0x54</size>
         <input_file_ref idref="fl-9"/>
      </object_component>
      <object_component id="oc-78f">
         <name>.text:set_max_speed</name>
         <load_address>0xfb28</load_address>
         <run_address>0xfb28</run_address>
         <size>0x54</size>
         <input_file_ref idref="fl-5"/>
      </object_component>
      <object_component id="oc-2d5">
         <name>.text:xTaskCheckForTimeOut</name>
         <load_address>0xfb7c</load_address>
         <run_address>0xfb7c</run_address>
         <size>0x54</size>
         <input_file_ref idref="fl-15"/>
      </object_component>
      <object_component id="oc-405">
         <name>.text:drawString</name>
         <load_address>0xfbd0</load_address>
         <run_address>0xfbd0</run_address>
         <size>0x52</size>
         <input_file_ref idref="fl-8"/>
      </object_component>
      <object_component id="oc-7d5">
         <name>.text:xmit_datablock</name>
         <load_address>0xfc22</load_address>
         <run_address>0xfc22</run_address>
         <size>0x52</size>
         <input_file_ref idref="fl-5"/>
      </object_component>
      <object_component id="oc-3a4">
         <name>.text:SysCtlPeripheralReset</name>
         <load_address>0xfc74</load_address>
         <run_address>0xfc74</run_address>
         <size>0x50</size>
         <input_file_ref idref="fl-165"/>
      </object_component>
      <object_component id="oc-24">
         <name>.text</name>
         <load_address>0xfcc4</load_address>
         <run_address>0xfcc4</run_address>
         <size>0x50</size>
         <input_file_ref idref="fl-141"/>
      </object_component>
      <object_component id="oc-329">
         <name>.text:prvInitialiseTCBVariables</name>
         <load_address>0xfd14</load_address>
         <run_address>0xfd14</run_address>
         <size>0x4e</size>
         <input_file_ref idref="fl-15"/>
      </object_component>
      <object_component id="oc-3df">
         <name>.text:setArea</name>
         <load_address>0xfd62</load_address>
         <run_address>0xfd62</run_address>
         <size>0x4e</size>
         <input_file_ref idref="fl-9"/>
      </object_component>
      <object_component id="oc-1e0">
         <name>.text:xQueueGenericCreate</name>
         <load_address>0xfdb0</load_address>
         <run_address>0xfdb0</run_address>
         <size>0x4e</size>
         <input_file_ref idref="fl-14"/>
      </object_component>
      <object_component id="oc-494">
         <name>.text:stopScreen</name>
         <load_address>0xfe00</load_address>
         <run_address>0xfe00</run_address>
         <size>0x4d</size>
         <input_file_ref idref="fl-c"/>
      </object_component>
      <object_component id="oc-50a">
         <name>.text:prvAddCurrentTaskToDelayedList</name>
         <load_address>0xfe50</load_address>
         <run_address>0xfe50</run_address>
         <size>0x4c</size>
         <input_file_ref idref="fl-15"/>
      </object_component>
      <object_component id="oc-c6">
         <name>.text</name>
         <load_address>0xfe9c</load_address>
         <run_address>0xfe9c</run_address>
         <size>0x4c</size>
         <input_file_ref idref="fl-15a"/>
      </object_component>
      <object_component id="oc-129">
         <name>.text:xQueueCreateMutex</name>
         <load_address>0xfee8</load_address>
         <run_address>0xfee8</run_address>
         <size>0x4c</size>
         <input_file_ref idref="fl-14"/>
      </object_component>
      <object_component id="oc-3aa">
         <name>.text:GPIOPinConfigure</name>
         <load_address>0xff34</load_address>
         <run_address>0xff34</run_address>
         <size>0x48</size>
         <input_file_ref idref="fl-169"/>
      </object_component>
      <object_component id="oc-3c2">
         <name>.text:I2CMasterInitExpClk</name>
         <load_address>0xff7c</load_address>
         <run_address>0xff7c</run_address>
         <size>0x48</size>
         <input_file_ref idref="fl-168"/>
      </object_component>
      <object_component id="oc-135">
         <name>.text:SwitchTaskInit</name>
         <load_address>0xffc4</load_address>
         <run_address>0xffc4</run_address>
         <size>0x48</size>
         <input_file_ref idref="fl-e"/>
      </object_component>
      <object_component id="oc-299">
         <name>.text:UARTwrite</name>
         <load_address>0x1000c</load_address>
         <run_address>0x1000c</run_address>
         <size>0x48</size>
         <input_file_ref idref="fl-11"/>
      </object_component>
      <object_component id="oc-799">
         <name>.text:rcvr_datablock</name>
         <load_address>0x10054</load_address>
         <run_address>0x10054</run_address>
         <size>0x48</size>
         <input_file_ref idref="fl-5"/>
      </object_component>
      <object_component id="oc-645">
         <name>.text</name>
         <load_address>0x1009c</load_address>
         <run_address>0x1009c</run_address>
         <size>0x48</size>
         <input_file_ref idref="fl-14a"/>
      </object_component>
      <object_component id="oc-513">
         <name>.text:vTaskPriorityDisinherit</name>
         <load_address>0x100e4</load_address>
         <run_address>0x100e4</run_address>
         <size>0x48</size>
         <input_file_ref idref="fl-15"/>
      </object_component>
      <object_component id="oc-14d">
         <name>.text:vTaskStartScheduler</name>
         <load_address>0x1012c</load_address>
         <run_address>0x1012c</run_address>
         <size>0x48</size>
         <input_file_ref idref="fl-15"/>
      </object_component>
      <object_component id="oc-87">
         <name>.text</name>
         <load_address>0x10174</load_address>
         <run_address>0x10174</run_address>
         <size>0x44</size>
         <input_file_ref idref="fl-146"/>
      </object_component>
      <object_component id="oc-316">
         <name>.text:vPortFree</name>
         <load_address>0x101b8</load_address>
         <run_address>0x101b8</run_address>
         <size>0x44</size>
         <input_file_ref idref="fl-16"/>
      </object_component>
      <object_component id="oc-2e7">
         <name>.text:vTaskPlaceOnEventList</name>
         <load_address>0x101fc</load_address>
         <run_address>0x101fc</run_address>
         <size>0x44</size>
         <input_file_ref idref="fl-15"/>
      </object_component>
      <object_component id="oc-29f">
         <name>.text</name>
         <load_address>0x10240</load_address>
         <run_address>0x10240</run_address>
         <size>0x42</size>
         <input_file_ref idref="fl-154"/>
      </object_component>
      <object_component id="oc-458">
         <name>.text:changeDiam</name>
         <load_address>0x10284</load_address>
         <run_address>0x10284</run_address>
         <size>0x40</size>
         <input_file_ref idref="fl-c"/>
      </object_component>
      <object_component id="oc-87a">
         <name>.text</name>
         <load_address>0x102c4</load_address>
         <run_address>0x102c4</run_address>
         <size>0x40</size>
         <input_file_ref idref="fl-163"/>
      </object_component>
      <object_component id="oc-26d">
         <name>.text:xPortStartScheduler</name>
         <load_address>0x10304</load_address>
         <run_address>0x10304</run_address>
         <size>0x40</size>
         <input_file_ref idref="fl-17"/>
      </object_component>
      <object_component id="oc-6ea">
         <name>.text:dir_alloc</name>
         <load_address>0x10344</load_address>
         <run_address>0x10344</run_address>
         <size>0x3e</size>
         <input_file_ref idref="fl-6"/>
      </object_component>
      <object_component id="oc-22a">
         <name>.text:initLCD</name>
         <load_address>0x10382</load_address>
         <run_address>0x10382</run_address>
         <size>0x3e</size>
         <input_file_ref idref="fl-9"/>
      </object_component>
      <object_component id="oc-452">
         <name>.text:changeMass</name>
         <load_address>0x103c0</load_address>
         <run_address>0x103c0</run_address>
         <size>0x3c</size>
         <input_file_ref idref="fl-c"/>
      </object_component>
      <object_component id="oc-476">
         <name>.text:fillRect</name>
         <load_address>0x103fc</load_address>
         <run_address>0x103fc</run_address>
         <size>0x3c</size>
         <input_file_ref idref="fl-8"/>
      </object_component>
      <object_component id="oc-236">
         <name>.text:setOrientation</name>
         <load_address>0x10438</load_address>
         <run_address>0x10438</run_address>
         <size>0x3c</size>
         <input_file_ref idref="fl-9"/>
      </object_component>
      <object_component id="oc-24e">
         <name>.text:getDate</name>
         <load_address>0x10474</load_address>
         <run_address>0x10474</run_address>
         <size>0x3a</size>
         <input_file_ref idref="fl-2"/>
      </object_component>
      <object_component id="oc-323">
         <name>.text:prvAllocateTCBAndStack</name>
         <load_address>0x104ae</load_address>
         <run_address>0x104ae</run_address>
         <size>0x38</size>
         <input_file_ref idref="fl-15"/>
      </object_component>
      <object_component id="oc-504">
         <name>.text:vListInsert</name>
         <load_address>0x104e6</load_address>
         <run_address>0x104e6</run_address>
         <size>0x38</size>
         <input_file_ref idref="fl-13"/>
      </object_component>
      <object_component id="oc-248">
         <name>.text:getTime</name>
         <load_address>0x1051e</load_address>
         <run_address>0x1051e</run_address>
         <size>0x36</size>
         <input_file_ref idref="fl-2"/>
      </object_component>
      <object_component id="oc-415">
         <name>.text:StringFromFResult</name>
         <load_address>0x10554</load_address>
         <run_address>0x10554</run_address>
         <size>0x34</size>
         <input_file_ref idref="fl-c"/>
      </object_component>
      <object_component id="oc-39e">
         <name>.text:SysCtlPeripheralEnable</name>
         <load_address>0x10588</load_address>
         <run_address>0x10588</run_address>
         <size>0x34</size>
         <input_file_ref idref="fl-165"/>
      </object_component>
      <object_component id="oc-846">
         <name>.text</name>
         <load_address>0x105bc</load_address>
         <run_address>0x105bc</run_address>
         <size>0x34</size>
         <input_file_ref idref="fl-161"/>
      </object_component>
      <object_component id="oc-385">
         <name>.text:writeCommand</name>
         <load_address>0x105f0</load_address>
         <run_address>0x105f0</run_address>
         <size>0x34</size>
         <input_file_ref idref="fl-10"/>
      </object_component>
      <object_component id="oc-391">
         <name>.text:writeData</name>
         <load_address>0x10624</load_address>
         <run_address>0x10624</run_address>
         <size>0x34</size>
         <input_file_ref idref="fl-10"/>
      </object_component>
      <object_component id="oc-79f">
         <name>.text:send_cmd12</name>
         <load_address>0x10658</load_address>
         <run_address>0x10658</run_address>
         <size>0x32</size>
         <input_file_ref idref="fl-5"/>
      </object_component>
      <object_component id="oc-2ae">
         <name>.text:prvHeapInit</name>
         <load_address>0x1068c</load_address>
         <run_address>0x1068c</run_address>
         <size>0x30</size>
         <input_file_ref idref="fl-16"/>
      </object_component>
      <object_component id="oc-7f2">
         <name>.text</name>
         <load_address>0x106bc</load_address>
         <run_address>0x106bc</run_address>
         <size>0x30</size>
         <input_file_ref idref="fl-15f"/>
      </object_component>
      <object_component id="oc-5f0">
         <name>.text:move_window</name>
         <load_address>0x106ec</load_address>
         <run_address>0x106ec</run_address>
         <size>0x2e</size>
         <input_file_ref idref="fl-6"/>
      </object_component>
      <object_component id="oc-62b">
         <name>.text</name>
         <load_address>0x1071a</load_address>
         <run_address>0x1071a</run_address>
         <size>0x2e</size>
         <input_file_ref idref="fl-14c"/>
      </object_component>
      <object_component id="oc-868">
         <name>.text</name>
         <load_address>0x10748</load_address>
         <run_address>0x10748</run_address>
         <size>0x2e</size>
         <input_file_ref idref="fl-162"/>
      </object_component>
      <object_component id="oc-40f">
         <name>.text:f_mount</name>
         <load_address>0x10778</load_address>
         <run_address>0x10778</run_address>
         <size>0x2c</size>
         <input_file_ref idref="fl-6"/>
      </object_component>
      <object_component id="oc-77d">
         <name>.text:rcvr_spi</name>
         <load_address>0x107a4</load_address>
         <run_address>0x107a4</run_address>
         <size>0x2c</size>
         <input_file_ref idref="fl-5"/>
      </object_component>
      <object_component id="oc-551">
         <name>.text:GPIODirModeSet</name>
         <load_address>0x107d0</load_address>
         <run_address>0x107d0</run_address>
         <size>0x2a</size>
         <input_file_ref idref="fl-169"/>
      </object_component>
      <object_component id="oc-68c">
         <name>.text:ustrncpy</name>
         <load_address>0x107fa</load_address>
         <run_address>0x107fa</run_address>
         <size>0x2a</size>
         <input_file_ref idref="fl-12"/>
      </object_component>
      <object_component id="oc-7b2">
         <name>.text:ff_wtoupper</name>
         <load_address>0x10824</load_address>
         <run_address>0x10824</run_address>
         <size>0x28</size>
         <input_file_ref idref="fl-4"/>
      </object_component>
      <object_component id="oc-372">
         <name>.text:prvCopyDataFromQueue</name>
         <load_address>0x1084c</load_address>
         <run_address>0x1084c</run_address>
         <size>0x28</size>
         <input_file_ref idref="fl-14"/>
      </object_component>
      <object_component id="oc-720">
         <name>.text:validate</name>
         <load_address>0x10874</load_address>
         <run_address>0x10874</run_address>
         <size>0x28</size>
         <input_file_ref idref="fl-6"/>
      </object_component>
      <object_component id="oc-695">
         <name>.text:drawPixel</name>
         <load_address>0x1089c</load_address>
         <run_address>0x1089c</run_address>
         <size>0x24</size>
         <input_file_ref idref="fl-8"/>
      </object_component>
      <object_component id="oc-810">
         <name>.text:xmit_spi</name>
         <load_address>0x108c0</load_address>
         <run_address>0x108c0</run_address>
         <size>0x24</size>
         <input_file_ref idref="fl-5"/>
      </object_component>
      <object_component id="oc-482">
         <name>.text:BCD</name>
         <load_address>0x108e4</load_address>
         <run_address>0x108e4</run_address>
         <size>0x22</size>
         <input_file_ref idref="fl-c"/>
      </object_component>
      <object_component id="oc-38b">
         <name>.text:delay</name>
         <load_address>0x10906</load_address>
         <run_address>0x10906</run_address>
         <size>0x22</size>
         <input_file_ref idref="fl-10"/>
      </object_component>
      <object_component id="oc-32f">
         <name>.text:pxPortInitialiseStack</name>
         <load_address>0x10928</load_address>
         <run_address>0x10928</run_address>
         <size>0x22</size>
         <input_file_ref idref="fl-17"/>
      </object_component>
      <object_component id="oc-eb">
         <name>.text</name>
         <load_address>0x1094a</load_address>
         <run_address>0x1094a</run_address>
         <size>0x22</size>
         <input_file_ref idref="fl-14d"/>
      </object_component>
      <object_component id="oc-f6">
         <name>.text:uxListRemove</name>
         <load_address>0x1096c</load_address>
         <run_address>0x1096c</run_address>
         <size>0x22</size>
         <input_file_ref idref="fl-13"/>
      </object_component>
      <object_component id="oc-80a">
         <name>.text:wait_ready</name>
         <load_address>0x10990</load_address>
         <run_address>0x10990</run_address>
         <size>0x20</size>
         <input_file_ref idref="fl-5"/>
      </object_component>
      <object_component id="oc-5de">
         <name>.text:ld_clust</name>
         <load_address>0x109b0</load_address>
         <run_address>0x109b0</run_address>
         <size>0x1e</size>
         <input_file_ref idref="fl-6"/>
      </object_component>
      <object_component id="oc-6f0">
         <name>.text:sum_sfn</name>
         <load_address>0x109ce</load_address>
         <run_address>0x109ce</run_address>
         <size>0x1e</size>
         <input_file_ref idref="fl-6"/>
      </object_component>
      <object_component id="oc-7b9">
         <name>.text:mem_cmp</name>
         <load_address>0x109ec</load_address>
         <run_address>0x109ec</run_address>
         <size>0x1c</size>
         <input_file_ref idref="fl-6"/>
      </object_component>
      <object_component id="oc-2e1">
         <name>.text:prvIsQueueFull</name>
         <load_address>0x10a08</load_address>
         <run_address>0x10a08</run_address>
         <size>0x1c</size>
         <input_file_ref idref="fl-14"/>
      </object_component>
      <object_component id="oc-47">
         <name>.text:xPortSysTickHandler</name>
         <load_address>0x10a24</load_address>
         <run_address>0x10a24</run_address>
         <size>0x1c</size>
         <input_file_ref idref="fl-17"/>
      </object_component>
      <object_component id="oc-123">
         <name>.text:UARTprintf</name>
         <load_address>0x10a40</load_address>
         <run_address>0x10a40</run_address>
         <size>0x1a</size>
         <input_file_ref idref="fl-11"/>
      </object_component>
      <object_component id="oc-366">
         <name>.text:prvIsQueueEmpty</name>
         <load_address>0x10a5a</load_address>
         <run_address>0x10a5a</run_address>
         <size>0x1a</size>
         <input_file_ref idref="fl-14"/>
      </object_component>
      <object_component id="oc-63a">
         <name>.text</name>
         <load_address>0x10a74</load_address>
         <run_address>0x10a74</run_address>
         <size>0x1a</size>
         <input_file_ref idref="fl-145"/>
      </object_component>
      <object_component id="oc-64a">
         <name>.text</name>
         <load_address>0x10a8e</load_address>
         <run_address>0x10a8e</run_address>
         <size>0x1a</size>
         <input_file_ref idref="fl-151"/>
      </object_component>
      <object_component id="oc-3ff">
         <name>.text:usnprintf</name>
         <load_address>0x10aa8</load_address>
         <run_address>0x10aa8</run_address>
         <size>0x1a</size>
         <input_file_ref idref="fl-12"/>
      </object_component>
      <object_component id="oc-73b">
         <name>.text:clust2sect</name>
         <load_address>0x10ac2</load_address>
         <run_address>0x10ac2</run_address>
         <size>0x18</size>
         <input_file_ref idref="fl-6"/>
      </object_component>
      <object_component id="oc-81">
         <name>.text</name>
         <load_address>0x10adc</load_address>
         <run_address>0x10adc</run_address>
         <size>0x18</size>
         <input_file_ref idref="fl-158"/>
      </object_component>
      <object_component id="oc-fc">
         <name>.text:vListInsertEnd</name>
         <load_address>0x10af4</load_address>
         <run_address>0x10af4</run_address>
         <size>0x18</size>
         <input_file_ref idref="fl-13"/>
      </object_component>
      <object_component id="oc-2c3">
         <name>.text:vTaskSetTimeOutState</name>
         <load_address>0x10b0c</load_address>
         <run_address>0x10b0c</run_address>
         <size>0x18</size>
         <input_file_ref idref="fl-15"/>
      </object_component>
      <object_component id="oc-340">
         <name>.text:xTaskGetTickCount</name>
         <load_address>0x10b24</load_address>
         <run_address>0x10b24</run_address>
         <size>0x18</size>
         <input_file_ref idref="fl-15"/>
      </object_component>
      <object_component id="oc-6de">
         <name>.text:mem_cpy</name>
         <load_address>0x10b3c</load_address>
         <run_address>0x10b3c</run_address>
         <size>0x16</size>
         <input_file_ref idref="fl-6"/>
      </object_component>
      <object_component id="oc-1bb">
         <name>.text:vListInitialise</name>
         <load_address>0x10b52</load_address>
         <run_address>0x10b52</run_address>
         <size>0x16</size>
         <input_file_ref idref="fl-13"/>
      </object_component>
      <object_component id="oc-1d4">
         <name>.text:RGBIntensitySet</name>
         <load_address>0x10b68</load_address>
         <run_address>0x10b68</run_address>
         <size>0x14</size>
         <input_file_ref idref="fl-1a"/>
      </object_component>
      <object_component id="oc-3d9">
         <name>.text:getScreenHeight</name>
         <load_address>0x10b7c</load_address>
         <run_address>0x10b7c</run_address>
         <size>0x14</size>
         <input_file_ref idref="fl-9"/>
      </object_component>
      <object_component id="oc-3d3">
         <name>.text:getScreenWidth</name>
         <load_address>0x10b90</load_address>
         <run_address>0x10b90</run_address>
         <size>0x14</size>
         <input_file_ref idref="fl-9"/>
      </object_component>
      <object_component id="oc-702">
         <name>.text:mem_set</name>
         <load_address>0x10ba4</load_address>
         <run_address>0x10ba4</run_address>
         <size>0x14</size>
         <input_file_ref idref="fl-6"/>
      </object_component>
      <object_component id="oc-4c5">
         <name>.text:prvSetupTimerInterrupt</name>
         <load_address>0x10bb8</load_address>
         <run_address>0x10bb8</run_address>
         <size>0x14</size>
         <input_file_ref idref="fl-17"/>
      </object_component>
      <object_component id="oc-15e">
         <name>.text</name>
         <load_address>0x10bcc</load_address>
         <run_address>0x10bcc</run_address>
         <size>0x14</size>
         <input_file_ref idref="fl-157"/>
      </object_component>
      <object_component id="oc-60e">
         <name>.text</name>
         <load_address>0x10be0</load_address>
         <run_address>0x10be0</run_address>
         <size>0x14</size>
         <input_file_ref idref="fl-153"/>
      </object_component>
      <object_component id="oc-3e5">
         <name>.text:setBackgroundColor</name>
         <load_address>0x10bf4</load_address>
         <run_address>0x10bf4</run_address>
         <size>0x14</size>
         <input_file_ref idref="fl-8"/>
      </object_component>
      <object_component id="oc-242">
         <name>.text:setColor</name>
         <load_address>0x10c08</load_address>
         <run_address>0x10c08</run_address>
         <size>0x14</size>
         <input_file_ref idref="fl-8"/>
      </object_component>
      <object_component id="oc-2cf">
         <name>.text:vPortEnterCritical</name>
         <load_address>0x10c1c</load_address>
         <run_address>0x10c1c</run_address>
         <size>0x14</size>
         <input_file_ref idref="fl-17"/>
      </object_component>
      <object_component id="oc-2c9">
         <name>.text:vPortExitCritical</name>
         <load_address>0x10c30</load_address>
         <run_address>0x10c30</run_address>
         <size>0x14</size>
         <input_file_ref idref="fl-17"/>
      </object_component>
      <object_component id="oc-3b6">
         <name>.text:GPIOPinTypeI2C</name>
         <load_address>0x10c44</load_address>
         <run_address>0x10c44</run_address>
         <size>0x12</size>
         <input_file_ref idref="fl-169"/>
      </object_component>
      <object_component id="oc-3b0">
         <name>.text:GPIOPinTypeI2CSCL</name>
         <load_address>0x10c56</load_address>
         <run_address>0x10c56</run_address>
         <size>0x12</size>
         <input_file_ref idref="fl-169"/>
      </object_component>
      <object_component id="oc-35f">
         <name>.text:SSIDataGetNonBlocking</name>
         <load_address>0x10c68</load_address>
         <run_address>0x10c68</run_address>
         <size>0x12</size>
         <input_file_ref idref="fl-166"/>
      </object_component>
      <object_component id="oc-7ac">
         <name>.text:chk_chr</name>
         <load_address>0x10c7a</load_address>
         <run_address>0x10c7a</run_address>
         <size>0x12</size>
         <input_file_ref idref="fl-6"/>
      </object_component>
      <object_component id="oc-65d">
         <name>.text:prvDeleteTCB</name>
         <load_address>0x10c8c</load_address>
         <run_address>0x10c8c</run_address>
         <size>0x12</size>
         <input_file_ref idref="fl-15"/>
      </object_component>
      <object_component id="oc-3f7">
         <name>.text:DCB</name>
         <load_address>0x10c9e</load_address>
         <run_address>0x10c9e</run_address>
         <size>0x10</size>
         <input_file_ref idref="fl-c"/>
      </object_component>
      <object_component id="oc-783">
         <name>.text:DESELECT</name>
         <load_address>0x10cb0</load_address>
         <run_address>0x10cb0</run_address>
         <size>0x10</size>
         <input_file_ref idref="fl-5"/>
      </object_component>
      <object_component id="oc-771">
         <name>.text:SELECT</name>
         <load_address>0x10cc0</load_address>
         <run_address>0x10cc0</run_address>
         <size>0x10</size>
         <input_file_ref idref="fl-5"/>
      </object_component>
      <object_component id="oc-6b1">
         <name>.text:disk_status</name>
         <load_address>0x10cd0</load_address>
         <run_address>0x10cd0</run_address>
         <size>0x10</size>
         <input_file_ref idref="fl-5"/>
      </object_component>
      <object_component id="oc-421">
         <name>.text:f_close</name>
         <load_address>0x10ce0</load_address>
         <run_address>0x10ce0</run_address>
         <size>0x10</size>
         <input_file_ref idref="fl-6"/>
      </object_component>
      <object_component id="oc-5e4">
         <name>.text:st_clust</name>
         <load_address>0x10cf0</load_address>
         <run_address>0x10cf0</run_address>
         <size>0x10</size>
         <input_file_ref idref="fl-6"/>
      </object_component>
      <object_component id="oc-2ed">
         <name>.text:vPortYield</name>
         <load_address>0x10d00</load_address>
         <run_address>0x10d00</run_address>
         <size>0x10</size>
         <input_file_ref idref="fl-17"/>
      </object_component>
      <object_component id="oc-2a8">
         <name>.text:vTaskSuspendAll</name>
         <load_address>0x10d10</load_address>
         <run_address>0x10d10</run_address>
         <size>0x10</size>
         <input_file_ref idref="fl-15"/>
      </object_component>
      <object_component id="oc-12">
         <name>.text:decompress:none</name>
         <load_address>0x10d20</load_address>
         <run_address>0x10d20</run_address>
         <size>0xe</size>
         <input_file_ref idref="fl-142"/>
      </object_component>
      <object_component id="oc-213">
         <name>.text:RadioTask</name>
         <load_address>0x10d2e</load_address>
         <run_address>0x10d2e</run_address>
         <size>0xc</size>
         <input_file_ref idref="fl-b"/>
      </object_component>
      <object_component id="oc-830">
         <name>.text:chk_power</name>
         <load_address>0x10d3c</load_address>
         <run_address>0x10d3c</run_address>
         <size>0xc</size>
         <input_file_ref idref="fl-5"/>
      </object_component>
      <object_component id="oc-1e">
         <name>.text:decompress:ZI</name>
         <load_address>0x10d48</load_address>
         <run_address>0x10d48</run_address>
         <size>0xc</size>
         <input_file_ref idref="fl-144"/>
      </object_component>
      <object_component id="oc-789">
         <name>.text:power_off</name>
         <load_address>0x10d54</load_address>
         <run_address>0x10d54</run_address>
         <size>0xc</size>
         <input_file_ref idref="fl-5"/>
      </object_component>
      <object_component id="oc-81b">
         <name>.text:rcvr_spi_m</name>
         <load_address>0x10d60</load_address>
         <run_address>0x10d60</run_address>
         <size>0xc</size>
         <input_file_ref idref="fl-5"/>
      </object_component>
      <object_component id="oc-4fc">
         <name>.text:vTaskMissedYield</name>
         <load_address>0x10d6c</load_address>
         <run_address>0x10d6c</run_address>
         <size>0xc</size>
         <input_file_ref idref="fl-15"/>
      </object_component>
      <object_component id="oc-378">
         <name>.text:xTaskGetCurrentTaskHandle</name>
         <load_address>0x10d78</load_address>
         <run_address>0x10d78</run_address>
         <size>0xc</size>
         <input_file_ref idref="fl-15"/>
      </object_component>
      <object_component id="oc-563">
         <name>.text:I2CMasterEnable</name>
         <load_address>0x10d84</load_address>
         <run_address>0x10d84</run_address>
         <size>0xa</size>
         <input_file_ref idref="fl-168"/>
      </object_component>
      <object_component id="oc-589">
         <name>.text:I2CMasterBusy</name>
         <load_address>0x10d8e</load_address>
         <run_address>0x10d8e</run_address>
         <size>0x8</size>
         <input_file_ref idref="fl-168"/>
      </object_component>
      <object_component id="oc-577">
         <name>.text:I2CMasterSlaveAddrSet</name>
         <load_address>0x10d96</load_address>
         <run_address>0x10d96</run_address>
         <size>0x8</size>
         <input_file_ref idref="fl-168"/>
      </object_component>
      <object_component id="oc-5d8">
         <name>.text:get_fattime</name>
         <load_address>0x10da0</load_address>
         <run_address>0x10da0</run_address>
         <size>0x8</size>
         <input_file_ref idref="fl-5"/>
      </object_component>
      <object_component id="oc-273">
         <name>.text:prvIdleTask</name>
         <load_address>0x10da8</load_address>
         <run_address>0x10da8</run_address>
         <size>0x8</size>
         <input_file_ref idref="fl-15"/>
      </object_component>
      <object_component id="oc-2a">
         <name>.text:ResetISR</name>
         <load_address>0x10db0</load_address>
         <run_address>0x10db0</run_address>
         <size>0x6</size>
         <input_file_ref idref="fl-d"/>
      </object_component>
      <object_component id="oc-19b">
         <name>.text:UARTClockSourceSet</name>
         <load_address>0x10db6</load_address>
         <run_address>0x10db6</run_address>
         <size>0x6</size>
         <input_file_ref idref="fl-164"/>
      </object_component>
      <object_component id="oc-18">
         <name>.text:decompress:rle24</name>
         <load_address>0x10dbc</load_address>
         <run_address>0x10dbc</run_address>
         <size>0x6</size>
         <input_file_ref idref="fl-143"/>
      </object_component>
      <object_component id="oc-523">
         <name>.text:vListInitialiseItem</name>
         <load_address>0x10dc2</load_address>
         <run_address>0x10dc2</run_address>
         <size>0x6</size>
         <input_file_ref idref="fl-13"/>
      </object_component>
      <object_component id="oc-583">
         <name>.text:I2CMasterControl</name>
         <load_address>0x10dc8</load_address>
         <run_address>0x10dc8</run_address>
         <size>0x4</size>
         <input_file_ref idref="fl-168"/>
      </object_component>
      <object_component id="oc-58f">
         <name>.text:I2CMasterDataGet</name>
         <load_address>0x10dcc</load_address>
         <run_address>0x10dcc</run_address>
         <size>0x4</size>
         <input_file_ref idref="fl-168"/>
      </object_component>
      <object_component id="oc-57d">
         <name>.text:I2CMasterDataPut</name>
         <load_address>0x10dd0</load_address>
         <run_address>0x10dd0</run_address>
         <size>0x4</size>
         <input_file_ref idref="fl-168"/>
      </object_component>
      <object_component id="oc-75">
         <name>.text</name>
         <load_address>0x10dd4</load_address>
         <run_address>0x10dd4</run_address>
         <size>0x4</size>
         <input_file_ref idref="fl-150"/>
      </object_component>
      <object_component id="oc-823">
         <name>.const:uni2sjis</name>
         <load_address>0x270</load_address>
         <run_address>0x270</run_address>
         <size>0x7378</size>
         <input_file_ref idref="fl-4"/>
      </object_component>
      <object_component id="oc-69b">
         <name>.const:font_11x16</name>
         <load_address>0x75e8</load_address>
         <run_address>0x75e8</run_address>
         <size>0x1054</size>
         <input_file_ref idref="fl-8"/>
      </object_component>
      <object_component id="oc-69f">
         <name>.const:font_8x12</name>
         <load_address>0x863c</load_address>
         <run_address>0x863c</run_address>
         <size>0x474</size>
         <input_file_ref idref="fl-8"/>
      </object_component>
      <object_component id="oc-6a3">
         <name>.const:font_5x7</name>
         <load_address>0x8ab0</load_address>
         <run_address>0x8ab0</run_address>
         <size>0x1e0</size>
         <input_file_ref idref="fl-8"/>
      </object_component>
      <object_component id="oc-828">
         <name>.const:tbl_lower$1</name>
         <load_address>0x8c90</load_address>
         <run_address>0x8c90</run_address>
         <size>0x1e0</size>
         <input_file_ref idref="fl-4"/>
      </object_component>
      <object_component id="oc-829">
         <name>.const:tbl_upper$2</name>
         <load_address>0x8e70</load_address>
         <run_address>0x8e70</run_address>
         <size>0x1e0</size>
         <input_file_ref idref="fl-4"/>
      </object_component>
      <object_component id="oc-40b">
         <name>.const:.string</name>
         <load_address>0x9050</load_address>
         <run_address>0x9050</run_address>
         <size>0x192</size>
         <input_file_ref idref="fl-c"/>
      </object_component>
      <object_component id="oc-54c">
         <name>.const:g_pui32GPIOBaseAddrs</name>
         <load_address>0x91e4</load_address>
         <run_address>0x91e4</run_address>
         <size>0x90</size>
         <input_file_ref idref="fl-169"/>
      </object_component>
      <object_component id="oc-7fb">
         <name>.const</name>
         <load_address>0x9278</load_address>
         <run_address>0x9278</run_address>
         <size>0x80</size>
         <input_file_ref idref="fl-155"/>
      </object_component>
      <object_component id="oc-55f">
         <name>.const:g_pui32Xtals</name>
         <load_address>0x92f8</load_address>
         <run_address>0x92f8</run_address>
         <size>0x6c</size>
         <input_file_ref idref="fl-165"/>
      </object_component>
      <object_component id="oc-545">
         <name>.const:.string</name>
         <load_address>0x9364</load_address>
         <run_address>0x9364</run_address>
         <size>0x20</size>
         <input_file_ref idref="fl-9"/>
      </object_component>
      <object_component id="oc-28f">
         <name>.const</name>
         <load_address>0x9384</load_address>
         <run_address>0x9384</run_address>
         <size>0x1c</size>
         <input_file_ref idref="fl-11"/>
      </object_component>
      <object_component id="oc-f1">
[...]
      </symbol>
      <symbol id="sm-b17">
         <name>xQueueGenericSend</name>
         <value>0xddc9</value>
         <object_component_ref idref="oc-1c1"/>
      </symbol>
      <symbol id="sm-b18">
         <name>xQueueGenericReset</name>
         <value>0xef9f</value>
         <object_component_ref idref="oc-31c"/>
      </symbol>
      <symbol id="sm-b19">
         <name>xQueueGenericReceive</name>
         <value>0xd341</value>
         <object_component_ref idref="oc-20d"/>
      </symbol>
      <symbol id="sm-cac">
         <name>vTaskSuspendAll</name>
         <value>0x10d11</value>
         <object_component_ref idref="oc-2a8"/>
      </symbol>
      <symbol id="sm-cad">
         <name>vTaskPriorityInherit</name>
         <value>0xf081</value>
         <object_component_ref idref="oc-36c"/>
      </symbol>
      <symbol id="sm-cae">
         <name>vTaskPlaceOnEventList</name>
         <value>0x101fd</value>
         <object_component_ref idref="oc-2e7"/>
      </symbol>
      <symbol id="sm-caf">
         <name>xTaskCheckForTimeOut</name>
         <value>0xfb7d</value>
         <object_component_ref idref="oc-2d5"/>
      </symbol>
      <symbol id="sm-cb0">
         <name>vTaskStartScheduler</name>
         <value>0x1012d</value>
         <object_component_ref idref="oc-14d"/>
      </symbol>
      <symbol id="sm-cb1">
         <name>vTaskPriorityDisinherit</name>
         <value>0x100e5</value>
         <object_component_ref idref="oc-513"/>
      </symbol>
      <symbol id="sm-cb2">
         <name>vTaskDelayUntil</name>
         <value>0xf86d</value>
         <object_component_ref idref="oc-346"/>
      </symbol>
      <symbol id="sm-cb3">
         <name>vTaskMissedYield</name>
         <value>0x10d6d</value>
         <object_component_ref idref="oc-4fc"/>
      </symbol>
      <symbol id="sm-cb4">
         <name>xTaskResumeAll</name>
         <value>0xda99</value>
         <object_component_ref idref="oc-2b4"/>
      </symbol>
      <symbol id="sm-cb5">
         <name>xTaskGetTickCount</name>
         <value>0x10b25</value>
         <object_component_ref idref="oc-340"/>
      </symbol>
      <symbol id="sm-cb6">
         <name>xTaskGenericCreate</name>
         <value>0xd80d</value>
         <object_component_ref idref="oc-1e6"/>
      </symbol>
      <symbol id="sm-cb7">
         <name>pxCurrentTCB</name>
         <value>0x20007d40</value>
         <object_component_ref idref="oc-95"/>
      </symbol>
      <symbol id="sm-cb8">
         <name>vTaskSetTimeOutState</name>
         <value>0x10b0d</value>
         <object_component_ref idref="oc-2c3"/>
      </symbol>
      <symbol id="sm-cb9">
         <name>xTaskIncrementTick</name>
         <value>0xccdd</value>
         <object_component_ref idref="oc-9f"/>
      </symbol>
      <symbol id="sm-cba">
         <name>vTaskSwitchContext</name>
         <value>0xe591</value>
         <object_component_ref idref="oc-98"/>
      </symbol>
      <symbol id="sm-cbb">
         <name>xTaskGetCurrentTaskHandle</name>
         <value>0x10d79</value>
         <object_component_ref idref="oc-378"/>
      </symbol>
      <symbol id="sm-cbc">
         <name>xTaskRemoveFromEventList</name>
         <value>0xf0f1</value>
         <object_component_ref idref="oc-2f9"/>
      </symbol>
      <symbol id="sm-d08">
         <name>pvPortMalloc</name>
         <value>0xe39d</value>
         <object_component_ref idref="oc-1b5"/>
      </symbol>
      <symbol id="sm-d09">
         <name>vPortFree</name>
         <value>0x101b9</value>
         <object_component_ref idref="oc-316"/>
      </symbol>
      <symbol id="sm-d5e">
         <name>vPortYield</name>
         <value>0x10d01</value>
         <object_component_ref idref="oc-2ed"/>
      </symbol>
      <symbol id="sm-d5f">
         <name>xPortSysTickHandler</name>
         <value>0x10a25</value>
         <object_component_ref idref="oc-47"/>
      </symbol>
      <symbol id="sm-d60">
         <name>pxPortInitialiseStack</name>
         <value>0x10929</value>
         <object_component_ref idref="oc-32f"/>
      </symbol>
      <symbol id="sm-d61">
         <name>vPortExitCritical</name>
         <value>0x10c31</value>
         <object_component_ref idref="oc-2c9"/>
      </symbol>
      <symbol id="sm-d62">
         <name>xPortStartScheduler</name>
         <value>0x10305</value>
         <object_component_ref idref="oc-26d"/>
      </symbol>
      <symbol id="sm-d63">
         <name>vPortEnterCritical</name>
         <value>0x10c1d</value>
         <object_component_ref idref="oc-2cf"/>
      </symbol>
      <symbol id="sm-d70">
         <name>vPortStartFirstTask</name>
         <value>0xe4c9</value>
         <object_component_ref idref="oc-42"/>
      </symbol>
      <symbol id="sm-d71">
         <name>vPortEnableVFP</name>
         <value>0xe4dd</value>
         <object_component_ref idref="oc-42"/>
      </symbol>
      <symbol id="sm-d72">
         <name>xPortPendSVHandler</name>
         <value>0xe44d</value>
         <object_component_ref idref="oc-42"/>
      </symbol>
      <symbol id="sm-d73">
         <name>vPortClearInterruptMask</name>
         <value>0xe4a5</value>
         <object_component_ref idref="oc-42"/>
      </symbol>
      <symbol id="sm-d74">
         <name>vPortSetInterruptMask</name>
         <value>0xe49b</value>
         <object_component_ref idref="oc-42"/>
      </symbol>
      <symbol id="sm-d75">
         <name>vPortSVCHandler</name>
         <value>0xe4af</value>
         <object_component_ref idref="oc-42"/>
      </symbol>
      <symbol id="sm-da3">
         <name>ButtonsInit</name>
         <value>0xf311</value>
         <object_component_ref idref="oc-1fa"/>
      </symbol>
      <symbol id="sm-da4">
         <name>ButtonsPoll</name>
         <value>0xe885</value>
         <object_component_ref idref="oc-35a"/>
      </symbol>
      <symbol id="sm-df8">
         <name>RGBDisable</name>
         <value>0xf379</value>
         <object_component_ref idref="oc-34c"/>
      </symbol>
      <symbol id="sm-df9">
         <name>RGBIntensitySet</name>
         <value>0x10b69</value>
         <object_component_ref idref="oc-1d4"/>
      </symbol>
      <symbol id="sm-dfa">
         <name>RGBEnable</name>
         <value>0xde91</value>
         <object_component_ref idref="oc-307"/>
      </symbol>
      <symbol id="sm-dfb">
         <name>RGBInit</name>
         <value>0xd241</value>
         <object_component_ref idref="oc-1ce"/>
      </symbol>
      <symbol id="sm-dfc">
         <name>RGBColorSet</name>
         <value>0xe765</value>
         <object_component_ref idref="oc-1da"/>
      </symbol>
      <symbol id="sm-e0e">
         <name>_c_int00</name>
         <value>0xfcc5</value>
         <object_component_ref idref="oc-24"/>
      </symbol>
      <symbol id="sm-e0f">
         <name>__stack</name>
         <value>0x20007de4</value>
         <object_component_ref idref="oc-29"/>
      </symbol>
      <symbol id="sm-e26">
         <name>__TI_decompress_none</name>
         <value>0x10d21</value>
         <object_component_ref idref="oc-12"/>
      </symbol>
      <symbol id="sm-e4e">
         <name>__TI_decompress_rle24</name>
         <value>0x10dbd</value>
         <object_component_ref idref="oc-18"/>
      </symbol>
      <symbol id="sm-e60">
         <name>__TI_zero_init</name>
         <value>0x10d49</value>
         <object_component_ref idref="oc-1e"/>
      </symbol>
      <symbol id="sm-e6d">
         <name>cos</name>
         <value>0x10a75</value>
         <object_component_ref idref="oc-63a"/>
      </symbol>
      <symbol id="sm-e8c">
         <name>C$$EXIT</name>
         <value>0x10175</value>
         <object_component_ref idref="oc-87"/>
      </symbol>
      <symbol id="sm-e8d">
         <name>abort</name>
         <value>0x10179</value>
         <object_component_ref idref="oc-87"/>
      </symbol>
      <symbol id="sm-e8e">
         <name>exit</name>
         <value>0x10181</value>
         <object_component_ref idref="oc-87"/>
      </symbol>
      <symbol id="sm-e8f">
         <name>__TI_dtors_ptr</name>
         <value>0x20007db8</value>
         <object_component_ref idref="oc-d9"/>
      </symbol>
      <symbol id="sm-e90">
         <name>__TI_cleanup_ptr</name>
         <value>0x20007db4</value>
         <object_component_ref idref="oc-d9"/>
      </symbol>
      <symbol id="sm-eb4">
         <name>__aeabi_dsub</name>
         <value>0xb731</value>
         <object_component_ref idref="oc-640"/>
      </symbol>
      <symbol id="sm-eb5">
         <name>__aeabi_dadd</name>
         <value>0xb73b</value>
         <object_component_ref idref="oc-640"/>
      </symbol>
      <symbol id="sm-ed5">
         <name>__aeabi_ddiv</name>
         <value>0xc825</value>
         <object_component_ref idref="oc-635"/>
      </symbol>
      <symbol id="sm-eec">
         <name>__aeabi_dmul</name>
         <value>0xd441</value>
         <object_component_ref idref="oc-630"/>
      </symbol>
      <symbol id="sm-efa">
         <name>__aeabi_d2iz</name>
         <value>0x1009d</value>
         <object_component_ref idref="oc-645"/>
      </symbol>
      <symbol id="sm-f09">
         <name>__aeabi_i2d</name>
         <value>0x1071b</value>
         <object_component_ref idref="oc-62b"/>
      </symbol>
      <symbol id="sm-f19">
         <name>memcmp</name>
         <value>0x1094b</value>
         <object_component_ref idref="oc-eb"/>
      </symbol>
      <symbol id="sm-f34">
         <name>memcpy</name>
         <value>0xe631</value>
         <object_component_ref idref="oc-50"/>
      </symbol>
      <symbol id="sm-f35">
         <name>__aeabi_memcpy</name>
         <value>0xe631</value>
         <object_component_ref idref="oc-50"/>
      </symbol>
      <symbol id="sm-f36">
         <name>__aeabi_memcpy8</name>
         <value>0xe631</value>
         <object_component_ref idref="oc-50"/>
      </symbol>
      <symbol id="sm-f37">
         <name>__aeabi_memcpy4</name>
         <value>0xe631</value>
         <object_component_ref idref="oc-50"/>
      </symbol>
      <symbol id="sm-f46">
         <name>__aeabi_memset</name>
         <value>0xedc7</value>
         <object_component_ref idref="oc-69"/>
      </symbol>
      <symbol id="sm-f47">
         <name>memset</name>
         <value>0xedcd</value>
         <object_component_ref idref="oc-69"/>
      </symbol>
      <symbol id="sm-f48">
         <name>__aeabi_memset8</name>
         <value>0xedc7</value>
         <object_component_ref idref="oc-69"/>
      </symbol>
      <symbol id="sm-f49">
         <name>__aeabi_memset4</name>
         <value>0xedc7</value>
         <object_component_ref idref="oc-69"/>
      </symbol>
      <symbol id="sm-f4a">
         <name>__aeabi_memclr8</name>
         <value>0xedc5</value>
         <object_component_ref idref="oc-69"/>
      </symbol>
      <symbol id="sm-f4b">
         <name>__aeabi_memclr4</name>
         <value>0xedc5</value>
         <object_component_ref idref="oc-69"/>
      </symbol>
      <symbol id="sm-f4c">
         <name>__aeabi_memclr</name>
         <value>0xedc5</value>
         <object_component_ref idref="oc-69"/>
      </symbol>
      <symbol id="sm-f56">
         <name>_system_pre_init</name>
         <value>0x10dd5</value>
         <object_component_ref idref="oc-75"/>
      </symbol>
      <symbol id="sm-f63">
         <name>sin</name>
         <value>0x10a8f</value>
         <object_component_ref idref="oc-64a"/>
      </symbol>
      <symbol id="sm-f6b">
         <name>main_func_sp</name>
         <value>0x20007ddc</value>
         <object_component_ref idref="oc-8d"/>
      </symbol>
      <symbol id="sm-f79">
         <name>strlen</name>
         <value>0x10be1</value>
         <object_component_ref idref="oc-60e"/>
      </symbol>
      <symbol id="sm-f8c">
         <name>__aeabi_uidivmod</name>
         <value>0x10241</value>
         <object_component_ref idref="oc-29f"/>
      </symbol>
      <symbol id="sm-f8d">
         <name>__aeabi_uidiv</name>
         <value>0x10241</value>
         <object_component_ref idref="oc-29f"/>
      </symbol>
      <symbol id="sm-fcc">
         <name>_Sin</name>
         <value>0xa669</value>
         <object_component_ref idref="oc-747"/>
      </symbol>
      <symbol id="sm-fdc">
         <name>_Rteps</name>
         <value>0x20007d20</value>
         <object_component_ref idref="oc-7f8"/>
      </symbol>
      <symbol id="sm-fdd">
         <name>_Zero</name>
         <value>0x20007d38</value>
         <object_component_ref idref="oc-7f8"/>
      </symbol>
      <symbol id="sm-fde">
         <name>_Hugeval</name>
         <value>0x20007ce0</value>
         <object_component_ref idref="oc-7f8"/>
      </symbol>
      <symbol id="sm-fdf">
         <name>_Snan</name>
         <value>0x20007d10</value>
         <object_component_ref idref="oc-7f8"/>
      </symbol>
      <symbol id="sm-fe0">
         <name>_Nan</name>
         <value>0x20007d00</value>
         <object_component_ref idref="oc-7f8"/>
      </symbol>
      <symbol id="sm-fe1">
         <name>_Inf</name>
         <value>0x20007cf0</value>
         <object_component_ref idref="oc-7f8"/>
      </symbol>
      <symbol id="sm-fe2">
         <name>_Xbig</name>
         <value>0x20007d30</value>
         <object_component_ref idref="oc-7f8"/>
      </symbol>
      <symbol id="sm-fe3">
         <name>_Eps</name>
         <value>0x20007cd0</value>
         <object_component_ref idref="oc-7f8"/>
      </symbol>
      <symbol id="sm-fe4">
         <name>_Denorm</name>
         <value>0x20007cc0</value>
         <object_component_ref idref="oc-7f8"/>
      </symbol>
      <symbol id="sm-ffd">
         <name>_nop</name>
         <value>0x10bdb</value>
         <object_component_ref idref="oc-15e"/>
      </symbol>
      <symbol id="sm-ffe">
         <name>_lock</name>
         <value>0x20007dac</value>
         <object_component_ref idref="oc-d6"/>
      </symbol>
      <symbol id="sm-fff">
         <name>_unlock</name>
         <value>0x20007db0</value>
         <object_component_ref idref="oc-d6"/>
      </symbol>
      <symbol id="sm-1000">
         <name>_register_lock</name>
         <value>0x10bd3</value>
         <object_component_ref idref="oc-15e"/>
      </symbol>
      <symbol id="sm-1001">
         <name>_register_unlock</name>
         <value>0x10bcd</value>
         <object_component_ref idref="oc-15e"/>
      </symbol>
      <symbol id="sm-1016">
         <name>_args_main</name>
         <value>0x10add</value>
         <object_component_ref idref="oc-81"/>
      </symbol>
      <symbol id="sm-103c">
         <name>__TI_auto_init</name>
         <value>0xf239</value>
         <object_component_ref idref="oc-7b"/>
      </symbol>
      <symbol id="sm-1056">
         <name>copy_in</name>
         <value>0xfe9d</value>
         <object_component_ref idref="oc-c6"/>
      </symbol>
      <symbol id="sm-106d">
         <name>__aeabi_cdcmpeq</name>
         <value>0xeb3d</value>
         <object_component_ref idref="oc-7e7"/>
      </symbol>
      <symbol id="sm-106e">
         <name>__aeabi_cdcmple</name>
         <value>0xeb3d</value>
         <object_component_ref idref="oc-7e7"/>
      </symbol>
      <symbol id="sm-1092">
         <name>fmod</name>
         <value>0xbc09</value>
         <object_component_ref idref="oc-7ec"/>
      </symbol>
      <symbol id="sm-10a7">
         <name>_Dnorm</name>
         <value>0xdf51</value>
         <object_component_ref idref="oc-838"/>
      </symbol>
      <symbol id="sm-10c3">
         <name>_Dscale</name>
         <value>0xd025</value>
         <object_component_ref idref="oc-83e"/>
      </symbol>
      <symbol id="sm-10d2">
         <name>_Feraise</name>
         <value>0x106bd</value>
         <object_component_ref idref="oc-7f2"/>
      </symbol>
      <symbol id="sm-10da">
         <name>_Errno</name>
         <value>0x20007dd8</value>
         <object_component_ref idref="oc-84c"/>
      </symbol>
      <symbol id="sm-10f8">
         <name>feraiseexcept</name>
         <value>0x105bd</value>
         <object_component_ref idref="oc-846"/>
      </symbol>
      <symbol id="sm-10f9">
         <name>_Tls_setup__Fenv</name>
         <value>0x20007dc0</value>
         <object_component_ref idref="oc-86e"/>
      </symbol>
      <symbol id="sm-10fa">
         <name>_Fenv</name>
         <value>0x20007dbc</value>
         <object_component_ref idref="oc-86e"/>
      </symbol>
      <symbol id="sm-110e">
         <name>raise</name>
         <value>0x10749</value>
         <object_component_ref idref="oc-868"/>
      </symbol>
      <symbol id="sm-1128">
         <name>signal</name>
         <value>0x102c5</value>
         <object_component_ref idref="oc-87a"/>
      </symbol>
      <symbol id="sm-113f">
         <name>UARTClockSourceSet</name>
         <value>0x10db7</value>
         <object_component_ref idref="oc-19b"/>
      </symbol>
      <symbol id="sm-1188">
         <name>SysCtlPeripheralEnable</name>
         <value>0x10589</value>
         <object_component_ref idref="oc-39e"/>
      </symbol>
      <symbol id="sm-1189">
         <name>SysCtlClockGet</name>
         <value>0xcdf9</value>
         <object_component_ref idref="oc-3bc"/>
      </symbol>
      <symbol id="sm-118a">
         <name>SysCtlPeripheralReset</name>
         <value>0xfc75</value>
         <object_component_ref idref="oc-3a4"/>
      </symbol>
      <symbol id="sm-1198">
         <name>SSIDataGetNonBlocking</name>
         <value>0x10c69</value>
         <object_component_ref idref="oc-35f"/>
      </symbol>
      <symbol id="sm-11da">
         <name>I2CMasterDataPut</name>
         <value>0x10dd1</value>
         <object_component_ref idref="oc-57d"/>
      </symbol>
      <symbol id="sm-11db">
         <name>I2CMasterInitExpClk</name>
         <value>0xff7d</value>
         <object_component_ref idref="oc-3c2"/>
      </symbol>
      <symbol id="sm-11dc">
         <name>I2CMasterSlaveAddrSet</name>
         <value>0x10d97</value>
         <object_component_ref idref="oc-577"/>
      </symbol>
      <symbol id="sm-11dd">
         <name>I2CMasterDataGet</name>
         <value>0x10dcd</value>
         <object_component_ref idref="oc-58f"/>
      </symbol>
      <symbol id="sm-11de">
         <name>I2CMasterControl</name>
         <value>0x10dc9</value>
         <object_component_ref idref="oc-583"/>
      </symbol>
      <symbol id="sm-11df">
         <name>I2CMasterBusy</name>
         <value>0x10d8f</value>
         <object_component_ref idref="oc-589"/>
      </symbol>
      <symbol id="sm-11e0">
         <name>I2CMasterEnable</name>
         <value>0x10d85</value>
         <object_component_ref idref="oc-563"/>
      </symbol>
      <symbol id="sm-1220">
         <name>GPIOPinConfigure</name>
         <value>0xff35</value>
         <object_component_ref idref="oc-3aa"/>
      </symbol>
      <symbol id="sm-1221">
         <name>GPIOPinTypeI2CSCL</name>
         <value>0x10c57</value>
         <object_component_ref idref="oc-3b0"/>
      </symbol>
      <symbol id="sm-1222">
         <name>GPIOPinTypeI2C</name>
         <value>0x10c45</value>
         <object_component_ref idref="oc-3b6"/>
      </symbol>
      <symbol id="sm-1223">
         <name>GPIODirModeSet</name>
         <value>0x107d1</value>
         <object_component_ref idref="oc-551"/>
      </symbol>
      <symbol id="sm-1224">
         <name>GPIOPadConfigSet</name>
         <value>0xca91</value>
         <object_component_ref idref="oc-557"/>
      </symbol>
      <symbol id="sm-1226">
         <name>__TI_static_base__</name>
         <value>0x0</value>
      </symbol>
      <symbol id="sm-1229">
         <name>SHT$$INIT_ARRAY$$Limit</name>
         <value>0x0</value>
      </symbol>
      <symbol id="sm-122a">
         <name>SHT$$INIT_ARRAY$$Base</name>
         <value>0x0</value>
      </symbol>
   </symbol_table>
   <title>Link successful</title>
</link_info>
