******************************************************************************
                  TI ARM Linker PC v5.2.2                      
******************************************************************************
>> Linked Tue Apr 14 19:33:46 2015

OUTPUT FILE NAME:   <freertos_demo.out>
ENTRY POINT SYMBOL: "_c_int00"  address: 000040ed


MEMORY CONFIGURATION

         name            origin    length      used     unused   attr    fill
----------------------  --------  ---------  --------  --------  ----  --------
  FLASH                 00000000   00040000  00006522  00039ade  R  X
  SRAM                  20000000   00008000  00007fd6  0000002a  RW X


SEGMENT ALLOCATION MAP

run origin  load origin   length   init length attrs members
----------  ----------- ---------- ----------- ----- -------
00000000    00000000    00006528   00006528    r-x
  00000000    00000000    0000026c   0000026c    r-- .intvecs
  0000026c    0000026c    00004a5c   00004a5c    r-x .text
  00004cc8    00004cc8    000017d2   000017d2    r-- .const
  000064a0    000064a0    00000088   00000088    r-- .cinit
20000000    20000000    00007fd9   00000000    rw-
  20000000    20000000    00007705   00000000    rw- .bss
  20007708    20007708    00000700   00000000    rw- .stack
  20007e08    20007e08    000001d1   00000000    rw- .data


SECTION ALLOCATION MAP

 output                                  attributes/
section   page    origin      length       input sections
--------  ----  ----------  ----------   ----------------
.intvecs   0    00000000    0000026c     
                  00000000    0000026c     startup_ccs.obj (.intvecs)

.text      0    0000026c    00004a5c     
                  0000026c    00000384     screen_task.obj (.text:ScreenTask)
                  000005f0    00000330     screen_task.obj (.text:showAnalogAccel)
                  00000920    00000328     screen_task.obj (.text:showAnalogSpeed)
                  00000c48    00000324     screen_task.obj (.text:showAnalogGForce)
                  00000f6c    00000294     rtsv7M4_T_le_v4SPD16_eabi.lib : xsin.obj (.text)
                  00001200    0000024d     ustdlib.obj (.text:uvsnprintf)
                  0000144d    00000001     --HOLE-- [fill = 0]
                  0000144e    00000002     startup_ccs.obj (.text:FaultISR)
                  00001450    00000200     screen_task.obj (.text:menuScreen)
                  00001650    000001ea     uartstdio.obj (.text:UARTvprintf)
                  0000183a    000001b6     rtsv7M4_T_le_v4SPD16_eabi.lib : fd_add_t2.obj (.text)
                  000019f0    000001a8     screen_task.obj (.text:ScreenTaskInit)
                  00001b98    00000174     rtsv7M4_T_le_v4SPD16_eabi.lib : fmod.obj (.text)
                  00001d0c    00000168     screen_task.obj (.text:diaMassScreen)
                  00001e74    00000160     switch_task.obj (.text:SwitchTask)
                  00001fd4    00000160     screen_task.obj (.text:algDgtScreen)
                  00002134    00000160     screen_task.obj (.text:timDatScreen)
                  00002294    00000136     rtsv7M4_T_le_v4SPD16_eabi.lib : fd_div_t2.obj (.text)
                  000023ca    00000002     startup_ccs.obj (.text:IntDefaultHandler)
                  000023cc    0000011c     screen_task.obj (.text:showDigital)
                  000024e8    0000011c     tasks.obj (.text:xTaskIncrementTick)
                  00002604    00000110     rtsv7M4_T_le_v4SPD16_eabi.lib : xdscale.obj (.text)
                  00002714    00000100     rgb.obj (.text:RGBInit)
                  00002814    00000100     queue.obj (.text:xQueueGenericReceive)
                  00002914    000000fc     rtsv7M4_T_le_v4SPD16_eabi.lib : fd_mul_t2.obj (.text)
                  00002a10    000000f4     graphics.obj (.text:drawLine)
                  00002b04    000000dc     tasks.obj (.text:xTaskGenericCreate)
                  00002be0    000000d8     tiva.obj (.text:initTiva)
                  00002cb8    000000d4     tasks.obj (.text:xTaskResumeAll)
                  00002d8c    000000c8     led_task.obj (.text:LEDTaskInit)
                  00002e54    000000c6     queue.obj (.text:xQueueGenericSend)
                  00002f1a    00000002     startup_ccs.obj (.text:NmiSR)
                  00002f1c    000000c0     rgb.obj (.text:RGBEnable)
                  00002fdc    000000be     rtsv7M4_T_le_v4SPD16_eabi.lib : xdnorm.obj (.text)
                  0000309a    000000bc     graphics.obj (.text:drawCircle)
                  00003156    00000002     freertos_demo.obj (.text:vApplicationStackOverflowHook)
                  00003158    000000ac     heap_2.obj (.text:pvPortMalloc)
                  00003204    000000a6     portasm.obj (.text)
                  000032aa    00000002     --HOLE-- [fill = 0]
                  000032ac    000000a0     tasks.obj (.text:vTaskSwitchContext)
                  0000334c    0000009c     rtsv7M4_T_le_v4SPD16_eabi.lib : memcpy_t2.obj (.text)
                  000033e8    00000098     screen_task.obj (.text:changeDate)
                  00003480    00000090     rgb.obj (.text:RGBColorSet)
                  00003510    0000008c     buttons.obj (.text:ButtonsPoll)
                  0000359c    0000008c     led_task.obj (.text:LEDTask)
                  00003628    00000086     rtsv7M4_T_le_v4SPD16_eabi.lib : fd_cmp_t2.obj (.text:__aeabi_cdcmple)
                  000036ae    00000002     --HOLE-- [fill = 0]
                  000036b0    0000007c     screen_task.obj (.text:changeTime)
                  0000372c    0000007a     rtsv7M4_T_le_v4SPD16_eabi.lib : memset_t2.obj (.text)
                  000037a6    00000002     --HOLE-- [fill = 0]
                  000037a8    00000078     freertos_demo.obj (.text:main)
                  00003820    00000072     queue.obj (.text:xQueueGenericReset)
                  00003892    00000070     screen_task.obj (.text:checkDate)
                  00003902    00000002     --HOLE-- [fill = 0]
                  00003904    00000070     tasks.obj (.text:vTaskPriorityInherit)
                  00003974    00000070     tasks.obj (.text:xTaskRemoveFromEventList)
                  000039e4    0000006c     queue.obj (.text:prvCopyDataToQueue)
                  00003a50    0000006c     rtsv7M4_T_le_v4SPD16_eabi.lib : autoinit.obj (.text)
                  00003abc    0000006a                                   : copy_decompress_rle.obj (.text)
                  00003b26    00000002     --HOLE-- [fill = 0]
                  00003b28    00000068     buttons.obj (.text:ButtonsInit)
                  00003b90    00000068     rgb.obj (.text:RGBDisable)
                  00003bf8    00000064     freertos_demo.obj (.text:ConfigureUART)
                  00003c5c    00000062     queue.obj (.text:prvUnlockQueue)
                  00003cbe    00000002     --HOLE-- [fill = 0]
                  00003cc0    00000060     uartstdio.obj (.text:UARTStdioConfig)
                  00003d20    00000060     tasks.obj (.text:prvInitialiseTaskLists)
                  00003d80    0000005c     graphics.obj (.text:clearScreen)
                  00003ddc    0000005c     screen_task.obj (.text:hardcodeParams)
                  00003e38    0000005c     tasks.obj (.text:vTaskDelayUntil)
                  00003e94    00000058     graphics.obj (.text:drawCharLg)
                  00003eec    00000058     graphics.obj (.text:drawCharSm)
                  00003f44    00000058     tasks.obj (.text:prvCheckTasksWaitingTermination)
                  00003f9c    00000054     graphics.obj (.text:drawCharMd)
                  00003ff0    00000054     lcd.obj (.text:gammaAdjustmentST7735)
                  00004044    00000054     tasks.obj (.text:xTaskCheckForTimeOut)
                  00004098    00000052     graphics.obj (.text:drawString)
                  000040ea    00000002     --HOLE-- [fill = 0]
                  000040ec    00000050     rtsv7M4_T_le_v4SPD16_eabi.lib : boot.obj (.text)
                  0000413c    0000004e     tasks.obj (.text:prvInitialiseTCBVariables)
                  0000418a    0000004e     lcd.obj (.text:setArea)
                  000041d8    0000004e     queue.obj (.text:xQueueGenericCreate)
                  00004226    00000002     --HOLE-- [fill = 0]
                  00004228    0000004d     screen_task.obj (.text:stopScreen)
                  00004275    00000003     --HOLE-- [fill = 0]
                  00004278    0000004c     switch_task.obj (.text:SwitchTaskInit)
                  000042c4    0000004c     tasks.obj (.text:prvAddCurrentTaskToDelayedList)
                  00004310    0000004c     rtsv7M4_T_le_v4SPD16_eabi.lib : cpy_tbl.obj (.text)
                  0000435c    0000004c     queue.obj (.text:xQueueCreateMutex)
                  000043a8    00000048     uartstdio.obj (.text:UARTwrite)
                  000043f0    00000048     rtsv7M4_T_le_v4SPD16_eabi.lib : fd_toi_t2.obj (.text)
                  00004438    00000048     tasks.obj (.text:vTaskPriorityDisinherit)
                  00004480    00000048     tasks.obj (.text:vTaskStartScheduler)
                  000044c8    00000044     rtsv7M4_T_le_v4SPD16_eabi.lib : exit.obj (.text)
                  0000450c    00000044     heap_2.obj (.text:vPortFree)
                  00004550    00000044     tasks.obj (.text:vTaskPlaceOnEventList)
                  00004594    00000042     rtsv7M4_T_le_v4SPD16_eabi.lib : u_divt2.obj (.text)
                  000045d6    00000002     --HOLE-- [fill = 0]
                  000045d8    00000040     screen_task.obj (.text:changeDiam)
                  00004618    00000040     rtsv7M4_T_le_v4SPD16_eabi.lib : signal.obj (.text)
                  00004658    00000040     port.obj (.text:xPortStartScheduler)
                  00004698    0000003e     lcd.obj (.text:initLCD)
                  000046d6    00000002     --HOLE-- [fill = 0]
                  000046d8    0000003c     screen_task.obj (.text:changeMass)
                  00004714    0000003c     graphics.obj (.text:fillRect)
                  00004750    0000003c     lcd.obj (.text:setOrientation)
                  0000478c    00000038     tasks.obj (.text:prvAllocateTCBAndStack)
                  000047c4    00000038     list.obj (.text:vListInsert)
                  000047fc    00000034     rtsv7M4_T_le_v4SPD16_eabi.lib : feraiseexcept.obj (.text)
                  00004830    00000034     tiva.obj (.text:writeCommand)
                  00004864    00000034     tiva.obj (.text:writeData)
                  00004898    00000030     heap_2.obj (.text:prvHeapInit)
                  000048c8    00000030     rtsv7M4_T_le_v4SPD16_eabi.lib : xferaise.obj (.text)
                  000048f8    0000002e                                   : i_tofd_t2.obj (.text)
                  00004926    0000002e                                   : raise.obj (.text)
                  00004954    0000002a     ustdlib.obj (.text:ustrncpy)
                  0000497e    00000028     queue.obj (.text:prvCopyDataFromQueue)
                  000049a6    00000002     --HOLE-- [fill = 0]
                  000049a8    00000024     graphics.obj (.text:drawPixel)
                  000049cc    00000022     tiva.obj (.text:delay)
                  000049ee    00000022     port.obj (.text:pxPortInitialiseStack)
                  00004a10    00000022     rtsv7M4_T_le_v4SPD16_eabi.lib : memcmp.obj (.text)
                  00004a32    00000022     list.obj (.text:uxListRemove)
                  00004a54    0000001c     queue.obj (.text:prvIsQueueFull)
                  00004a70    0000001c     port.obj (.text:xPortSysTickHandler)
                  00004a8c    0000001a     uartstdio.obj (.text:UARTprintf)
                  00004aa6    0000001a     queue.obj (.text:prvIsQueueEmpty)
                  00004ac0    0000001a     rtsv7M4_T_le_v4SPD16_eabi.lib : cos.obj (.text)
                  00004ada    0000001a                                   : sin.obj (.text)
                  00004af4    0000001a     ustdlib.obj (.text:usnprintf)
                  00004b0e    00000002     --HOLE-- [fill = 0]
                  00004b10    00000018     rtsv7M4_T_le_v4SPD16_eabi.lib : args_main.obj (.text)
                  00004b28    00000018     list.obj (.text:vListInsertEnd)
                  00004b40    00000018     tasks.obj (.text:vTaskSetTimeOutState)
                  00004b58    00000018     tasks.obj (.text:xTaskGetTickCount)
                  00004b70    00000016     list.obj (.text:vListInitialise)
                  00004b86    00000002     --HOLE-- [fill = 0]
                  00004b88    00000014     rgb.obj (.text:RGBIntensitySet)
                  00004b9c    00000014     lcd.obj (.text:getScreenHeight)
                  00004bb0    00000014     lcd.obj (.text:getScreenWidth)
                  00004bc4    00000014     port.obj (.text:prvSetupTimerInterrupt)
                  00004bd8    00000014     rtsv7M4_T_le_v4SPD16_eabi.lib : _lock.obj (.text)
                  00004bec    00000014     graphics.obj (.text:setBackgroundColor)
                  00004c00    00000014     graphics.obj (.text:setColor)
                  00004c14    00000014     port.obj (.text:vPortEnterCritical)
                  00004c28    00000014     port.obj (.text:vPortExitCritical)
                  00004c3c    00000012     tasks.obj (.text:prvDeleteTCB)
                  00004c4e    00000002     --HOLE-- [fill = 0]
                  00004c50    00000010     port.obj (.text:vPortYield)
                  00004c60    00000010     tasks.obj (.text:vTaskSuspendAll)
                  00004c70    0000000e     rtsv7M4_T_le_v4SPD16_eabi.lib : copy_decompress_none.obj (.text:decompress:none)
                  00004c7e    0000000c                                   : copy_zero_init.obj (.text:decompress:ZI)
                  00004c8a    00000002     --HOLE-- [fill = 0]
                  00004c8c    0000000c     tasks.obj (.text:vTaskMissedYield)
                  00004c98    0000000c     tasks.obj (.text:xTaskGetCurrentTaskHandle)
                  00004ca4    00000008     tasks.obj (.text:prvIdleTask)
                  00004cac    00000006     startup_ccs.obj (.text:ResetISR)
                  00004cb2    00000006     driverlib.lib : uart.obj (.text:UARTClockSourceSet)
                  00004cb8    00000006     rtsv7M4_T_le_v4SPD16_eabi.lib : copy_decompress_rle.obj (.text:decompress:rle24)
                  00004cbe    00000006     list.obj (.text:vListInitialiseItem)
                  00004cc4    00000004     rtsv7M4_T_le_v4SPD16_eabi.lib : pre_init.obj (.text)

.const     0    00004cc8    000017d2     
                  00004cc8    00001054     graphics.obj (.const:font_11x16)
                  00005d1c    00000474     graphics.obj (.const:font_8x12)
                  00006190    000001e0     graphics.obj (.const:font_5x7)
                  00006370    00000080     rtsv7M4_T_le_v4SPD16_eabi.lib : xsin.obj (.const)
                  000063f0    00000048     screen_task.obj (.const:.string)
                  00006438    00000020     lcd.obj (.const:.string)
                  00006458    0000001c     uartstdio.obj (.const)
                  00006474    00000014     tasks.obj (.const:.string)
                  00006488    00000012     uartstdio.obj (.const:.string)

.cinit     0    000064a0    00000088     
                  000064a0    00000062     (.cinit..data.load) [load image, compression = rle]
                  00006502    00000002     --HOLE-- [fill = 0]
                  00006504    0000000c     (__TI_handler_table)
                  00006510    00000008     (.cinit..bss.load) [load image, compression = zero_init]
                  00006518    00000010     (__TI_cinit_table)

.init_array 
*          0    00000000    00000000     UNINITIALIZED

.bss       0    20000000    00007705     UNINITIALIZED
                  20000000    00007530     heap_2.obj (.bss:ucHeap)
                  20007530    00000140     tasks.obj (.bss:pxReadyTasksLists)
                  20007670    00000014     (.common:xDelayedTaskList1)
                  20007684    00000014     (.common:xDelayedTaskList2)
                  20007698    00000014     (.common:xPendingReadyList)
                  200076ac    00000014     (.common:xSuspendedTaskList)
                  200076c0    00000014     (.common:xTasksWaitingTermination)
                  200076d4    0000000c     (.common:g_ui32Colors)
                  200076e0    00000008     (.common:xEnd)
                  200076e8    00000008     (.common:xStart)
                  200076f0    00000004     (.common:g_pLEDQueue)
                  200076f4    00000004     (.common:g_pScreenQueue)
                  200076f8    00000004     (.common:g_pUARTSemaphore)
                  200076fc    00000004     (.common:pxDelayedTaskList)
                  20007700    00000004     (.common:pxOverflowDelayedTaskList)
                  20007704    00000001     (.common:g_ui8ColorsIndx)

.TI.noinit 
*          0    20000000    00000000     UNINITIALIZED

.stack     0    20007708    00000700     UNINITIALIZED
                  20007708    00000700     --HOLE--

.data      0    20007e08    000001d1     UNINITIALIZED
                  20007e08    000000b0     rtsv7M4_T_le_v4SPD16_eabi.lib : signal.obj (.data:sigtable)
                  20007eb8    00000080                                   : xvalues.obj (.data)
                  20007f38    00000030     tasks.obj (.data)
                  20007f68    00000028     screen_task.obj (.data)
                  20007f90    0000000c     led_task.obj (.data)
                  20007f9c    00000008     heap_2.obj (.data)
                  20007fa4    00000008     rtsv7M4_T_le_v4SPD16_eabi.lib : _lock.obj (.data)
                  20007fac    00000008                                   : exit.obj (.data)
                  20007fb4    00000008                                   : feraiseexcept.obj (.data)
                  20007fbc    00000005     uartstdio.obj (.data)
                  20007fc1    00000004     graphics.obj (.data)
                  20007fc5    00000003     buttons.obj (.data)
                  20007fc8    00000004     port.obj (.data)
                  20007fcc    00000004     rgb.obj (.data)
                  20007fd0    00000004     rtsv7M4_T_le_v4SPD16_eabi.lib : errno.obj (.data)
                  20007fd4    00000004                                   : stkdepth_vars.obj (.data)
                  20007fd8    00000001     lcd.obj (.data)

.TI.persistent 
*          0    20007e08    00000000     UNINITIALIZED


LINKER GENERATED COPY TABLES

__TI_cinit_table @ 00006518 records: 2, size/record: 8, table size: 16
	.data: load addr=000064a0, load size=00000062 bytes, run addr=20007e08, run size=000001d1 bytes, compression=rle
	.bss: load addr=00006510, load size=00000008 bytes, run addr=20000000, run size=00007705 bytes, compression=zero_init


LINKER GENERATED HANDLER TABLE

__TI_handler_table @ 00006504 records: 3, size/record: 4, table size: 12
	index: 0, handler: __TI_decompress_rle24
	index: 1, handler: __TI_decompress_none
	index: 2, handler: __TI_zero_init


GLOBAL SYMBOLS: SORTED ALPHABETICALLY BY Name 

address   name                         
-------   ----                         
00003b29  ButtonsInit                  
00003511  ButtonsPoll                  
000044c9  C$$EXIT                      
00003bf9  ConfigureUART                
00002d8d  LEDTaskInit                  
00003481  RGBColorSet                  
00003b91  RGBDisable                   
00002f1d  RGBEnable                    
00002715  RGBInit                      
00004b89  RGBIntensitySet              
00004cad  ResetISR                     
UNDEFED   SHT$$INIT_ARRAY$$Base        
UNDEFED   SHT$$INIT_ARRAY$$Limit       
000019f1  ScreenTaskInit               
00004279  SwitchTaskInit               
00004cb3  UARTClockSourceSet           
00003cc1  UARTStdioConfig              
00004a8d  UARTprintf                   
00001651  UARTvprintf                  
000043a9  UARTwrite                    
20007eb8  _Denorm                      
00002fdd  _Dnorm                       
00002605  _Dscale                      
20007ec8  _Eps                         
20007fd0  _Errno                       
20007fb4  _Fenv                        
000048c9  _Feraise                     
20007ed8  _Hugeval                     
20007ee8  _Inf                         
20007ef8  _Nan                         
20007f18  _Rteps                       
00000f6d  _Sin                         
20007f08  _Snan                        
20007fb8  _Tls_setup__Fenv             
20007f28  _Xbig                        
20007f30  _Zero                        
20007e08  __STACK_END                  
00000700  __STACK_SIZE                 
20007908  __STACK_TOP                  
00006518  __TI_CINIT_Base              
00006528  __TI_CINIT_Limit             
00006504  __TI_Handler_Table_Base      
00006510  __TI_Handler_Table_Limit     
00003a51  __TI_auto_init               
20007fac  __TI_cleanup_ptr             
00004c71  __TI_decompress_none         
00004cb9  __TI_decompress_rle24        
20007fb0  __TI_dtors_ptr               
00000000  __TI_static_base__           
00004c7f  __TI_zero_init               
00003629  __aeabi_cdcmpeq              
00003629  __aeabi_cdcmple              
000043f1  __aeabi_d2iz                 
00001845  __aeabi_dadd                 
00002295  __aeabi_ddiv                 
00002915  __aeabi_dmul                 
0000183b  __aeabi_dsub                 
000048f9  __aeabi_i2d                  
0000372d  __aeabi_memclr               
0000372d  __aeabi_memclr4              
0000372d  __aeabi_memclr8              
0000334d  __aeabi_memcpy               
0000334d  __aeabi_memcpy4              
0000334d  __aeabi_memcpy8              
0000372f  __aeabi_memset               
0000372f  __aeabi_memset4              
0000372f  __aeabi_memset8              
00004595  __aeabi_uidiv                
00004595  __aeabi_uidivmod             
ffffffff  __binit__                    
ffffffff  __c_args__                   
20007708  __stack                      
00004b11  _args_main                   
000040ed  _c_int00                     
20007fa4  _lock                        
00004be7  _nop                         
20007fd8  _orientation                 
00004bdf  _register_lock               
00004bd9  _register_unlock             
00004cc5  _system_pre_init             
20007fa8  _unlock                      
000044cd  abort                        
20007f6c  accel                        
20007f84  adOption                     
00001fd5  algDgtScreen                 
20007fc4  bgColorHighByte              
20007fc3  bgColorLowByte               
ffffffff  binit                        
000033e9  changeDate                   
000045d9  changeDiam                   
000046d9  changeMass                   
000036b1  changeTime                   
00003893  checkDate                    
00003d81  clearScreen                  
20007fc2  colorHighByte                
20007fc1  colorLowByte                 
00004311  copy_in                      
00004ac1  cos                          
000049cd  delay                        
00001d0d  diaMassScreen                
20007f78  dir                          
20007f8c  dmOption                     
00003e95  drawCharLg                   
00003f9d  drawCharMd                   
00003eed  drawCharSm                   
0000309b  drawCircle                   
00002a11  drawLine                     
000049a9  drawPixel                    
00004099  drawString                   
000044d5  exit                         
000047fd  feraiseexcept                
00004715  fillRect                     
00001b99  fmod                         
00004cc8  font_11x16                   
00006190  font_5x7                     
00005d1c  font_8x12                    
20007f70  gForce                       
200076f0  g_pLEDQueue                  
200076f4  g_pScreenQueue               
200076f8  g_pUARTSemaphore             
00000000  g_pfnVectors                 
00003ff1  gammaAdjustmentST7735        
00004b9d  getScreenHeight              
00004bb1  getScreenWidth               
00003ddd  hardcodeParams               
00004699  initLCD                      
00002be1  initTiva                     
000037a9  main                         
20007fd4  main_func_sp                 
00004a11  memcmp                       
0000334d  memcpy                       
00003735  memset                       
20007f80  menuOption                   
00001451  menuScreen                   
20007f74  odom                         
00003159  pvPortMalloc                 
20007f38  pxCurrentTCB                 
000049ef  pxPortInitialiseStack        
00004927  raise                        
0000418b  setArea                      
00004bed  setBackgroundColor           
00004c01  setColor                     
00004751  setOrientation               
000005f1  showAnalogAccel              
00000c49  showAnalogGForce             
00000921  showAnalogSpeed              
000023cd  showDigital                  
00004619  signal                       
00004adb  sin                          
20007f68  speed                        
20007f7c  state                        
00004229  stopScreen                   
20007f88  tdOption                     
00002135  timDatScreen                 
00004af5  usnprintf                    
00004955  ustrncpy                     
00001201  uvsnprintf                   
00004a33  uxListRemove                 
00003157  vApplicationStackOverflowHook
00004b71  vListInitialise              
00004cbf  vListInitialiseItem          
000047c5  vListInsert                  
00004b29  vListInsertEnd               
00003261  vPortClearInterruptMask      
00003299  vPortEnableVFP               
00004c15  vPortEnterCritical           
00004c29  vPortExitCritical            
0000450d  vPortFree                    
0000326b  vPortSVCHandler              
00003257  vPortSetInterruptMask        
00003285  vPortStartFirstTask          
00004c51  vPortYield                   
00003e39  vTaskDelayUntil              
00004c8d  vTaskMissedYield             
00004551  vTaskPlaceOnEventList        
00004439  vTaskPriorityDisinherit      
00003905  vTaskPriorityInherit         
00004b41  vTaskSetTimeOutState         
00004481  vTaskStartScheduler          
00004c61  vTaskSuspendAll              
000032ad  vTaskSwitchContext           
00004831  writeCommand                 
00004865  writeData                    
00003209  xPortPendSVHandler           
00004659  xPortStartScheduler          
00004a71  xPortSysTickHandler          
0000435d  xQueueCreateMutex            
000041d9  xQueueGenericCreate          
00002815  xQueueGenericReceive         
00003821  xQueueGenericReset           
00002e55  xQueueGenericSend            
00004045  xTaskCheckForTimeOut         
00002b05  xTaskGenericCreate           
00004c99  xTaskGetCurrentTaskHandle    
00004b59  xTaskGetTickCount            
000024e9  xTaskIncrementTick           
00003975  xTaskRemoveFromEventList     
00002cb9  xTaskResumeAll               


GLOBAL SYMBOLS: SORTED BY Symbol Address 

address   name                         
-------   ----                         
00000000  __TI_static_base__           
00000000  g_pfnVectors                 
000005f1  showAnalogAccel              
00000700  __STACK_SIZE                 
00000921  showAnalogSpeed              
00000c49  showAnalogGForce             
00000f6d  _Sin                         
00001201  uvsnprintf                   
00001451  menuScreen                   
00001651  UARTvprintf                  
0000183b  __aeabi_dsub                 
00001845  __aeabi_dadd                 
000019f1  ScreenTaskInit               
00001b99  fmod                         
00001d0d  diaMassScreen                
00001fd5  algDgtScreen                 
00002135  timDatScreen                 
00002295  __aeabi_ddiv                 
000023cd  showDigital                  
000024e9  xTaskIncrementTick           
00002605  _Dscale                      
00002715  RGBInit                      
00002815  xQueueGenericReceive         
00002915  __aeabi_dmul                 
00002a11  drawLine                     
00002b05  xTaskGenericCreate           
00002be1  initTiva                     
00002cb9  xTaskResumeAll               
00002d8d  LEDTaskInit                  
00002e55  xQueueGenericSend            
00002f1d  RGBEnable                    
00002fdd  _Dnorm                       
0000309b  drawCircle                   
00003157  vApplicationStackOverflowHook
00003159  pvPortMalloc                 
00003209  xPortPendSVHandler           
00003257  vPortSetInterruptMask        
00003261  vPortClearInterruptMask      
0000326b  vPortSVCHandler              
00003285  vPortStartFirstTask          
00003299  vPortEnableVFP               
000032ad  vTaskSwitchContext           
0000334d  __aeabi_memcpy               
0000334d  __aeabi_memcpy4              
0000334d  __aeabi_memcpy8              
0000334d  memcpy                       
000033e9  changeDate                   
00003481  RGBColorSet                  
00003511  ButtonsPoll                  
00003629  __aeabi_cdcmpeq              
00003629  __aeabi_cdcmple              
000036b1  changeTime                   
0000372d  __aeabi_memclr               
0000372d  __aeabi_memclr4              
0000372d  __aeabi_memclr8              
0000372f  __aeabi_memset               
0000372f  __aeabi_memset4              
0000372f  __aeabi_memset8              
00003735  memset                       
000037a9  main                         
00003821  xQueueGenericReset           
00003893  checkDate                    
00003905  vTaskPriorityInherit         
00003975  xTaskRemoveFromEventList     
00003a51  __TI_auto_init               
00003b29  ButtonsInit                  
00003b91  RGBDisable                   
00003bf9  ConfigureUART                
00003cc1  UARTStdioConfig              
00003d81  clearScreen                  
00003ddd  hardcodeParams               
00003e39  vTaskDelayUntil              
00003e95  drawCharLg                   
00003eed  drawCharSm                   
00003f9d  drawCharMd                   
00003ff1  gammaAdjustmentST7735        
00004045  xTaskCheckForTimeOut         
00004099  drawString                   
000040ed  _c_int00                     
0000418b  setArea                      
000041d9  xQueueGenericCreate          
00004229  stopScreen                   
00004279  SwitchTaskInit               
00004311  copy_in                      
0000435d  xQueueCreateMutex            
000043a9  UARTwrite                    
000043f1  __aeabi_d2iz                 
00004439  vTaskPriorityDisinherit      
00004481  vTaskStartScheduler          
000044c9  C$$EXIT                      
000044cd  abort                        
000044d5  exit                         
0000450d  vPortFree                    
00004551  vTaskPlaceOnEventList        
00004595  __aeabi_uidiv                
00004595  __aeabi_uidivmod             
000045d9  changeDiam                   
00004619  signal                       
00004659  xPortStartScheduler          
00004699  initLCD                      
000046d9  changeMass                   
00004715  fillRect                     
00004751  setOrientation               
000047c5  vListInsert                  
000047fd  feraiseexcept                
00004831  writeCommand                 
00004865  writeData                    
000048c9  _Feraise                     
000048f9  __aeabi_i2d                  
00004927  raise                        
00004955  ustrncpy                     
000049a9  drawPixel                    
000049cd  delay                        
000049ef  pxPortInitialiseStack        
00004a11  memcmp                       
00004a33  uxListRemove                 
00004a71  xPortSysTickHandler          
00004a8d  UARTprintf                   
00004ac1  cos                          
00004adb  sin                          
00004af5  usnprintf                    
00004b11  _args_main                   
00004b29  vListInsertEnd               
00004b41  vTaskSetTimeOutState         
00004b59  xTaskGetTickCount            
00004b71  vListInitialise              
00004b89  RGBIntensitySet              
00004b9d  getScreenHeight              
00004bb1  getScreenWidth               
00004bd9  _register_unlock             
00004bdf  _register_lock               
00004be7  _nop                         
00004bed  setBackgroundColor           
00004c01  setColor                     
00004c15  vPortEnterCritical           
00004c29  vPortExitCritical            
00004c51  vPortYield                   
00004c61  vTaskSuspendAll              
00004c71  __TI_decompress_none         
00004c7f  __TI_zero_init               
00004c8d  vTaskMissedYield             
00004c99  xTaskGetCurrentTaskHandle    
00004cad  ResetISR                     
00004cb3  UARTClockSourceSet           
00004cb9  __TI_decompress_rle24        
00004cbf  vListInitialiseItem          
00004cc5  _system_pre_init             
00004cc8  font_11x16                   
00005d1c  font_8x12                    
00006190  font_5x7                     
00006504  __TI_Handler_Table_Base      
00006510  __TI_Handler_Table_Limit     
00006518  __TI_CINIT_Base              
00006528  __TI_CINIT_Limit             
200076f0  g_pLEDQueue                  
200076f4  g_pScreenQueue               
200076f8  g_pUARTSemaphore             
20007708  __stack                      
20007908  __STACK_TOP                  
20007e08  __STACK_END                  
20007eb8  _Denorm                      
20007ec8  _Eps                         
20007ed8  _Hugeval                     
20007ee8  _Inf                         
20007ef8  _Nan                         
20007f08  _Snan                        
20007f18  _Rteps                       
20007f28  _Xbig                        
20007f30  _Zero                        
20007f38  pxCurrentTCB                 
20007f68  speed                        
20007f6c  accel                        
20007f70  gForce                       
20007f74  odom                         
20007f78  dir                          
20007f7c  state                        
20007f80  menuOption                   
20007f84  adOption                     
20007f88  tdOption                     
20007f8c  dmOption                     
20007fa4  _lock                        
20007fa8  _unlock                      
20007fac  __TI_cleanup_ptr             
20007fb0  __TI_dtors_ptr               
20007fb4  _Fenv                        
20007fb8  _Tls_setup__Fenv             
20007fc1  colorLowByte                 
20007fc2  colorHighByte                
20007fc3  bgColorLowByte               
20007fc4  bgColorHighByte              
20007fd0  _Errno                       
20007fd4  main_func_sp                 
20007fd8  _orientation                 
ffffffff  __binit__                    
ffffffff  __c_args__                   
ffffffff  binit                        
UNDEFED   SHT$$INIT_ARRAY$$Base        
UNDEFED   SHT$$INIT_ARRAY$$Limit       

[198 symbols]
